[0.617s][info][gc,start    ] GC(0) Pause Young (Normal) (G1 Evacuation Pause)
[0.626s][info][gc,task     ] GC(0) Using 6 workers of 13 for evacuation
[0.636s][info][gc,phases   ] GC(0)   Pre Evacuate Collection Set: 0.6ms
[0.636s][info][gc,phases   ] GC(0)   Merge Heap Roots: 0.6ms
[0.636s][info][gc,phases   ] GC(0)   Evacuate Collection Set: 6.5ms
[0.637s][info][gc,phases   ] GC(0)   Post Evacuate Collection Set: 1.3ms
[0.637s][info][gc,phases   ] GC(0)   Other: 4.9ms
[0.637s][info][gc,heap     ] GC(0) Eden regions: 11->0(11)
[0.637s][info][gc,heap     ] GC(0) Survivor regions: 0->2(2)
[0.637s][info][gc,heap     ] GC(0) Old regions: 1->3
[0.638s][info][gc,heap     ] GC(0) Humongous regions: 2->2
[0.638s][info][gc,metaspace] GC(0) Metaspace: 10781K(11008K)->10781K(11008K) NonClass: 9786K(9920K)->9786K(9920K) Class: 995K(1088K)->995K(1088K)
[0.638s][info][gc          ] GC(0) Pause Young (Normal) (G1 Evacuation Pause) 27M->12M(258M) 20.886ms
[0.639s][info][gc,cpu      ] GC(0) User=0.03s Sys=0.03s Real=0.02s
[0.868s][info][gc,start    ] GC(1) Pause Young (Normal) (G1 Evacuation Pause)
[0.868s][info][gc,task     ] GC(1) Using 6 workers of 13 for evacuation
[0.879s][info][gc,phases   ] GC(1)   Pre Evacuate Collection Set: 0.5ms
[0.879s][info][gc,phases   ] GC(1)   Merge Heap Roots: 0.2ms
[0.880s][info][gc,phases   ] GC(1)   Evacuate Collection Set: 8.6ms
[0.880s][info][gc,phases   ] GC(1)   Post Evacuate Collection Set: 1.5ms
[0.880s][info][gc,phases   ] GC(1)   Other: 0.4ms
[0.880s][info][gc,heap     ] GC(1) Eden regions: 11->0(24)
[0.880s][info][gc,heap     ] GC(1) Survivor regions: 2->2(2)
[0.881s][info][gc,heap     ] GC(1) Old regions: 3->8
[0.881s][info][gc,heap     ] GC(1) Humongous regions: 2->2
[0.881s][info][gc,metaspace] GC(1) Metaspace: 16202K(16512K)->16202K(16512K) NonClass: 14635K(14784K)->14635K(14784K) Class: 1567K(1728K)->1567K(1728K)
[0.881s][info][gc          ] GC(1) Pause Young (Normal) (G1 Evacuation Pause) 34M->22M(258M) 13.780ms
[0.882s][info][gc,cpu      ] GC(1) User=0.02s Sys=0.03s Real=0.02s
[1.254s][info][gc,start    ] GC(2) Pause Young (Concurrent Start) (Metadata GC Threshold)
[1.254s][info][gc,task     ] GC(2) Using 6 workers of 13 for evacuation
[1.277s][info][gc,phases   ] GC(2)   Pre Evacuate Collection Set: 0.5ms
[1.277s][info][gc,phases   ] GC(2)   Merge Heap Roots: 0.2ms
[1.278s][info][gc,phases   ] GC(2)   Evacuate Collection Set: 15.7ms
[1.278s][info][gc,phases   ] GC(2)   Post Evacuate Collection Set: 5.2ms
[1.279s][info][gc,phases   ] GC(2)   Other: 0.7ms
[1.279s][info][gc,heap     ] GC(2) Eden regions: 13->0(24)
[1.279s][info][gc,heap     ] GC(2) Survivor regions: 2->4(4)
[1.280s][info][gc,heap     ] GC(2) Old regions: 8->11
[1.280s][info][gc,heap     ] GC(2) Humongous regions: 2->2
[1.281s][info][gc,metaspace] GC(2) Metaspace: 21107K(21504K)->21107K(21504K) NonClass: 19043K(19264K)->19043K(19264K) Class: 2063K(2240K)->2063K(2240K)
[1.281s][info][gc          ] GC(2) Pause Young (Concurrent Start) (Metadata GC Threshold) 48M->31M(258M) 27.258ms
[1.282s][info][gc,cpu      ] GC(2) User=0.05s Sys=0.05s Real=0.03s
[1.282s][info][gc          ] GC(3) Concurrent Mark Cycle
[1.283s][info][gc,marking  ] GC(3) Concurrent Scan Root Regions
[1.287s][info][gc,marking  ] GC(3) Concurrent Scan Root Regions 4.037ms
[1.287s][info][gc,marking  ] GC(3) Concurrent Mark
[1.288s][info][gc,marking  ] GC(3) Concurrent Mark From Roots
[1.288s][info][gc,task     ] GC(3) Using 3 workers of 3 for marking
[1.291s][info][gc,marking  ] GC(3) Concurrent Mark From Roots 3.787ms
[1.292s][info][gc,marking  ] GC(3) Concurrent Preclean
[1.293s][info][gc,marking  ] GC(3) Concurrent Preclean 0.750ms
[1.294s][info][gc,start    ] GC(3) Pause Remark
[1.297s][info][gc          ] GC(3) Pause Remark 32M->32M(256M) 3.469ms
[1.298s][info][gc,cpu      ] GC(3) User=0.01s Sys=0.00s Real=0.00s
[1.298s][info][gc,marking  ] GC(3) Concurrent Mark 10.943ms
[1.299s][info][gc,marking  ] GC(3) Concurrent Rebuild Remembered Sets and Scrub Regions
[1.302s][info][gc,marking  ] GC(3) Concurrent Rebuild Remembered Sets and Scrub Regions 3.265ms
[1.302s][info][gc,start    ] GC(3) Pause Cleanup
[1.303s][info][gc          ] GC(3) Pause Cleanup 32M->32M(256M) 0.649ms
[1.303s][info][gc,cpu      ] GC(3) User=0.01s Sys=0.00s Real=0.00s
[1.304s][info][gc,marking  ] GC(3) Concurrent Clear Claimed Marks
[1.304s][info][gc,marking  ] GC(3) Concurrent Clear Claimed Marks 0.409ms
[1.304s][info][gc,marking  ] GC(3) Concurrent Cleanup for Next Mark
[1.307s][info][gc,marking  ] GC(3) Concurrent Cleanup for Next Mark 2.426ms
[1.307s][info][gc          ] GC(3) Concurrent Mark Cycle 25.785ms
[2.190s][info][gc,start    ] GC(4) Pause Young (Prepare Mixed) (G1 Evacuation Pause)
[2.191s][info][gc,task     ] GC(4) Using 6 workers of 13 for evacuation
[2.204s][info][gc,phases   ] GC(4)   Pre Evacuate Collection Set: 0.4ms
[2.204s][info][gc,phases   ] GC(4)   Merge Heap Roots: 0.1ms
[2.204s][info][gc,phases   ] GC(4)   Evacuate Collection Set: 10.0ms
[2.205s][info][gc,phases   ] GC(4)   Post Evacuate Collection Set: 1.8ms
[2.205s][info][gc,phases   ] GC(4)   Other: 0.5ms
[2.205s][info][gc,heap     ] GC(4) Eden regions: 13->0(37)
[2.205s][info][gc,heap     ] GC(4) Survivor regions: 4->3(3)
[2.205s][info][gc,heap     ] GC(4) Old regions: 11->15
[2.206s][info][gc,heap     ] GC(4) Humongous regions: 2->2
[2.206s][info][gc,metaspace] GC(4) Metaspace: 35027K(35648K)->35027K(35648K) NonClass: 31357K(31744K)->31357K(31744K) Class: 3670K(3904K)->3670K(3904K)
[2.206s][info][gc          ] GC(4) Pause Young (Prepare Mixed) (G1 Evacuation Pause) 57M->36M(256M) 15.681ms
[2.206s][info][gc,cpu      ] GC(4) User=0.03s Sys=0.04s Real=0.02s
[2.212s][info][gc,start    ] GC(5) Pause Young (Mixed) (Metadata GC Threshold)
[2.212s][info][gc,task     ] GC(5) Using 6 workers of 13 for evacuation
[2.218s][info][gc,phases   ] GC(5)   Pre Evacuate Collection Set: 0.3ms
[2.218s][info][gc,phases   ] GC(5)   Merge Heap Roots: 0.1ms
[2.219s][info][gc,phases   ] GC(5)   Evacuate Collection Set: 2.6ms
[2.219s][info][gc,phases   ] GC(5)   Post Evacuate Collection Set: 2.1ms
[2.219s][info][gc,phases   ] GC(5)   Other: 0.4ms
[2.220s][info][gc,heap     ] GC(5) Eden regions: 1->0(39)
[2.220s][info][gc,heap     ] GC(5) Survivor regions: 3->3(6)
[2.220s][info][gc,heap     ] GC(5) Old regions: 15->15
[2.220s][info][gc,heap     ] GC(5) Humongous regions: 2->2
[2.220s][info][gc,metaspace] GC(5) Metaspace: 35333K(35968K)->35333K(35968K) NonClass: 31627K(31936K)->31627K(31936K) Class: 3706K(4032K)->3706K(4032K)
[2.221s][info][gc          ] GC(5) Pause Young (Mixed) (Metadata GC Threshold) 36M->36M(312M) 8.494ms
[2.221s][info][gc,cpu      ] GC(5) User=0.01s Sys=0.00s Real=0.01s
[2.229s][info][gc,start    ] GC(6) Pause Young (Concurrent Start) (Metadata GC Threshold)
[2.229s][info][gc,task     ] GC(6) Using 7 workers of 13 for evacuation
[2.236s][info][gc,phases   ] GC(6)   Pre Evacuate Collection Set: 0.4ms
[2.237s][info][gc,phases   ] GC(6)   Merge Heap Roots: 0.3ms
[2.237s][info][gc,phases   ] GC(6)   Evacuate Collection Set: 4.0ms
[2.237s][info][gc,phases   ] GC(6)   Post Evacuate Collection Set: 1.6ms
[2.238s][info][gc,phases   ] GC(6)   Other: 0.7ms
[2.238s][info][gc,heap     ] GC(6) Eden regions: 1->0(82)
[2.238s][info][gc,heap     ] GC(6) Survivor regions: 3->3(6)
[2.238s][info][gc,heap     ] GC(6) Old regions: 15->15
[2.238s][info][gc,heap     ] GC(6) Humongous regions: 2->2
[2.239s][info][gc,metaspace] GC(6) Metaspace: 35662K(36288K)->35662K(36288K) NonClass: 31913K(32256K)->31913K(32256K) Class: 3748K(4032K)->3748K(4032K)
[2.239s][info][gc          ] GC(6) Pause Young (Concurrent Start) (Metadata GC Threshold) 36M->36M(312M) 10.751ms
[2.240s][info][gc,cpu      ] GC(6) User=0.03s Sys=0.01s Real=0.02s
[2.240s][info][gc          ] GC(7) Concurrent Mark Cycle
[2.240s][info][gc,marking  ] GC(7) Concurrent Scan Root Regions
[2.244s][info][gc,marking  ] GC(7) Concurrent Scan Root Regions 3.467ms
[2.245s][info][gc,marking  ] GC(7) Concurrent Mark
[2.246s][info][gc,marking  ] GC(7) Concurrent Mark From Roots
[2.247s][info][gc,task     ] GC(7) Using 3 workers of 3 for marking
[2.296s][info][gc,marking  ] GC(7) Concurrent Mark From Roots 50.059ms
[2.297s][info][gc,marking  ] GC(7) Concurrent Preclean
[2.298s][info][gc,marking  ] GC(7) Concurrent Preclean 0.736ms
[2.299s][info][gc,start    ] GC(7) Pause Remark
[2.303s][info][gc          ] GC(7) Pause Remark 37M->37M(256M) 4.120ms
[2.303s][info][gc,cpu      ] GC(7) User=0.01s Sys=0.00s Real=0.00s
[2.304s][info][gc,marking  ] GC(7) Concurrent Mark 58.459ms
[2.304s][info][gc,marking  ] GC(7) Concurrent Rebuild Remembered Sets and Scrub Regions
[2.320s][info][gc,marking  ] GC(7) Concurrent Rebuild Remembered Sets and Scrub Regions 15.393ms
[2.321s][info][gc,start    ] GC(7) Pause Cleanup
[2.322s][info][gc          ] GC(7) Pause Cleanup 38M->38M(256M) 0.888ms
[2.322s][info][gc,cpu      ] GC(7) User=0.00s Sys=0.00s Real=0.00s
[2.323s][info][gc,marking  ] GC(7) Concurrent Clear Claimed Marks
[2.324s][info][gc,marking  ] GC(7) Concurrent Clear Claimed Marks 0.777ms
[2.325s][info][gc,marking  ] GC(7) Concurrent Cleanup for Next Mark
[2.328s][info][gc,marking  ] GC(7) Concurrent Cleanup for Next Mark 3.348ms
[2.329s][info][gc          ] GC(7) Concurrent Mark Cycle 88.846ms
[3.154s][info][gc,start    ] GC(8) Pause Young (Prepare Mixed) (Metadata GC Threshold)
[3.154s][info][gc,task     ] GC(8) Using 8 workers of 13 for evacuation
[3.179s][info][gc,phases   ] GC(8)   Pre Evacuate Collection Set: 0.4ms
[3.180s][info][gc,phases   ] GC(8)   Merge Heap Roots: 0.2ms
[3.180s][info][gc,phases   ] GC(8)   Evacuate Collection Set: 21.2ms
[3.180s][info][gc,phases   ] GC(8)   Post Evacuate Collection Set: 2.8ms
[3.180s][info][gc,phases   ] GC(8)   Other: 0.3ms
[3.180s][info][gc,heap     ] GC(8) Eden regions: 29->0(63)
[3.181s][info][gc,heap     ] GC(8) Survivor regions: 3->7(10)
[3.181s][info][gc,heap     ] GC(8) Old regions: 15->15
[3.181s][info][gc,heap     ] GC(8) Humongous regions: 2->2
[3.181s][info][gc,metaspace] GC(8) Metaspace: 61263K(62336K)->61263K(62336K) NonClass: 54488K(55104K)->54488K(55104K) Class: 6775K(7232K)->6775K(7232K)
[3.182s][info][gc          ] GC(8) Pause Young (Prepare Mixed) (Metadata GC Threshold) 93M->43M(256M) 27.770ms
[3.182s][info][gc,cpu      ] GC(8) User=0.09s Sys=0.08s Real=0.03s
[3.197s][info][gc,start    ] GC(9) Pause Young (Mixed) (Metadata GC Threshold)
[3.198s][info][gc,task     ] GC(9) Using 8 workers of 13 for evacuation
[3.208s][info][gc,phases   ] GC(9)   Pre Evacuate Collection Set: 0.3ms
[3.209s][info][gc,phases   ] GC(9)   Merge Heap Roots: 0.2ms
[3.209s][info][gc,phases   ] GC(9)   Evacuate Collection Set: 8.0ms
[3.209s][info][gc,phases   ] GC(9)   Post Evacuate Collection Set: 1.3ms
[3.209s][info][gc,phases   ] GC(9)   Other: 0.4ms
[3.209s][info][gc,heap     ] GC(9) Eden regions: 4->0(63)
[3.210s][info][gc,heap     ] GC(9) Survivor regions: 7->5(9)
[3.210s][info][gc,heap     ] GC(9) Old regions: 15->17
[3.210s][info][gc,heap     ] GC(9) Humongous regions: 2->2
[3.210s][info][gc,metaspace] GC(9) Metaspace: 61615K(62656K)->61615K(62656K) NonClass: 54797K(55424K)->54797K(55424K) Class: 6817K(7232K)->6817K(7232K)
[3.210s][info][gc          ] GC(9) Pause Young (Mixed) (Metadata GC Threshold) 50M->43M(256M) 13.012ms
[3.211s][info][gc,cpu      ] GC(9) User=0.03s Sys=0.03s Real=0.01s
[3.221s][info][gc,start    ] GC(10) Pause Young (Concurrent Start) (Metadata GC Threshold)
[3.221s][info][gc,task     ] GC(10) Using 8 workers of 13 for evacuation
[3.229s][info][gc,phases   ] GC(10)   Pre Evacuate Collection Set: 0.3ms
[3.230s][info][gc,phases   ] GC(10)   Merge Heap Roots: 0.2ms
[3.230s][info][gc,phases   ] GC(10)   Evacuate Collection Set: 4.3ms
[3.230s][info][gc,phases   ] GC(10)   Post Evacuate Collection Set: 2.7ms
[3.230s][info][gc,phases   ] GC(10)   Other: 0.4ms
[3.230s][info][gc,heap     ] GC(10) Eden regions: 2->0(156)
[3.231s][info][gc,heap     ] GC(10) Survivor regions: 5->5(9)
[3.231s][info][gc,heap     ] GC(10) Old regions: 17->17
[3.232s][info][gc,heap     ] GC(10) Humongous regions: 2->2
[3.232s][info][gc,metaspace] GC(10) Metaspace: 61909K(62976K)->61909K(62976K) NonClass: 55050K(55680K)->55050K(55680K) Class: 6858K(7296K)->6858K(7296K)
[3.232s][info][gc          ] GC(10) Pause Young (Concurrent Start) (Metadata GC Threshold) 47M->43M(616M) 11.381ms
[3.232s][info][gc          ] GC(11) Concurrent Mark Cycle
[3.233s][info][gc,marking  ] GC(11) Concurrent Scan Root Regions
[3.233s][info][gc,cpu      ] GC(10) User=0.03s Sys=0.01s Real=0.01s
[3.236s][info][gc,marking  ] GC(11) Concurrent Scan Root Regions 3.396ms
[3.237s][info][gc,marking  ] GC(11) Concurrent Mark
[3.237s][info][gc,marking  ] GC(11) Concurrent Mark From Roots
[3.238s][info][gc,task     ] GC(11) Using 3 workers of 3 for marking
[3.251s][info][gc,marking  ] GC(11) Concurrent Mark From Roots 14.040ms
[3.252s][info][gc,marking  ] GC(11) Concurrent Preclean
[3.253s][info][gc,marking  ] GC(11) Concurrent Preclean 0.921ms
[3.254s][info][gc,start    ] GC(11) Pause Remark
[3.258s][info][gc          ] GC(11) Pause Remark 46M->46M(256M) 3.932ms
[3.258s][info][gc,cpu      ] GC(11) User=0.01s Sys=0.00s Real=0.00s
[3.258s][info][gc,marking  ] GC(11) Concurrent Mark 21.549ms
[3.259s][info][gc,marking  ] GC(11) Concurrent Rebuild Remembered Sets and Scrub Regions
[3.277s][info][gc,marking  ] GC(11) Concurrent Rebuild Remembered Sets and Scrub Regions 18.526ms
[3.278s][info][gc,start    ] GC(11) Pause Cleanup
[3.279s][info][gc          ] GC(11) Pause Cleanup 46M->46M(256M) 0.886ms
[3.280s][info][gc,cpu      ] GC(11) User=0.01s Sys=0.00s Real=0.01s
[3.280s][info][gc,marking  ] GC(11) Concurrent Clear Claimed Marks
[3.281s][info][gc,marking  ] GC(11) Concurrent Clear Claimed Marks 0.665ms
[3.281s][info][gc,marking  ] GC(11) Concurrent Cleanup for Next Mark
[3.283s][info][gc,marking  ] GC(11) Concurrent Cleanup for Next Mark 1.501ms
[3.283s][info][gc          ] GC(11) Concurrent Mark Cycle 50.959ms
[12.114s][info][gc,start    ] GC(12) Pause Young (Prepare Mixed) (G1 Evacuation Pause)
[12.115s][info][gc,task     ] GC(12) Using 13 workers of 13 for evacuation
[12.150s][info][gc,phases   ] GC(12)   Pre Evacuate Collection Set: 0.7ms
[12.150s][info][gc,phases   ] GC(12)   Merge Heap Roots: 0.2ms
[12.151s][info][gc,phases   ] GC(12)   Evacuate Collection Set: 30.3ms
[12.151s][info][gc,phases   ] GC(12)   Post Evacuate Collection Set: 3.2ms
[12.151s][info][gc,phases   ] GC(12)   Other: 0.7ms
[12.152s][info][gc,heap     ] GC(12) Eden regions: 71->0(64)
[12.152s][info][gc,heap     ] GC(12) Survivor regions: 5->10(10)
[12.152s][info][gc,heap     ] GC(12) Old regions: 17->20
[12.152s][info][gc,heap     ] GC(12) Humongous regions: 2->2
[12.152s][info][gc,metaspace] GC(12) Metaspace: 96831K(98304K)->96831K(98304K) NonClass: 85851K(86720K)->85851K(86720K) Class: 10980K(11584K)->10980K(11584K)
[12.153s][info][gc          ] GC(12) Pause Young (Prepare Mixed) (G1 Evacuation Pause) 185M->60M(256M) 38.451ms
[12.153s][info][gc,cpu      ] GC(12) User=0.21s Sys=0.17s Real=0.04s
[13.445s][info][gc,start    ] GC(13) Pause Young (Mixed) (Metadata GC Threshold)
[13.446s][info][gc,task     ] GC(13) Using 13 workers of 13 for evacuation
[13.476s][info][gc,phases   ] GC(13)   Pre Evacuate Collection Set: 0.4ms
[13.476s][info][gc,phases   ] GC(13)   Merge Heap Roots: 0.4ms
[13.477s][info][gc,phases   ] GC(13)   Evacuate Collection Set: 26.5ms
[13.477s][info][gc,phases   ] GC(13)   Post Evacuate Collection Set: 2.6ms
[13.477s][info][gc,phases   ] GC(13)   Other: 0.4ms
[13.477s][info][gc,heap     ] GC(13) Eden regions: 9->0(63)
[13.478s][info][gc,heap     ] GC(13) Survivor regions: 10->3(10)
[13.478s][info][gc,heap     ] GC(13) Old regions: 20->29
[13.478s][info][gc,heap     ] GC(13) Humongous regions: 2->2
[13.478s][info][gc,metaspace] GC(13) Metaspace: 104206K(105728K)->104206K(105728K) NonClass: 92315K(93184K)->92315K(93184K) Class: 11891K(12544K)->11891K(12544K)
[13.478s][info][gc          ] GC(13) Pause Young (Mixed) (Metadata GC Threshold) 77M->64M(256M) 33.084ms
[13.479s][info][gc,cpu      ] GC(13) User=0.19s Sys=0.15s Real=0.03s
[13.489s][info][gc,start    ] GC(14) Pause Young (Concurrent Start) (Metadata GC Threshold)
[13.490s][info][gc,task     ] GC(14) Using 13 workers of 13 for evacuation
[13.496s][info][gc,phases   ] GC(14)   Pre Evacuate Collection Set: 0.5ms
[13.497s][info][gc,phases   ] GC(14)   Merge Heap Roots: 0.5ms
[13.497s][info][gc,phases   ] GC(14)   Evacuate Collection Set: 3.1ms
[13.497s][info][gc,phases   ] GC(14)   Post Evacuate Collection Set: 1.5ms
[13.497s][info][gc,phases   ] GC(14)   Other: 0.6ms
[13.497s][info][gc,heap     ] GC(14) Eden regions: 1->0(71)
[13.498s][info][gc,heap     ] GC(14) Survivor regions: 3->2(9)
[13.498s][info][gc,heap     ] GC(14) Old regions: 29->29
[13.498s][info][gc,heap     ] GC(14) Humongous regions: 2->2
[13.498s][info][gc,metaspace] GC(14) Metaspace: 104498K(106048K)->104498K(106048K) NonClass: 92579K(93440K)->92579K(93440K) Class: 11919K(12608K)->11919K(12608K)
[13.499s][info][gc          ] GC(14) Pause Young (Concurrent Start) (Metadata GC Threshold) 65M->62M(256M) 9.068ms
[13.499s][info][gc,cpu      ] GC(14) User=0.02s Sys=0.01s Real=0.02s
[13.499s][info][gc          ] GC(15) Concurrent Mark Cycle
[13.500s][info][gc,marking  ] GC(15) Concurrent Scan Root Regions
[13.503s][info][gc,marking  ] GC(15) Concurrent Scan Root Regions 2.803ms
[13.503s][info][gc,marking  ] GC(15) Concurrent Mark
[13.504s][info][gc,marking  ] GC(15) Concurrent Mark From Roots
[13.504s][info][gc,task     ] GC(15) Using 3 workers of 3 for marking
[13.523s][info][gc,marking  ] GC(15) Concurrent Mark From Roots 19.110ms
[13.523s][info][gc,marking  ] GC(15) Concurrent Preclean
[13.524s][info][gc,marking  ] GC(15) Concurrent Preclean 0.356ms
[13.524s][info][gc,start    ] GC(15) Pause Remark
[13.546s][info][gc          ] GC(15) Pause Remark 63M->63M(256M) 22.452ms
[13.547s][info][gc,cpu      ] GC(15) User=0.24s Sys=0.00s Real=0.02s
[13.547s][info][gc,marking  ] GC(15) Concurrent Mark 44.109ms
[13.548s][info][gc,marking  ] GC(15) Concurrent Rebuild Remembered Sets and Scrub Regions
[13.560s][info][gc,marking  ] GC(15) Concurrent Rebuild Remembered Sets and Scrub Regions 12.009ms
[13.560s][info][gc,start    ] GC(15) Pause Cleanup
[13.561s][info][gc          ] GC(15) Pause Cleanup 64M->64M(256M) 0.895ms
[13.562s][info][gc,cpu      ] GC(15) User=0.00s Sys=0.00s Real=0.00s
[13.562s][info][gc,marking  ] GC(15) Concurrent Clear Claimed Marks
[13.563s][info][gc,marking  ] GC(15) Concurrent Clear Claimed Marks 0.745ms
[13.563s][info][gc,marking  ] GC(15) Concurrent Cleanup for Next Mark
[13.564s][info][gc,marking  ] GC(15) Concurrent Cleanup for Next Mark 1.001ms
[13.565s][info][gc          ] GC(15) Concurrent Mark Cycle 65.531ms
[17.273s][info][gc,start    ] GC(16) Pause Young (Prepare Mixed) (G1 Evacuation Pause)
[17.273s][info][gc,task     ] GC(16) Using 13 workers of 13 for evacuation
[17.304s][info][gc,phases   ] GC(16)   Pre Evacuate Collection Set: 0.5ms
[17.305s][info][gc,phases   ] GC(16)   Merge Heap Roots: 0.3ms
[17.305s][info][gc,phases   ] GC(16)   Evacuate Collection Set: 27.6ms
[17.305s][info][gc,phases   ] GC(16)   Post Evacuate Collection Set: 2.7ms
[17.306s][info][gc,phases   ] GC(16)   Other: 0.4ms
[17.306s][info][gc,heap     ] GC(16) Eden regions: 69->0(75)
[17.306s][info][gc,heap     ] GC(16) Survivor regions: 2->10(10)
[17.306s][info][gc,heap     ] GC(16) Old regions: 29->29
[17.306s][info][gc,heap     ] GC(16) Humongous regions: 42->13
[17.307s][info][gc,metaspace] GC(16) Metaspace: 122824K(124672K)->122824K(124672K) NonClass: 108564K(109696K)->108564K(109696K) Class: 14259K(14976K)->14259K(14976K)
[17.307s][info][gc          ] GC(16) Pause Young (Prepare Mixed) (G1 Evacuation Pause) 280M->101M(304M) 34.298ms
[17.307s][info][gc,cpu      ] GC(16) User=0.15s Sys=0.11s Real=0.03s
[17.786s][info][gc,start    ] GC(17) Pause Young (Mixed) (G1 Evacuation Pause)
[17.786s][info][gc,task     ] GC(17) Using 13 workers of 13 for evacuation
[17.831s][info][gc,phases   ] GC(17)   Pre Evacuate Collection Set: 0.6ms
[17.832s][info][gc,phases   ] GC(17)   Merge Heap Roots: 0.3ms
[17.832s][info][gc,phases   ] GC(17)   Evacuate Collection Set: 40.3ms
[17.832s][info][gc,phases   ] GC(17)   Post Evacuate Collection Set: 3.4ms
[17.833s][info][gc,phases   ] GC(17)   Other: 0.4ms
[17.833s][info][gc,heap     ] GC(17) Eden regions: 75->0(62)
[17.833s][info][gc,heap     ] GC(17) Survivor regions: 10->11(11)
[17.834s][info][gc,heap     ] GC(17) Old regions: 29->41
[17.834s][info][gc,heap     ] GC(17) Humongous regions: 20->20
[17.834s][info][gc,metaspace] GC(17) Metaspace: 131045K(132992K)->131045K(132992K) NonClass: 115775K(116928K)->115775K(116928K) Class: 15269K(16064K)->15269K(16064K)
[17.835s][info][gc          ] GC(17) Pause Young (Mixed) (G1 Evacuation Pause) 265M->142M(316M) 48.853ms
[17.835s][info][gc,cpu      ] GC(17) User=0.45s Sys=0.07s Real=0.05s
[18.048s][info][gc,start    ] GC(18) Pause Young (Concurrent Start) (G1 Humongous Allocation)
[18.048s][info][gc,task     ] GC(18) Using 13 workers of 13 for evacuation
[18.079s][info][gc,phases   ] GC(18)   Pre Evacuate Collection Set: 0.5ms
[18.080s][info][gc,phases   ] GC(18)   Merge Heap Roots: 0.4ms
[18.080s][info][gc,phases   ] GC(18)   Evacuate Collection Set: 26.4ms
[18.080s][info][gc,phases   ] GC(18)   Post Evacuate Collection Set: 2.8ms
[18.080s][info][gc,phases   ] GC(18)   Other: 0.7ms
[18.081s][info][gc,heap     ] GC(18) Eden regions: 23->0(99)
[18.081s][info][gc,heap     ] GC(18) Survivor regions: 11->4(10)
[18.081s][info][gc,heap     ] GC(18) Old regions: 41->53
[18.082s][info][gc,heap     ] GC(18) Humongous regions: 20->20
[18.082s][info][gc,metaspace] GC(18) Metaspace: 133623K(135552K)->133623K(135552K) NonClass: 118055K(119168K)->118055K(119168K) Class: 15568K(16384K)->15568K(16384K)
[18.082s][info][gc          ] GC(18) Pause Young (Concurrent Start) (G1 Humongous Allocation) 188M->151M(424M) 34.307ms
[18.082s][info][gc,cpu      ] GC(18) User=0.32s Sys=0.04s Real=0.04s
[18.082s][info][gc          ] GC(19) Concurrent Undo Cycle
[18.083s][info][gc,marking  ] GC(19) Concurrent Clear Claimed Marks
[18.085s][info][gc,marking  ] GC(19) Concurrent Clear Claimed Marks 1.399ms
[18.086s][info][gc,marking  ] GC(19) Concurrent Cleanup for Next Mark
[18.088s][info][gc,marking  ] GC(19) Concurrent Cleanup for Next Mark 1.174ms
[18.089s][info][gc          ] GC(19) Concurrent Undo Cycle 6.911ms
[18.573s][info][gc,start    ] GC(20) Pause Young (Concurrent Start) (G1 Humongous Allocation)
[18.574s][info][gc,task     ] GC(20) Using 13 workers of 13 for evacuation
[18.595s][info][gc,phases   ] GC(20)   Pre Evacuate Collection Set: 0.5ms
[18.596s][info][gc,phases   ] GC(20)   Merge Heap Roots: 0.4ms
[18.596s][info][gc,phases   ] GC(20)   Evacuate Collection Set: 16.6ms
[18.597s][info][gc,phases   ] GC(20)   Post Evacuate Collection Set: 3.4ms
[18.597s][info][gc,phases   ] GC(20)   Other: 0.7ms
[18.598s][info][gc,heap     ] GC(20) Eden regions: 38->0(98)
[18.598s][info][gc,heap     ] GC(20) Survivor regions: 4->8(13)
[18.599s][info][gc,heap     ] GC(20) Old regions: 53->53
[18.599s][info][gc,heap     ] GC(20) Humongous regions: 22->22
[18.599s][info][gc,metaspace] GC(20) Metaspace: 138509K(140608K)->138509K(140608K) NonClass: 122278K(123456K)->122278K(123456K) Class: 16231K(17152K)->16231K(17152K)
[18.600s][info][gc          ] GC(20) Pause Young (Concurrent Start) (G1 Humongous Allocation) 229M->164M(424M) 26.653ms
[18.600s][info][gc          ] GC(21) Concurrent Mark Cycle
[18.601s][info][gc,marking  ] GC(21) Concurrent Scan Root Regions
[18.600s][info][gc,cpu      ] GC(20) User=0.10s Sys=0.11s Real=0.03s
[18.615s][info][gc,marking  ] GC(21) Concurrent Scan Root Regions 14.325ms
[18.616s][info][gc,marking  ] GC(21) Concurrent Mark
[18.618s][info][gc,marking  ] GC(21) Concurrent Mark From Roots
[18.619s][info][gc,task     ] GC(21) Using 3 workers of 3 for marking
[18.737s][info][gc,marking  ] GC(21) Concurrent Mark From Roots 119.346ms
[18.738s][info][gc,marking  ] GC(21) Concurrent Preclean
[18.739s][info][gc,marking  ] GC(21) Concurrent Preclean 1.293ms
[18.740s][info][gc,start    ] GC(21) Pause Remark
[18.758s][info][gc          ] GC(21) Pause Remark 195M->193M(424M) 17.974ms
[18.758s][info][gc,cpu      ] GC(21) User=0.14s Sys=0.00s Real=0.01s
[18.759s][info][gc,marking  ] GC(21) Concurrent Mark 142.880ms
[18.760s][info][gc,marking  ] GC(21) Concurrent Rebuild Remembered Sets and Scrub Regions
[18.818s][info][gc,marking  ] GC(21) Concurrent Rebuild Remembered Sets and Scrub Regions 58.065ms
[18.819s][info][gc,start    ] GC(21) Pause Cleanup
[18.820s][info][gc          ] GC(21) Pause Cleanup 206M->206M(424M) 0.955ms
[18.821s][info][gc,cpu      ] GC(21) User=0.00s Sys=0.00s Real=0.00s
[18.822s][info][gc,marking  ] GC(21) Concurrent Clear Claimed Marks
[18.823s][info][gc,marking  ] GC(21) Concurrent Clear Claimed Marks 1.048ms
[18.824s][info][gc,marking  ] GC(21) Concurrent Cleanup for Next Mark
[18.827s][info][gc,marking  ] GC(21) Concurrent Cleanup for Next Mark 3.780ms
[18.829s][info][gc          ] GC(21) Concurrent Mark Cycle 228.347ms
[22.896s][info][gc,start    ] GC(22) Pause Young (Prepare Mixed) (G1 Evacuation Pause)
[22.896s][info][gc,task     ] GC(22) Using 13 workers of 13 for evacuation
[22.935s][info][gc,phases   ] GC(22)   Pre Evacuate Collection Set: 0.5ms
[22.935s][info][gc,phases   ] GC(22)   Merge Heap Roots: 0.3ms
[22.936s][info][gc,phases   ] GC(22)   Evacuate Collection Set: 33.1ms
[22.936s][info][gc,phases   ] GC(22)   Post Evacuate Collection Set: 4.1ms
[22.936s][info][gc,phases   ] GC(22)   Other: 0.6ms
[22.936s][info][gc,heap     ] GC(22) Eden regions: 98->0(88)
[22.937s][info][gc,heap     ] GC(22) Survivor regions: 8->14(14)
[22.937s][info][gc,heap     ] GC(22) Old regions: 53->57
[22.937s][info][gc,heap     ] GC(22) Humongous regions: 42->25
[22.937s][info][gc,metaspace] GC(22) Metaspace: 154511K(156672K)->154511K(156672K) NonClass: 136363K(137600K)->136363K(137600K) Class: 18147K(19072K)->18147K(19072K)
[22.938s][info][gc          ] GC(22) Pause Young (Prepare Mixed) (G1 Evacuation Pause) 400M->191M(438M) 41.945ms
[22.938s][info][gc,cpu      ] GC(22) User=0.25s Sys=0.12s Real=0.04s
[23.330s][info][gc,start    ] GC(23) Pause Young (Mixed) (GCLocker Initiated GC)
[23.331s][info][gc,task     ] GC(23) Using 13 workers of 13 for evacuation
[23.366s][info][gc,phases   ] GC(23)   Pre Evacuate Collection Set: 0.8ms
[23.367s][info][gc,phases   ] GC(23)   Merge Heap Roots: 0.5ms
[23.367s][info][gc,phases   ] GC(23)   Evacuate Collection Set: 30.8ms
[23.367s][info][gc,phases   ] GC(23)   Post Evacuate Collection Set: 2.1ms
[23.368s][info][gc,phases   ] GC(23)   Other: 0.9ms
[23.368s][info][gc,heap     ] GC(23) Eden regions: 88->0(86)
[23.368s][info][gc,heap     ] GC(23) Survivor regions: 14->8(13)
[23.368s][info][gc,heap     ] GC(23) Old regions: 57->72
[23.369s][info][gc,heap     ] GC(23) Humongous regions: 25->25
[23.369s][info][gc,metaspace] GC(23) Metaspace: 154558K(156736K)->154558K(156736K) NonClass: 136411K(137664K)->136411K(137664K) Class: 18147K(19072K)->18147K(19072K)
[23.369s][info][gc          ] GC(23) Pause Young (Mixed) (GCLocker Initiated GC) 367M->205M(438M) 39.321ms
[23.369s][info][gc,cpu      ] GC(23) User=0.38s Sys=0.01s Real=0.04s
[23.644s][info][gc,start    ] GC(24) Pause Young (Concurrent Start) (G1 Humongous Allocation)
[23.645s][info][gc,task     ] GC(24) Using 13 workers of 13 for evacuation
[23.659s][info][gc,phases   ] GC(24)   Pre Evacuate Collection Set: 0.7ms
[23.659s][info][gc,phases   ] GC(24)   Merge Heap Roots: 0.4ms
[23.660s][info][gc,phases   ] GC(24)   Evacuate Collection Set: 11.5ms
[23.660s][info][gc,phases   ] GC(24)   Post Evacuate Collection Set: 1.1ms
[23.660s][info][gc,phases   ] GC(24)   Other: 0.5ms
[23.660s][info][gc,heap     ] GC(24) Eden regions: 79->0(83)
[23.660s][info][gc,heap     ] GC(24) Survivor regions: 8->8(12)
[23.661s][info][gc,heap     ] GC(24) Old regions: 72->79
[23.661s][info][gc,heap     ] GC(24) Humongous regions: 25->25
[23.662s][info][gc,metaspace] GC(24) Metaspace: 154573K(156736K)->154573K(156736K) NonClass: 136425K(137664K)->136425K(137664K) Class: 18147K(19072K)->18147K(19072K)
[23.662s][info][gc          ] GC(24) Pause Young (Concurrent Start) (G1 Humongous Allocation) 363M->220M(438M) 17.850ms
[23.663s][info][gc,cpu      ] GC(24) User=0.14s Sys=0.01s Real=0.02s
[23.663s][info][gc          ] GC(25) Concurrent Mark Cycle
[23.664s][info][gc,marking  ] GC(25) Concurrent Scan Root Regions
[23.679s][info][gc,marking  ] GC(25) Concurrent Scan Root Regions 15.972ms
[23.680s][info][gc,marking  ] GC(25) Concurrent Mark
[23.681s][info][gc,marking  ] GC(25) Concurrent Mark From Roots
[23.682s][info][gc,task     ] GC(25) Using 3 workers of 3 for marking
[23.776s][info][gc,marking  ] GC(25) Concurrent Mark From Roots 94.962ms
[23.776s][info][gc,marking  ] GC(25) Concurrent Preclean
[23.777s][info][gc,marking  ] GC(25) Concurrent Preclean 0.420ms
[23.777s][info][gc,start    ] GC(25) Pause Remark
[23.805s][info][gc          ] GC(25) Pause Remark 282M->244M(438M) 27.923ms
[23.806s][info][gc,cpu      ] GC(25) User=0.26s Sys=0.00s Real=0.03s
[23.806s][info][gc,marking  ] GC(25) Concurrent Mark 125.723ms
[23.806s][info][gc,marking  ] GC(25) Concurrent Rebuild Remembered Sets and Scrub Regions
[23.884s][info][gc,marking  ] GC(25) Concurrent Rebuild Remembered Sets and Scrub Regions 77.685ms
[23.885s][info][gc,start    ] GC(25) Pause Cleanup
[23.886s][info][gc          ] GC(25) Pause Cleanup 275M->275M(438M) 1.096ms
[23.886s][info][gc,cpu      ] GC(25) User=0.00s Sys=0.00s Real=0.00s
[23.887s][info][gc,marking  ] GC(25) Concurrent Clear Claimed Marks
[23.888s][info][gc,marking  ] GC(25) Concurrent Clear Claimed Marks 0.694ms
[23.888s][info][gc,marking  ] GC(25) Concurrent Cleanup for Next Mark
[23.889s][info][gc,marking  ] GC(25) Concurrent Cleanup for Next Mark 1.596ms
[23.890s][info][gc          ] GC(25) Concurrent Mark Cycle 227.450ms
[23.998s][info][gc,start    ] GC(26) Pause Young (Prepare Mixed) (G1 Evacuation Pause)
[23.999s][info][gc,task     ] GC(26) Using 13 workers of 13 for evacuation
[24.017s][info][gc,phases   ] GC(26)   Pre Evacuate Collection Set: 0.5ms
[24.017s][info][gc,phases   ] GC(26)   Merge Heap Roots: 0.3ms
[24.018s][info][gc,phases   ] GC(26)   Evacuate Collection Set: 15.7ms
[24.018s][info][gc,phases   ] GC(26)   Post Evacuate Collection Set: 1.1ms
[24.018s][info][gc,phases   ] GC(26)   Other: 0.5ms
[24.018s][info][gc,heap     ] GC(26) Eden regions: 83->0(94)
[24.019s][info][gc,heap     ] GC(26) Survivor regions: 8->7(12)
[24.019s][info][gc,heap     ] GC(26) Old regions: 77->82
[24.019s][info][gc,heap     ] GC(26) Humongous regions: 10->10
[24.020s][info][gc,metaspace] GC(26) Metaspace: 154530K(156736K)->154530K(156736K) NonClass: 136397K(137664K)->136397K(137664K) Class: 18132K(19072K)->18132K(19072K)
[24.020s][info][gc          ] GC(26) Pause Young (Prepare Mixed) (G1 Evacuation Pause) 352M->195M(438M) 21.684ms
[24.020s][info][gc,cpu      ] GC(26) User=0.22s Sys=0.00s Real=0.03s
[24.191s][info][gc,start    ] GC(27) Pause Young (Mixed) (GCLocker Initiated GC)
[24.192s][info][gc,task     ] GC(27) Using 13 workers of 13 for evacuation
[24.211s][info][gc,phases   ] GC(27)   Pre Evacuate Collection Set: 0.4ms
[24.211s][info][gc,phases   ] GC(27)   Merge Heap Roots: 0.3ms
[24.212s][info][gc,phases   ] GC(27)   Evacuate Collection Set: 16.9ms
[24.212s][info][gc,phases   ] GC(27)   Post Evacuate Collection Set: 1.3ms
[24.212s][info][gc,phases   ] GC(27)   Other: 0.3ms
[24.213s][info][gc,heap     ] GC(27) Eden regions: 94->0(89)
[24.213s][info][gc,heap     ] GC(27) Survivor regions: 7->13(13)
[24.213s][info][gc,heap     ] GC(27) Old regions: 82->78
[24.213s][info][gc,heap     ] GC(27) Humongous regions: 14->14
[24.214s][info][gc,metaspace] GC(27) Metaspace: 154534K(156736K)->154534K(156736K) NonClass: 136401K(137664K)->136401K(137664K) Class: 18132K(19072K)->18132K(19072K)
[24.214s][info][gc          ] GC(27) Pause Young (Mixed) (GCLocker Initiated GC) 391M->207M(438M) 22.691ms
[24.214s][info][gc,cpu      ] GC(27) User=0.22s Sys=0.00s Real=0.02s
[24.438s][info][gc,start    ] GC(28) Pause Young (Concurrent Start) (G1 Humongous Allocation)
[24.439s][info][gc,task     ] GC(28) Using 13 workers of 13 for evacuation
[24.470s][info][gc,phases   ] GC(28)   Pre Evacuate Collection Set: 0.6ms
[24.470s][info][gc,phases   ] GC(28)   Merge Heap Roots: 0.3ms
[24.471s][info][gc,phases   ] GC(28)   Evacuate Collection Set: 25.1ms
[24.471s][info][gc,phases   ] GC(28)   Post Evacuate Collection Set: 4.2ms
[24.471s][info][gc,phases   ] GC(28)   Other: 0.5ms
[24.472s][info][gc,heap     ] GC(28) Eden regions: 65->0(256)
[24.472s][info][gc,heap     ] GC(28) Survivor regions: 13->6(13)
[24.472s][info][gc,heap     ] GC(28) Old regions: 78->90
[24.473s][info][gc,heap     ] GC(28) Humongous regions: 14->14
[24.473s][info][gc,metaspace] GC(28) Metaspace: 154534K(156736K)->154534K(156736K) NonClass: 136402K(137664K)->136402K(137664K) Class: 18132K(19072K)->18132K(19072K)
[24.473s][info][gc          ] GC(28) Pause Young (Concurrent Start) (G1 Humongous Allocation) 337M->217M(876M) 34.681ms
[24.473s][info][gc          ] GC(29) Concurrent Undo Cycle
[24.473s][info][gc,cpu      ] GC(28) User=0.32s Sys=0.01s Real=0.04s
[24.474s][info][gc,marking  ] GC(29) Concurrent Clear Claimed Marks
[24.475s][info][gc,marking  ] GC(29) Concurrent Clear Claimed Marks 1.053ms
[24.476s][info][gc,marking  ] GC(29) Concurrent Cleanup for Next Mark
[24.477s][info][gc,marking  ] GC(29) Concurrent Cleanup for Next Mark 0.806ms
[24.477s][info][gc          ] GC(29) Concurrent Undo Cycle 3.529ms
[26.789s][info][gc,start    ] GC(30) Pause Young (Normal) (G1 Evacuation Pause)
[26.789s][info][gc,task     ] GC(30) Using 13 workers of 13 for evacuation
[26.835s][info][gc,phases   ] GC(30)   Pre Evacuate Collection Set: 0.6ms
[26.835s][info][gc,phases   ] GC(30)   Merge Heap Roots: 0.4ms
[26.835s][info][gc,phases   ] GC(30)   Evacuate Collection Set: 41.8ms
[26.836s][info][gc,phases   ] GC(30)   Post Evacuate Collection Set: 1.8ms
[26.836s][info][gc,phases   ] GC(30)   Other: 0.6ms
[26.837s][info][gc,heap     ] GC(30) Eden regions: 256->0(192)
[26.837s][info][gc,heap     ] GC(30) Survivor regions: 6->33(33)
[26.837s][info][gc,heap     ] GC(30) Old regions: 90->94
[26.838s][info][gc,heap     ] GC(30) Humongous regions: 18->18
[26.838s][info][gc,metaspace] GC(30) Metaspace: 154664K(156800K)->154664K(156800K) NonClass: 136515K(137728K)->136515K(137728K) Class: 18149K(19072K)->18149K(19072K)
[26.838s][info][gc          ] GC(30) Pause Young (Normal) (G1 Evacuation Pause) 737M->289M(876M) 49.282ms
[26.839s][info][gc,cpu      ] GC(30) User=0.52s Sys=0.02s Real=0.05s
[87.036s][info][gc,start    ] GC(31) Pause Young (Concurrent Start) (G1 Evacuation Pause)
[87.037s][info][gc,task     ] GC(31) Using 13 workers of 13 for evacuation
[87.112s][info][gc,phases   ] GC(31)   Pre Evacuate Collection Set: 1.2ms
[87.113s][info][gc,phases   ] GC(31)   Merge Heap Roots: 0.6ms
[87.114s][info][gc,phases   ] GC(31)   Evacuate Collection Set: 59.3ms
[87.116s][info][gc,phases   ] GC(31)   Post Evacuate Collection Set: 12.6ms
[87.117s][info][gc,phases   ] GC(31)   Other: 1.5ms
[87.118s][info][gc,heap     ] GC(31) Eden regions: 192->0(204)
[87.118s][info][gc,heap     ] GC(31) Survivor regions: 33->7(29)
[87.119s][info][gc,heap     ] GC(31) Old regions: 94->129
[87.119s][info][gc,heap     ] GC(31) Humongous regions: 45->22
[87.120s][info][gc,metaspace] GC(31) Metaspace: 160483K(162624K)->160483K(162624K) NonClass: 141741K(142976K)->141741K(142976K) Class: 18741K(19648K)->18741K(19648K)
[87.121s][info][gc          ] GC(31) Pause Young (Concurrent Start) (G1 Evacuation Pause) 727M->313M(876M) 84.780ms
[87.122s][info][gc,cpu      ] GC(31) User=0.75s Sys=0.03s Real=0.09s
[87.122s][info][gc          ] GC(32) Concurrent Mark Cycle
[87.124s][info][gc,marking  ] GC(32) Concurrent Scan Root Regions
[87.185s][info][gc,marking  ] GC(32) Concurrent Scan Root Regions 61.322ms
[87.186s][info][gc,marking  ] GC(32) Concurrent Mark
[87.186s][info][gc,marking  ] GC(32) Concurrent Mark From Roots
[87.187s][info][gc,task     ] GC(32) Using 3 workers of 3 for marking
[87.290s][info][gc,marking  ] GC(32) Concurrent Mark From Roots 103.402ms
[87.290s][info][gc,marking  ] GC(32) Concurrent Preclean
[87.291s][info][gc,marking  ] GC(32) Concurrent Preclean 0.799ms
[87.292s][info][gc,start    ] GC(32) Pause Remark
[87.305s][info][gc          ] GC(32) Pause Remark 316M->288M(876M) 12.801ms
[87.305s][info][gc,cpu      ] GC(32) User=0.08s Sys=0.01s Real=0.01s
[87.306s][info][gc,marking  ] GC(32) Concurrent Mark 119.838ms
[87.306s][info][gc,marking  ] GC(32) Concurrent Rebuild Remembered Sets and Scrub Regions
[87.361s][info][gc,marking  ] GC(32) Concurrent Rebuild Remembered Sets and Scrub Regions 54.382ms
[87.362s][info][gc,start    ] GC(32) Pause Cleanup
[87.362s][info][gc          ] GC(32) Pause Cleanup 288M->288M(876M) 0.938ms
[87.363s][info][gc,cpu      ] GC(32) User=0.00s Sys=0.00s Real=0.00s
[87.363s][info][gc,marking  ] GC(32) Concurrent Clear Claimed Marks
[87.364s][info][gc,marking  ] GC(32) Concurrent Clear Claimed Marks 0.570ms
[87.364s][info][gc,marking  ] GC(32) Concurrent Cleanup for Next Mark
[87.370s][info][gc,marking  ] GC(32) Concurrent Cleanup for Next Mark 5.778ms
[87.371s][info][gc          ] GC(32) Concurrent Mark Cycle 249.812ms
[129.353s][info][gc,start    ] GC(33) Pause Young (Prepare Mixed) (G1 Evacuation Pause)
[129.353s][info][gc,task     ] GC(33) Using 13 workers of 13 for evacuation
[129.399s][info][gc,phases   ] GC(33)   Pre Evacuate Collection Set: 0.5ms
[129.400s][info][gc,phases   ] GC(33)   Merge Heap Roots: 0.4ms
[129.400s][info][gc,phases   ] GC(33)   Evacuate Collection Set: 39.2ms
[129.401s][info][gc,phases   ] GC(33)   Post Evacuate Collection Set: 5.1ms
[129.401s][info][gc,phases   ] GC(33)   Other: 0.6ms
[129.402s][info][gc,heap     ] GC(33) Eden regions: 156->0(243)
[129.402s][info][gc,heap     ] GC(33) Survivor regions: 7->9(27)
[129.403s][info][gc,heap     ] GC(33) Old regions: 129->129
[129.403s][info][gc,heap     ] GC(33) Humongous regions: 146->8
[129.404s][info][gc,metaspace] GC(33) Metaspace: 163082K(165312K)->163082K(165312K) NonClass: 144093K(145408K)->144093K(145408K) Class: 18988K(19904K)->18988K(19904K)
[129.405s][info][gc          ] GC(33) Pause Young (Prepare Mixed) (G1 Evacuation Pause) 873M->288M(894M) 52.273ms
[129.406s][info][gc,cpu      ] GC(33) User=0.21s Sys=0.16s Real=0.05s
[181.189s][info][gc,start    ] GC(34) Pause Young (Mixed) (G1 Evacuation Pause)
[181.190s][info][gc,task     ] GC(34) Using 13 workers of 13 for evacuation
[181.246s][info][gc,phases   ] GC(34)   Pre Evacuate Collection Set: 1.1ms
[181.247s][info][gc,phases   ] GC(34)   Merge Heap Roots: 0.4ms
[181.247s][info][gc,phases   ] GC(34)   Evacuate Collection Set: 48.2ms
[181.247s][info][gc,phases   ] GC(34)   Post Evacuate Collection Set: 5.3ms
[181.248s][info][gc,phases   ] GC(34)   Other: 1.3ms
[181.248s][info][gc,heap     ] GC(34) Eden regions: 243->0(258)
[181.248s][info][gc,heap     ] GC(34) Survivor regions: 9->23(32)
[181.248s][info][gc,heap     ] GC(34) Old regions: 129->125
[181.249s][info][gc,heap     ] GC(34) Humongous regions: 66->8
[181.249s][info][gc,metaspace] GC(34) Metaspace: 188586K(191232K)->188586K(191232K) NonClass: 165522K(167104K)->165522K(167104K) Class: 23064K(24128K)->23064K(24128K)
[181.249s][info][gc          ] GC(34) Pause Young (Mixed) (G1 Evacuation Pause) 890M->310M(942M) 60.052ms
[181.250s][info][gc,cpu      ] GC(34) User=0.34s Sys=0.22s Real=0.06s
[184.619s][info][gc,start    ] GC(35) Pause Young (Normal) (G1 Evacuation Pause)
[184.621s][info][gc,task     ] GC(35) Using 13 workers of 13 for evacuation
[184.672s][info][gc,phases   ] GC(35)   Pre Evacuate Collection Set: 1.1ms
[184.673s][info][gc,phases   ] GC(35)   Merge Heap Roots: 0.5ms
[184.673s][info][gc,phases   ] GC(35)   Evacuate Collection Set: 44.5ms
[184.674s][info][gc,phases   ] GC(35)   Post Evacuate Collection Set: 3.9ms
[184.674s][info][gc,phases   ] GC(35)   Other: 1.7ms
[184.675s][info][gc,heap     ] GC(35) Eden regions: 258->0(258)
[184.675s][info][gc,heap     ] GC(35) Survivor regions: 23->24(36)
[184.676s][info][gc,heap     ] GC(35) Old regions: 125->129
[184.676s][info][gc,heap     ] GC(35) Humongous regions: 8->8
[184.677s][info][gc,metaspace] GC(35) Metaspace: 190290K(192832K)->190290K(192832K) NonClass: 167148K(168640K)->167148K(168640K) Class: 23142K(24192K)->23142K(24192K)
[184.678s][info][gc          ] GC(35) Pause Young (Normal) (G1 Evacuation Pause) 826M->319M(942M) 59.020ms
[184.679s][info][gc,cpu      ] GC(35) User=0.51s Sys=0.08s Real=0.06s
[188.998s][info][gc,start    ] GC(36) Pause Young (Concurrent Start) (G1 Evacuation Pause)
[188.999s][info][gc,task     ] GC(36) Using 13 workers of 13 for evacuation
[189.054s][info][gc,phases   ] GC(36)   Pre Evacuate Collection Set: 1.0ms
[189.055s][info][gc,phases   ] GC(36)   Merge Heap Roots: 0.5ms
[189.056s][info][gc,phases   ] GC(36)   Evacuate Collection Set: 44.7ms
[189.057s][info][gc,phases   ] GC(36)   Post Evacuate Collection Set: 7.4ms
[189.058s][info][gc,phases   ] GC(36)   Other: 1.2ms
[189.058s][info][gc,heap     ] GC(36) Eden regions: 258->0(261)
[189.059s][info][gc,heap     ] GC(36) Survivor regions: 24->16(36)
[189.060s][info][gc,heap     ] GC(36) Old regions: 129->139
[189.061s][info][gc,heap     ] GC(36) Humongous regions: 8->8
[189.062s][info][gc,metaspace] GC(36) Metaspace: 191944K(194496K)->191944K(194496K) NonClass: 168608K(170112K)->168608K(170112K) Class: 23336K(24384K)->23336K(24384K)
[189.063s][info][gc          ] GC(36) Pause Young (Concurrent Start) (G1 Evacuation Pause) 835M->324M(942M) 65.312ms
[189.064s][info][gc,cpu      ] GC(36) User=0.61s Sys=0.03s Real=0.07s
[189.064s][info][gc          ] GC(37) Concurrent Mark Cycle
[189.065s][info][gc,marking  ] GC(37) Concurrent Scan Root Regions
[189.096s][info][gc,marking  ] GC(37) Concurrent Scan Root Regions 30.822ms
[189.097s][info][gc,marking  ] GC(37) Concurrent Mark
[189.098s][info][gc,marking  ] GC(37) Concurrent Mark From Roots
[189.099s][info][gc,task     ] GC(37) Using 3 workers of 3 for marking
[189.650s][info][gc,marking  ] GC(37) Concurrent Mark From Roots 551.744ms
[189.653s][info][gc,marking  ] GC(37) Concurrent Preclean
[189.656s][info][gc,marking  ] GC(37) Concurrent Preclean 3.450ms
[189.660s][info][gc,start    ] GC(37) Pause Remark
[189.690s][info][gc          ] GC(37) Pause Remark 388M->388M(942M) 29.925ms
[189.691s][info][gc,cpu      ] GC(37) User=0.18s Sys=0.00s Real=0.03s
[189.693s][info][gc,marking  ] GC(37) Concurrent Mark 595.299ms
[189.700s][info][gc,marking  ] GC(37) Concurrent Rebuild Remembered Sets and Scrub Regions
[189.885s][info][gc,marking  ] GC(37) Concurrent Rebuild Remembered Sets and Scrub Regions 185.439ms
[189.890s][info][gc,start    ] GC(37) Pause Cleanup
[189.892s][info][gc          ] GC(37) Pause Cleanup 411M->411M(942M) 2.006ms
[189.892s][info][gc,cpu      ] GC(37) User=0.01s Sys=0.00s Real=0.01s
[189.898s][info][gc,marking  ] GC(37) Concurrent Clear Claimed Marks
[189.908s][info][gc,marking  ] GC(37) Concurrent Clear Claimed Marks 9.529ms
[189.908s][info][gc,marking  ] GC(37) Concurrent Cleanup for Next Mark
[189.923s][info][gc,marking  ] GC(37) Concurrent Cleanup for Next Mark 14.928ms
[189.924s][info][gc          ] GC(37) Concurrent Mark Cycle 860.400ms
[192.927s][info][gc,start    ] GC(38) Pause Young (Prepare Mixed) (G1 Evacuation Pause)
[192.928s][info][gc,task     ] GC(38) Using 13 workers of 13 for evacuation
[192.963s][info][gc,phases   ] GC(38)   Pre Evacuate Collection Set: 0.6ms
[192.964s][info][gc,phases   ] GC(38)   Merge Heap Roots: 0.4ms
[192.964s][info][gc,phases   ] GC(38)   Evacuate Collection Set: 30.1ms
[192.965s][info][gc,phases   ] GC(38)   Post Evacuate Collection Set: 3.5ms
[192.965s][info][gc,phases   ] GC(38)   Other: 0.7ms
[192.965s][info][gc,heap     ] GC(38) Eden regions: 261->0(241)
[192.965s][info][gc,heap     ] GC(38) Survivor regions: 16->28(35)
[192.966s][info][gc,heap     ] GC(38) Old regions: 139->139
[192.966s][info][gc,heap     ] GC(38) Humongous regions: 12->10
[192.966s][info][gc,metaspace] GC(38) Metaspace: 193763K(196288K)->193763K(196288K) NonClass: 170163K(171648K)->170163K(171648K) Class: 23599K(24640K)->23599K(24640K)
[192.966s][info][gc          ] GC(38) Pause Young (Prepare Mixed) (G1 Evacuation Pause) 854M->351M(942M) 39.524ms
[192.967s][info][gc,cpu      ] GC(38) User=0.39s Sys=0.01s Real=0.04s
[195.938s][info][gc,start    ] GC(39) Pause Young (Mixed) (G1 Evacuation Pause)
[195.939s][info][gc,task     ] GC(39) Using 13 workers of 13 for evacuation
[195.979s][info][gc,phases   ] GC(39)   Pre Evacuate Collection Set: 0.7ms
[195.980s][info][gc,phases   ] GC(39)   Merge Heap Roots: 0.4ms
[195.980s][info][gc,phases   ] GC(39)   Evacuate Collection Set: 35.7ms
[195.981s][info][gc,phases   ] GC(39)   Post Evacuate Collection Set: 2.9ms
[195.981s][info][gc,phases   ] GC(39)   Other: 0.7ms
[195.981s][info][gc,heap     ] GC(39) Eden regions: 241->0(235)
[195.981s][info][gc,heap     ] GC(39) Survivor regions: 28->23(34)
[195.982s][info][gc,heap     ] GC(39) Old regions: 139->148
[195.982s][info][gc,heap     ] GC(39) Humongous regions: 10->10
[195.982s][info][gc,metaspace] GC(39) Metaspace: 193781K(196288K)->193781K(196288K) NonClass: 170181K(171648K)->170181K(171648K) Class: 23599K(24640K)->23599K(24640K)
[195.982s][info][gc          ] GC(39) Pause Young (Mixed) (G1 Evacuation Pause) 833M->360M(942M) 44.482ms
[195.983s][info][gc,cpu      ] GC(39) User=0.45s Sys=0.01s Real=0.05s
[198.307s][info][gc,start    ] GC(40) Pause Young (Concurrent Start) (G1 Evacuation Pause)
[198.308s][info][gc,task     ] GC(40) Using 13 workers of 13 for evacuation
[198.351s][info][gc,phases   ] GC(40)   Pre Evacuate Collection Set: 0.7ms
[198.352s][info][gc,phases   ] GC(40)   Merge Heap Roots: 0.6ms
[198.352s][info][gc,phases   ] GC(40)   Evacuate Collection Set: 38.3ms
[198.353s][info][gc,phases   ] GC(40)   Post Evacuate Collection Set: 2.7ms
[198.353s][info][gc,phases   ] GC(40)   Other: 0.7ms
[198.353s][info][gc,heap     ] GC(40) Eden regions: 235->0(208)
[198.353s][info][gc,heap     ] GC(40) Survivor regions: 23->27(33)
[198.353s][info][gc,heap     ] GC(40) Old regions: 148->166
[198.354s][info][gc,heap     ] GC(40) Humongous regions: 10->10
[198.354s][info][gc,metaspace] GC(40) Metaspace: 193914K(196480K)->193914K(196480K) NonClass: 170290K(171776K)->170290K(171776K) Class: 23624K(24704K)->23624K(24704K)
[198.354s][info][gc          ] GC(40) Pause Young (Concurrent Start) (G1 Evacuation Pause) 830M->404M(942M) 46.839ms
[198.354s][info][gc,cpu      ] GC(40) User=0.52s Sys=0.00s Real=0.05s
[198.354s][info][gc          ] GC(41) Concurrent Mark Cycle
[198.355s][info][gc,marking  ] GC(41) Concurrent Scan Root Regions
[198.406s][info][gc,marking  ] GC(41) Concurrent Scan Root Regions 50.952ms
[198.408s][info][gc,marking  ] GC(41) Concurrent Mark
[198.409s][info][gc,marking  ] GC(41) Concurrent Mark From Roots
[198.415s][info][gc,task     ] GC(41) Using 3 workers of 3 for marking
[198.818s][info][gc,marking  ] GC(41) Concurrent Mark From Roots 409.086ms
[198.820s][info][gc,marking  ] GC(41) Concurrent Preclean
[198.822s][info][gc,marking  ] GC(41) Concurrent Preclean 1.765ms
[198.831s][info][gc,start    ] GC(41) Pause Remark
[198.867s][info][gc          ] GC(41) Pause Remark 508M->508M(942M) 35.183ms
[198.867s][info][gc,cpu      ] GC(41) User=0.28s Sys=0.00s Real=0.03s
[198.869s][info][gc,marking  ] GC(41) Concurrent Mark 460.631ms
[198.875s][info][gc,marking  ] GC(41) Concurrent Rebuild Remembered Sets and Scrub Regions
[199.155s][info][gc,marking  ] GC(41) Concurrent Rebuild Remembered Sets and Scrub Regions 279.644ms
[199.157s][info][gc,start    ] GC(41) Pause Cleanup
[199.158s][info][gc          ] GC(41) Pause Cleanup 538M->538M(942M) 1.202ms
[199.159s][info][gc,cpu      ] GC(41) User=0.00s Sys=0.00s Real=0.00s
[199.160s][info][gc,marking  ] GC(41) Concurrent Clear Claimed Marks
[199.162s][info][gc,marking  ] GC(41) Concurrent Clear Claimed Marks 2.211ms
[199.167s][info][gc,marking  ] GC(41) Concurrent Cleanup for Next Mark
[199.174s][info][gc,marking  ] GC(41) Concurrent Cleanup for Next Mark 6.400ms
[199.175s][info][gc          ] GC(41) Concurrent Mark Cycle 820.676ms
[200.532s][info][gc,start    ] GC(42) Pause Young (Prepare Mixed) (G1 Evacuation Pause)
[200.532s][info][gc,task     ] GC(42) Using 13 workers of 13 for evacuation
[200.562s][info][gc,phases   ] GC(42)   Pre Evacuate Collection Set: 0.6ms
[200.562s][info][gc,phases   ] GC(42)   Merge Heap Roots: 0.4ms
[200.562s][info][gc,phases   ] GC(42)   Evacuate Collection Set: 26.4ms
[200.563s][info][gc,phases   ] GC(42)   Post Evacuate Collection Set: 1.8ms
[200.563s][info][gc,phases   ] GC(42)   Other: 0.5ms
[200.563s][info][gc,heap     ] GC(42) Eden regions: 208->0(204)
[200.564s][info][gc,heap     ] GC(42) Survivor regions: 27->23(30)
[200.564s][info][gc,heap     ] GC(42) Old regions: 166->173
[200.564s][info][gc,heap     ] GC(42) Humongous regions: 10->10
[200.564s][info][gc,metaspace] GC(42) Metaspace: 193749K(196480K)->193749K(196480K) NonClass: 170178K(171776K)->170178K(171776K) Class: 23570K(24704K)->23570K(24704K)
[200.565s][info][gc          ] GC(42) Pause Young (Prepare Mixed) (G1 Evacuation Pause) 820M->409M(942M) 33.212ms
[200.565s][info][gc,cpu      ] GC(42) User=0.35s Sys=0.00s Real=0.03s
[203.132s][info][gc,start    ] GC(43) Pause Young (Mixed) (G1 Evacuation Pause)
[203.133s][info][gc,task     ] GC(43) Using 13 workers of 13 for evacuation
[203.164s][info][gc,phases   ] GC(43)   Pre Evacuate Collection Set: 0.7ms
[203.165s][info][gc,phases   ] GC(43)   Merge Heap Roots: 0.5ms
[203.165s][info][gc,phases   ] GC(43)   Evacuate Collection Set: 27.4ms
[203.166s][info][gc,phases   ] GC(43)   Post Evacuate Collection Set: 2.3ms
[203.166s][info][gc,phases   ] GC(43)   Other: 0.5ms
[203.166s][info][gc,heap     ] GC(43) Eden regions: 204->0(215)
[203.166s][info][gc,heap     ] GC(43) Survivor regions: 23->8(29)
[203.167s][info][gc,heap     ] GC(43) Old regions: 173->186
[203.167s][info][gc,heap     ] GC(43) Humongous regions: 10->10
[203.167s][info][gc,metaspace] GC(43) Metaspace: 193803K(196480K)->193803K(196480K) NonClass: 170229K(171776K)->170229K(171776K) Class: 23574K(24704K)->23574K(24704K)
[203.168s][info][gc          ] GC(43) Pause Young (Mixed) (G1 Evacuation Pause) 817M->405M(942M) 35.425ms
[203.168s][info][gc,cpu      ] GC(43) User=0.33s Sys=0.02s Real=0.03s
[205.293s][info][gc,start    ] GC(44) Pause Young (Concurrent Start) (G1 Evacuation Pause)
[205.293s][info][gc,task     ] GC(44) Using 13 workers of 13 for evacuation
[205.314s][info][gc,phases   ] GC(44)   Pre Evacuate Collection Set: 0.8ms
[205.315s][info][gc,phases   ] GC(44)   Merge Heap Roots: 0.5ms
[205.315s][info][gc,phases   ] GC(44)   Evacuate Collection Set: 15.7ms
[205.315s][info][gc,phases   ] GC(44)   Post Evacuate Collection Set: 2.9ms
[205.315s][info][gc,phases   ] GC(44)   Other: 0.6ms
[205.316s][info][gc,heap     ] GC(44) Eden regions: 215->0(206)
[205.316s][info][gc,heap     ] GC(44) Survivor regions: 8->19(28)
[205.316s][info][gc,heap     ] GC(44) Old regions: 186->186
[205.316s][info][gc,heap     ] GC(44) Humongous regions: 10->10
[205.317s][info][gc,metaspace] GC(44) Metaspace: 193874K(196480K)->193874K(196480K) NonClass: 170275K(171776K)->170275K(171776K) Class: 23598K(24704K)->23598K(24704K)
[205.317s][info][gc          ] GC(44) Pause Young (Concurrent Start) (G1 Evacuation Pause) 835M->427M(942M) 23.996ms
[205.317s][info][gc          ] GC(45) Concurrent Mark Cycle
[205.318s][info][gc,marking  ] GC(45) Concurrent Scan Root Regions
[205.317s][info][gc,cpu      ] GC(44) User=0.19s Sys=0.01s Real=0.02s
[205.332s][info][gc,marking  ] GC(45) Concurrent Scan Root Regions 14.626ms
[205.336s][info][gc,marking  ] GC(45) Concurrent Mark
[205.337s][info][gc,marking  ] GC(45) Concurrent Mark From Roots
[205.338s][info][gc,task     ] GC(45) Using 3 workers of 3 for marking
[205.903s][info][gc,marking  ] GC(45) Concurrent Mark From Roots 565.937ms
[205.904s][info][gc,marking  ] GC(45) Concurrent Preclean
[205.906s][info][gc,marking  ] GC(45) Concurrent Preclean 1.484ms
[205.906s][info][gc,start    ] GC(45) Pause Remark
[205.925s][info][gc          ] GC(45) Pause Remark 529M->505M(942M) 18.450ms
[205.926s][info][gc,cpu      ] GC(45) User=0.13s Sys=0.01s Real=0.02s
[205.926s][info][gc,marking  ] GC(45) Concurrent Mark 590.699ms
[205.935s][info][gc,marking  ] GC(45) Concurrent Rebuild Remembered Sets and Scrub Regions
[206.212s][info][gc,marking  ] GC(45) Concurrent Rebuild Remembered Sets and Scrub Regions 276.835ms
[206.216s][info][gc,start    ] GC(45) Pause Cleanup
[206.217s][info][gc          ] GC(45) Pause Cleanup 539M->539M(942M) 1.769ms
[206.218s][info][gc,cpu      ] GC(45) User=0.00s Sys=0.00s Real=0.00s
[206.220s][info][gc,marking  ] GC(45) Concurrent Clear Claimed Marks
[206.228s][info][gc,marking  ] GC(45) Concurrent Clear Claimed Marks 7.091ms
[206.228s][info][gc,marking  ] GC(45) Concurrent Cleanup for Next Mark
[206.239s][info][gc,marking  ] GC(45) Concurrent Cleanup for Next Mark 10.421ms
[206.242s][info][gc          ] GC(45) Concurrent Mark Cycle 924.272ms
[207.727s][info][gc,start    ] GC(46) Pause Young (Prepare Mixed) (G1 Evacuation Pause)
[207.728s][info][gc,task     ] GC(46) Using 13 workers of 13 for evacuation
[207.753s][info][gc,phases   ] GC(46)   Pre Evacuate Collection Set: 0.6ms
[207.754s][info][gc,phases   ] GC(46)   Merge Heap Roots: 0.4ms
[207.755s][info][gc,phases   ] GC(46)   Evacuate Collection Set: 20.7ms
[207.756s][info][gc,phases   ] GC(46)   Post Evacuate Collection Set: 2.7ms
[207.756s][info][gc,phases   ] GC(46)   Other: 0.5ms
[207.757s][info][gc,heap     ] GC(46) Eden regions: 206->0(210)
[207.757s][info][gc,heap     ] GC(46) Survivor regions: 19->24(29)
[207.757s][info][gc,heap     ] GC(46) Old regions: 176->178
[207.758s][info][gc,heap     ] GC(46) Humongous regions: 8->8
[207.758s][info][gc,metaspace] GC(46) Metaspace: 194053K(196544K)->194053K(196544K) NonClass: 170409K(171840K)->170409K(171840K) Class: 23643K(24704K)->23643K(24704K)
[207.758s][info][gc          ] GC(46) Pause Young (Prepare Mixed) (G1 Evacuation Pause) 815M->416M(942M) 30.981ms
[207.759s][info][gc,cpu      ] GC(46) User=0.26s Sys=0.00s Real=0.04s
[209.839s][info][gc,start    ] GC(47) Pause Young (Mixed) (G1 Evacuation Pause)
[209.840s][info][gc,task     ] GC(47) Using 13 workers of 13 for evacuation
[209.876s][info][gc,phases   ] GC(47)   Pre Evacuate Collection Set: 0.8ms
[209.876s][info][gc,phases   ] GC(47)   Merge Heap Roots: 0.5ms
[209.877s][info][gc,phases   ] GC(47)   Evacuate Collection Set: 32.2ms
[209.877s][info][gc,phases   ] GC(47)   Post Evacuate Collection Set: 2.2ms
[209.878s][info][gc,phases   ] GC(47)   Other: 0.6ms
[209.878s][info][gc,heap     ] GC(47) Eden regions: 210->0(198)
[209.879s][info][gc,heap     ] GC(47) Survivor regions: 24->25(30)
[209.880s][info][gc,heap     ] GC(47) Old regions: 178->185
[209.880s][info][gc,heap     ] GC(47) Humongous regions: 9->8
[209.881s][info][gc,metaspace] GC(47) Metaspace: 194064K(196608K)->194064K(196608K) NonClass: 170420K(171904K)->170420K(171904K) Class: 23643K(24704K)->23643K(24704K)
[209.881s][info][gc          ] GC(47) Pause Young (Mixed) (G1 Evacuation Pause) 838M->433M(942M) 41.636ms
[209.881s][info][gc,cpu      ] GC(47) User=0.43s Sys=0.00s Real=0.04s
[211.350s][info][gc,start    ] GC(48) Pause Young (Concurrent Start) (G1 Humongous Allocation)
[211.351s][info][gc,task     ] GC(48) Using 13 workers of 13 for evacuation
[211.396s][info][gc,phases   ] GC(48)   Pre Evacuate Collection Set: 1.3ms
[211.397s][info][gc,phases   ] GC(48)   Merge Heap Roots: 1.0ms
[211.397s][info][gc,phases   ] GC(48)   Evacuate Collection Set: 38.9ms
[211.397s][info][gc,phases   ] GC(48)   Post Evacuate Collection Set: 2.8ms
[211.398s][info][gc,phases   ] GC(48)   Other: 1.2ms
[211.398s][info][gc,heap     ] GC(48) Eden regions: 149->0(165)
[211.398s][info][gc,heap     ] GC(48) Survivor regions: 25->28(28)
[211.399s][info][gc,heap     ] GC(48) Old regions: 185->201
[211.399s][info][gc,heap     ] GC(48) Humongous regions: 8->8
[211.399s][info][gc,metaspace] GC(48) Metaspace: 194088K(196672K)->194088K(196672K) NonClass: 170445K(171968K)->170445K(171968K) Class: 23643K(24704K)->23643K(24704K)
[211.400s][info][gc          ] GC(48) Pause Young (Concurrent Start) (G1 Humongous Allocation) 730M->472M(942M) 49.527ms
[211.400s][info][gc,cpu      ] GC(48) User=0.49s Sys=0.02s Real=0.06s
[211.400s][info][gc          ] GC(49) Concurrent Mark Cycle
[211.401s][info][gc,marking  ] GC(49) Concurrent Scan Root Regions
[211.435s][info][gc,marking  ] GC(49) Concurrent Scan Root Regions 34.410ms
[211.436s][info][gc,marking  ] GC(49) Concurrent Mark
[211.438s][info][gc,marking  ] GC(49) Concurrent Mark From Roots
[211.439s][info][gc,task     ] GC(49) Using 3 workers of 3 for marking
[211.925s][info][gc,marking  ] GC(49) Concurrent Mark From Roots 487.308ms
[211.928s][info][gc,marking  ] GC(49) Concurrent Preclean
[211.933s][info][gc,marking  ] GC(49) Concurrent Preclean 5.769ms
[211.938s][info][gc,start    ] GC(49) Pause Remark
[211.957s][info][gc          ] GC(49) Pause Remark 647M->637M(942M) 19.279ms
[211.957s][info][gc,cpu      ] GC(49) User=0.13s Sys=0.01s Real=0.02s
[211.959s][info][gc,marking  ] GC(49) Concurrent Mark 522.094ms
[211.960s][info][gc,marking  ] GC(49) Concurrent Rebuild Remembered Sets and Scrub Regions
[212.158s][info][gc,marking  ] GC(49) Concurrent Rebuild Remembered Sets and Scrub Regions 198.019ms
[212.163s][info][gc,start    ] GC(49) Pause Cleanup
[212.164s][info][gc          ] GC(49) Pause Cleanup 704M->704M(942M) 1.037ms
[212.165s][info][gc,cpu      ] GC(49) User=0.00s Sys=0.00s Real=0.00s
[212.166s][info][gc,marking  ] GC(49) Concurrent Clear Claimed Marks
[212.167s][info][gc,marking  ] GC(49) Concurrent Clear Claimed Marks 1.693ms
[212.169s][info][gc,marking  ] GC(49) Concurrent Cleanup for Next Mark
[212.181s][info][gc,marking  ] GC(49) Concurrent Cleanup for Next Mark 12.821ms
[212.183s][info][gc          ] GC(49) Concurrent Mark Cycle 783.225ms
[212.440s][info][gc,start    ] GC(50) Pause Young (Prepare Mixed) (G1 Evacuation Pause)
[212.441s][info][gc,task     ] GC(50) Using 13 workers of 13 for evacuation
[212.483s][info][gc,phases   ] GC(50)   Pre Evacuate Collection Set: 0.7ms
[212.484s][info][gc,phases   ] GC(50)   Merge Heap Roots: 0.6ms
[212.484s][info][gc,phases   ] GC(50)   Evacuate Collection Set: 36.5ms
[212.485s][info][gc,phases   ] GC(50)   Post Evacuate Collection Set: 3.5ms
[212.485s][info][gc,phases   ] GC(50)   Other: 0.6ms
[212.486s][info][gc,heap     ] GC(50) Eden regions: 165->0(160)
[212.486s][info][gc,heap     ] GC(50) Survivor regions: 28->15(25)
[212.486s][info][gc,heap     ] GC(50) Old regions: 196->224
[212.487s][info][gc,heap     ] GC(50) Humongous regions: 11->11
[212.487s][info][gc,metaspace] GC(50) Metaspace: 194100K(196736K)->194100K(196736K) NonClass: 170450K(171968K)->170450K(171968K) Class: 23649K(24768K)->23649K(24768K)
[212.488s][info][gc          ] GC(50) Pause Young (Prepare Mixed) (G1 Evacuation Pause) 798M->498M(942M) 47.210ms
[212.488s][info][gc,cpu      ] GC(50) User=0.45s Sys=0.01s Real=0.04s
[214.028s][info][gc,start    ] GC(51) Pause Young (Mixed) (G1 Evacuation Pause)
[214.029s][info][gc,task     ] GC(51) Using 13 workers of 13 for evacuation
[214.064s][info][gc,phases   ] GC(51)   Pre Evacuate Collection Set: 0.8ms
[214.064s][info][gc,phases   ] GC(51)   Merge Heap Roots: 0.7ms
[214.065s][info][gc,phases   ] GC(51)   Evacuate Collection Set: 31.3ms
[214.065s][info][gc,phases   ] GC(51)   Post Evacuate Collection Set: 2.1ms
[214.065s][info][gc,phases   ] GC(51)   Other: 0.4ms
[214.066s][info][gc,heap     ] GC(51) Eden regions: 160->0(150)
[214.066s][info][gc,heap     ] GC(51) Survivor regions: 15->22(22)
[214.066s][info][gc,heap     ] GC(51) Old regions: 224->225
[214.066s][info][gc,heap     ] GC(51) Humongous regions: 11->11
[214.067s][info][gc,metaspace] GC(51) Metaspace: 194101K(196736K)->194101K(196736K) NonClass: 170451K(171968K)->170451K(171968K) Class: 23649K(24768K)->23649K(24768K)
[214.067s][info][gc          ] GC(51) Pause Young (Mixed) (G1 Evacuation Pause) 818M->515M(942M) 39.017ms
[214.068s][info][gc,cpu      ] GC(51) User=0.41s Sys=0.00s Real=0.04s
[215.217s][info][gc,start    ] GC(52) Pause Young (Concurrent Start) (G1 Humongous Allocation)
[215.218s][info][gc,task     ] GC(52) Using 13 workers of 13 for evacuation
[215.249s][info][gc,phases   ] GC(52)   Pre Evacuate Collection Set: 1.0ms
[215.249s][info][gc,phases   ] GC(52)   Merge Heap Roots: 0.4ms
[215.250s][info][gc,phases   ] GC(52)   Evacuate Collection Set: 25.7ms
[215.250s][info][gc,phases   ] GC(52)   Post Evacuate Collection Set: 2.7ms
[215.250s][info][gc,phases   ] GC(52)   Other: 1.0ms
[215.250s][info][gc,heap     ] GC(52) Eden regions: 120->0(144)
[215.251s][info][gc,heap     ] GC(52) Survivor regions: 22->14(22)
[215.251s][info][gc,heap     ] GC(52) Old regions: 225->244
[215.251s][info][gc,heap     ] GC(52) Humongous regions: 11->11
[215.252s][info][gc,metaspace] GC(52) Metaspace: 194105K(196736K)->194105K(196736K) NonClass: 170455K(171968K)->170455K(171968K) Class: 23649K(24768K)->23649K(24768K)
[215.252s][info][gc          ] GC(52) Pause Young (Concurrent Start) (G1 Humongous Allocation) 753M->535M(942M) 35.020ms
[215.252s][info][gc,cpu      ] GC(52) User=0.37s Sys=0.01s Real=0.04s
[215.252s][info][gc          ] GC(53) Concurrent Mark Cycle
[215.253s][info][gc,marking  ] GC(53) Concurrent Scan Root Regions
[215.298s][info][gc,marking  ] GC(53) Concurrent Scan Root Regions 45.075ms
[215.303s][info][gc,marking  ] GC(53) Concurrent Mark
[215.304s][info][gc,marking  ] GC(53) Concurrent Mark From Roots
[215.305s][info][gc,task     ] GC(53) Using 3 workers of 3 for marking
[215.893s][info][gc,marking  ] GC(53) Concurrent Mark From Roots 589.011ms
[215.896s][info][gc,marking  ] GC(53) Concurrent Preclean
[215.908s][info][gc,marking  ] GC(53) Concurrent Preclean 11.433ms
[215.911s][info][gc,start    ] GC(53) Pause Remark
[215.926s][info][gc          ] GC(53) Pause Remark 656M->652M(942M) 14.330ms
[215.926s][info][gc,cpu      ] GC(53) User=0.09s Sys=0.01s Real=0.01s
[215.928s][info][gc,marking  ] GC(53) Concurrent Mark 625.715ms
[215.931s][info][gc,marking  ] GC(53) Concurrent Rebuild Remembered Sets and Scrub Regions
[216.229s][info][gc,marking  ] GC(53) Concurrent Rebuild Remembered Sets and Scrub Regions 297.698ms
[216.233s][info][gc,start    ] GC(53) Pause Cleanup
[216.235s][info][gc          ] GC(53) Pause Cleanup 721M->721M(942M) 1.885ms
[216.236s][info][gc,cpu      ] GC(53) User=0.01s Sys=0.00s Real=0.00s
[216.243s][info][gc,marking  ] GC(53) Concurrent Clear Claimed Marks
[216.245s][info][gc,marking  ] GC(53) Concurrent Clear Claimed Marks 1.642ms
[216.246s][info][gc,marking  ] GC(53) Concurrent Cleanup for Next Mark
[216.252s][info][gc,marking  ] GC(53) Concurrent Cleanup for Next Mark 6.239ms
[216.253s][info][gc          ] GC(53) Concurrent Mark Cycle 1000.748ms
[216.578s][info][gc,start    ] GC(54) Pause Young (Prepare Mixed) (G1 Evacuation Pause)
[216.579s][info][gc,task     ] GC(54) Using 13 workers of 13 for evacuation
[216.618s][info][gc,phases   ] GC(54)   Pre Evacuate Collection Set: 1.1ms
[216.619s][info][gc,phases   ] GC(54)   Merge Heap Roots: 0.8ms
[216.620s][info][gc,phases   ] GC(54)   Evacuate Collection Set: 33.9ms
[216.620s][info][gc,phases   ] GC(54)   Post Evacuate Collection Set: 2.4ms
[216.620s][info][gc,phases   ] GC(54)   Other: 0.8ms
[216.620s][info][gc,heap     ] GC(54) Eden regions: 144->0(123)
[216.621s][info][gc,heap     ] GC(54) Survivor regions: 14->20(20)
[216.621s][info][gc,heap     ] GC(54) Old regions: 242->257
[216.621s][info][gc,heap     ] GC(54) Humongous regions: 12->12
[216.621s][info][gc,metaspace] GC(54) Metaspace: 194107K(196736K)->194107K(196736K) NonClass: 170457K(171968K)->170457K(171968K) Class: 23649K(24768K)->23649K(24768K)
[216.622s][info][gc          ] GC(54) Pause Young (Prepare Mixed) (G1 Evacuation Pause) 821M->575M(942M) 43.713ms
[216.622s][info][gc,cpu      ] GC(54) User=0.47s Sys=0.02s Real=0.05s
[217.749s][info][gc,start    ] GC(55) Pause Young (Mixed) (G1 Evacuation Pause)
[217.750s][info][gc,task     ] GC(55) Using 13 workers of 13 for evacuation
[217.800s][info][gc,phases   ] GC(55)   Pre Evacuate Collection Set: 1.1ms
[217.801s][info][gc,phases   ] GC(55)   Merge Heap Roots: 0.9ms
[217.801s][info][gc,phases   ] GC(55)   Evacuate Collection Set: 44.7ms
[217.801s][info][gc,phases   ] GC(55)   Post Evacuate Collection Set: 2.0ms
[217.801s][info][gc,phases   ] GC(55)   Other: 1.0ms
[217.802s][info][gc,heap     ] GC(55) Eden regions: 123->0(141)
[217.802s][info][gc,heap     ] GC(55) Survivor regions: 20->18(18)
[217.802s][info][gc,heap     ] GC(55) Old regions: 257->238
[217.803s][info][gc,heap     ] GC(55) Humongous regions: 12->12
[217.803s][info][gc,metaspace] GC(55) Metaspace: 194126K(196736K)->194126K(196736K) NonClass: 170476K(171968K)->170476K(171968K) Class: 23649K(24768K)->23649K(24768K)
[217.803s][info][gc          ] GC(55) Pause Young (Mixed) (G1 Evacuation Pause) 821M->533M(942M) 53.948ms
[217.803s][info][gc,cpu      ] GC(55) User=0.58s Sys=0.02s Real=0.06s
[218.807s][info][gc,start    ] GC(56) Pause Young (Concurrent Start) (G1 Evacuation Pause)
[218.808s][info][gc,task     ] GC(56) Using 13 workers of 13 for evacuation
[218.860s][info][gc,phases   ] GC(56)   Pre Evacuate Collection Set: 0.9ms
[218.860s][info][gc,phases   ] GC(56)   Merge Heap Roots: 0.7ms
[218.861s][info][gc,phases   ] GC(56)   Evacuate Collection Set: 46.4ms
[218.861s][info][gc,phases   ] GC(56)   Post Evacuate Collection Set: 3.3ms
[218.861s][info][gc,phases   ] GC(56)   Other: 0.6ms
[218.862s][info][gc,heap     ] GC(56) Eden regions: 141->0(138)
[218.862s][info][gc,heap     ] GC(56) Survivor regions: 18->15(20)
[218.862s][info][gc,heap     ] GC(56) Old regions: 238->251
[218.862s][info][gc,heap     ] GC(56) Humongous regions: 12->12
[218.863s][info][gc,metaspace] GC(56) Metaspace: 194128K(196736K)->194128K(196736K) NonClass: 170478K(171968K)->170478K(171968K) Class: 23649K(24768K)->23649K(24768K)
[218.863s][info][gc          ] GC(56) Pause Young (Concurrent Start) (G1 Evacuation Pause) 815M->553M(942M) 55.976ms
[218.863s][info][gc,cpu      ] GC(56) User=0.62s Sys=0.03s Real=0.06s
[218.863s][info][gc          ] GC(57) Concurrent Mark Cycle
[218.870s][info][gc,marking  ] GC(57) Concurrent Scan Root Regions
[218.936s][info][gc,marking  ] GC(57) Concurrent Scan Root Regions 65.499ms
[218.973s][info][gc,marking  ] GC(57) Concurrent Mark
[218.976s][info][gc,marking  ] GC(57) Concurrent Mark From Roots
[218.987s][info][gc,task     ] GC(57) Using 3 workers of 3 for marking
[219.507s][info][gc,marking  ] GC(57) Concurrent Mark From Roots 530.952ms
[219.508s][info][gc,marking  ] GC(57) Concurrent Preclean
[219.510s][info][gc,marking  ] GC(57) Concurrent Preclean 1.784ms
[219.513s][info][gc,start    ] GC(57) Pause Remark
[219.527s][info][gc          ] GC(57) Pause Remark 674M->644M(942M) 14.389ms
[219.528s][info][gc,cpu      ] GC(57) User=0.10s Sys=0.01s Real=0.01s
[219.529s][info][gc,marking  ] GC(57) Concurrent Mark 555.848ms
[219.532s][info][gc,marking  ] GC(57) Concurrent Rebuild Remembered Sets and Scrub Regions
[219.838s][info][gc,marking  ] GC(57) Concurrent Rebuild Remembered Sets and Scrub Regions 306.060ms
[219.840s][info][gc,start    ] GC(57) Pause Cleanup
[219.841s][info][gc          ] GC(57) Pause Cleanup 709M->709M(942M) 1.225ms
[219.841s][info][gc,cpu      ] GC(57) User=0.00s Sys=0.00s Real=0.00s
[219.847s][info][gc,marking  ] GC(57) Concurrent Clear Claimed Marks
[219.849s][info][gc,marking  ] GC(57) Concurrent Clear Claimed Marks 1.990ms
[219.855s][info][gc,marking  ] GC(57) Concurrent Cleanup for Next Mark
[219.871s][info][gc,marking  ] GC(57) Concurrent Cleanup for Next Mark 15.948ms
[219.872s][info][gc          ] GC(57) Concurrent Mark Cycle 1008.655ms
[220.202s][info][gc,start    ] GC(58) Pause Young (Prepare Mixed) (G1 Evacuation Pause)
[220.203s][info][gc,task     ] GC(58) Using 13 workers of 13 for evacuation
[220.233s][info][gc,phases   ] GC(58)   Pre Evacuate Collection Set: 0.8ms
[220.233s][info][gc,phases   ] GC(58)   Merge Heap Roots: 0.7ms
[220.233s][info][gc,phases   ] GC(58)   Evacuate Collection Set: 26.2ms
[220.234s][info][gc,phases   ] GC(58)   Post Evacuate Collection Set: 1.7ms
[220.234s][info][gc,phases   ] GC(58)   Other: 0.5ms
[220.234s][info][gc,heap     ] GC(58) Eden regions: 138->0(143)
[220.234s][info][gc,heap     ] GC(58) Survivor regions: 15->16(20)
[220.235s][info][gc,heap     ] GC(58) Old regions: 239->249
[220.235s][info][gc,heap     ] GC(58) Humongous regions: 9->9
[220.235s][info][gc,metaspace] GC(58) Metaspace: 194131K(196736K)->194131K(196736K) NonClass: 170481K(171968K)->170481K(171968K) Class: 23649K(24768K)->23649K(24768K)
[220.236s][info][gc          ] GC(58) Pause Young (Prepare Mixed) (G1 Evacuation Pause) 799M->544M(942M) 33.441ms
[220.236s][info][gc,cpu      ] GC(58) User=0.37s Sys=0.01s Real=0.03s
[221.396s][info][gc,start    ] GC(59) Pause Young (Mixed) (G1 Evacuation Pause)
[221.396s][info][gc,task     ] GC(59) Using 13 workers of 13 for evacuation
[221.430s][info][gc,phases   ] GC(59)   Pre Evacuate Collection Set: 0.6ms
[221.431s][info][gc,phases   ] GC(59)   Merge Heap Roots: 0.5ms
[221.431s][info][gc,phases   ] GC(59)   Evacuate Collection Set: 28.0ms
[221.431s][info][gc,phases   ] GC(59)   Post Evacuate Collection Set: 4.1ms
[221.432s][info][gc,phases   ] GC(59)   Other: 0.5ms
[221.432s][info][gc,heap     ] GC(59) Eden regions: 143->0(314)
[221.432s][info][gc,heap     ] GC(59) Survivor regions: 16->15(20)
[221.433s][info][gc,heap     ] GC(59) Old regions: 249->219
[221.433s][info][gc,heap     ] GC(59) Humongous regions: 9->9
[221.433s][info][gc,metaspace] GC(59) Metaspace: 194145K(196736K)->194145K(196736K) NonClass: 170495K(171968K)->170495K(171968K) Class: 23649K(24768K)->23649K(24768K)
[221.433s][info][gc          ] GC(59) Pause Young (Mixed) (G1 Evacuation Pause) 830M->483M(1326M) 37.694ms
[221.434s][info][gc,cpu      ] GC(59) User=0.38s Sys=0.01s Real=0.04s
[224.296s][info][gc,start    ] GC(60) Pause Young (Mixed) (G1 Evacuation Pause)
[224.297s][info][gc,task     ] GC(60) Using 13 workers of 13 for evacuation
[224.324s][info][gc,phases   ] GC(60)   Pre Evacuate Collection Set: 0.6ms
[224.324s][info][gc,phases   ] GC(60)   Merge Heap Roots: 0.4ms
[224.324s][info][gc,phases   ] GC(60)   Evacuate Collection Set: 23.0ms
[224.325s][info][gc,phases   ] GC(60)   Post Evacuate Collection Set: 2.4ms
[224.325s][info][gc,phases   ] GC(60)   Other: 0.5ms
[224.325s][info][gc,heap     ] GC(60) Eden regions: 314->0(339)
[224.326s][info][gc,heap     ] GC(60) Survivor regions: 15->20(42)
[224.326s][info][gc,heap     ] GC(60) Old regions: 219->217
[224.326s][info][gc,heap     ] GC(60) Humongous regions: 9->9
[224.326s][info][gc,metaspace] GC(60) Metaspace: 194190K(196736K)->194190K(196736K) NonClass: 170532K(171968K)->170532K(171968K) Class: 23657K(24768K)->23657K(24768K)
[224.327s][info][gc          ] GC(60) Pause Young (Mixed) (G1 Evacuation Pause) 1111M->488M(1326M) 30.461ms
[224.327s][info][gc,cpu      ] GC(60) User=0.29s Sys=0.00s Real=0.03s
[227.105s][info][gc,start    ] GC(61) Pause Young (Normal) (G1 Evacuation Pause)
[227.106s][info][gc,task     ] GC(61) Using 13 workers of 13 for evacuation
[227.131s][info][gc,phases   ] GC(61)   Pre Evacuate Collection Set: 0.6ms
[227.132s][info][gc,phases   ] GC(61)   Merge Heap Roots: 0.4ms
[227.132s][info][gc,phases   ] GC(61)   Evacuate Collection Set: 21.2ms
[227.132s][info][gc,phases   ] GC(61)   Post Evacuate Collection Set: 2.4ms
[227.133s][info][gc,phases   ] GC(61)   Other: 0.6ms
[227.133s][info][gc,heap     ] GC(61) Eden regions: 339->0(348)
[227.133s][info][gc,heap     ] GC(61) Survivor regions: 20->21(45)
[227.134s][info][gc,heap     ] GC(61) Old regions: 217->217
[227.134s][info][gc,heap     ] GC(61) Humongous regions: 9->9
[227.134s][info][gc,metaspace] GC(61) Metaspace: 194201K(196800K)->194201K(196800K) NonClass: 170544K(172032K)->170544K(172032K) Class: 23657K(24768K)->23657K(24768K)
[227.134s][info][gc          ] GC(61) Pause Young (Normal) (G1 Evacuation Pause) 1166M->491M(1326M) 29.127ms
[227.135s][info][gc,cpu      ] GC(61) User=0.27s Sys=0.01s Real=0.03s
[229.816s][info][gc,start    ] GC(62) Pause Young (Normal) (G1 Evacuation Pause)
[229.816s][info][gc,task     ] GC(62) Using 13 workers of 13 for evacuation
[229.863s][info][gc,phases   ] GC(62)   Pre Evacuate Collection Set: 1.1ms
[229.864s][info][gc,phases   ] GC(62)   Merge Heap Roots: 0.7ms
[229.864s][info][gc,phases   ] GC(62)   Evacuate Collection Set: 41.0ms
[229.865s][info][gc,phases   ] GC(62)   Post Evacuate Collection Set: 3.5ms
[229.865s][info][gc,phases   ] GC(62)   Other: 0.8ms
[229.865s][info][gc,heap     ] GC(62) Eden regions: 348->0(331)
[229.865s][info][gc,heap     ] GC(62) Survivor regions: 21->36(47)
[229.866s][info][gc,heap     ] GC(62) Old regions: 217->217
[229.866s][info][gc,heap     ] GC(62) Humongous regions: 9->9
[229.866s][info][gc,metaspace] GC(62) Metaspace: 194203K(196800K)->194203K(196800K) NonClass: 170545K(172032K)->170545K(172032K) Class: 23657K(24768K)->23657K(24768K)
[229.866s][info][gc          ] GC(62) Pause Young (Normal) (G1 Evacuation Pause) 1187M->521M(1326M) 50.702ms
[229.867s][info][gc,cpu      ] GC(62) User=0.55s Sys=0.02s Real=0.05s
[232.662s][info][gc,start    ] GC(63) Pause Young (Concurrent Start) (G1 Evacuation Pause)
[232.663s][info][gc,task     ] GC(63) Using 13 workers of 13 for evacuation
[232.705s][info][gc,phases   ] GC(63)   Pre Evacuate Collection Set: 0.9ms
[232.706s][info][gc,phases   ] GC(63)   Merge Heap Roots: 0.5ms
[232.706s][info][gc,phases   ] GC(63)   Evacuate Collection Set: 37.6ms
[232.706s][info][gc,phases   ] GC(63)   Post Evacuate Collection Set: 2.7ms
[232.707s][info][gc,phases   ] GC(63)   Other: 0.7ms
[232.707s][info][gc,heap     ] GC(63) Eden regions: 331->0(332)
[232.707s][info][gc,heap     ] GC(63) Survivor regions: 36->29(46)
[232.708s][info][gc,heap     ] GC(63) Old regions: 217->227
[232.708s][info][gc,heap     ] GC(63) Humongous regions: 9->9
[232.708s][info][gc,metaspace] GC(63) Metaspace: 194204K(196800K)->194204K(196800K) NonClass: 170547K(172032K)->170547K(172032K) Class: 23657K(24768K)->23657K(24768K)
[232.709s][info][gc          ] GC(63) Pause Young (Concurrent Start) (G1 Evacuation Pause) 1183M->528M(1326M) 46.650ms
[232.709s][info][gc,cpu      ] GC(63) User=0.49s Sys=0.00s Real=0.04s
[232.709s][info][gc          ] GC(64) Concurrent Mark Cycle
[232.710s][info][gc,marking  ] GC(64) Concurrent Scan Root Regions
[232.742s][info][gc,marking  ] GC(64) Concurrent Scan Root Regions 32.177ms
[232.744s][info][gc,marking  ] GC(64) Concurrent Mark
[232.745s][info][gc,marking  ] GC(64) Concurrent Mark From Roots
[232.746s][info][gc,task     ] GC(64) Using 3 workers of 3 for marking
[233.240s][info][gc,marking  ] GC(64) Concurrent Mark From Roots 494.998ms
[233.245s][info][gc,marking  ] GC(64) Concurrent Preclean
[233.249s][info][gc,marking  ] GC(64) Concurrent Preclean 4.316ms
[233.254s][info][gc,start    ] GC(64) Pause Remark
[233.267s][info][gc          ] GC(64) Pause Remark 668M->652M(1326M) 13.083ms
[233.268s][info][gc,cpu      ] GC(64) User=0.09s Sys=0.00s Real=0.01s
[233.271s][info][gc,marking  ] GC(64) Concurrent Mark 527.010ms
[233.274s][info][gc,marking  ] GC(64) Concurrent Rebuild Remembered Sets and Scrub Regions
[233.520s][info][gc,marking  ] GC(64) Concurrent Rebuild Remembered Sets and Scrub Regions 245.679ms
[233.525s][info][gc,start    ] GC(64) Pause Cleanup
[233.527s][info][gc          ] GC(64) Pause Cleanup 732M->732M(1326M) 1.791ms
[233.528s][info][gc,cpu      ] GC(64) User=0.00s Sys=0.00s Real=0.00s
[233.534s][info][gc,marking  ] GC(64) Concurrent Clear Claimed Marks
[233.536s][info][gc,marking  ] GC(64) Concurrent Clear Claimed Marks 2.453ms
[233.540s][info][gc,marking  ] GC(64) Concurrent Cleanup for Next Mark
[233.563s][info][gc,marking  ] GC(64) Concurrent Cleanup for Next Mark 23.270ms
[233.564s][info][gc          ] GC(64) Concurrent Mark Cycle 854.685ms
[234.848s][info][gc,start    ] GC(65) Pause Young (Prepare Mixed) (G1 Evacuation Pause)
[234.849s][info][gc,task     ] GC(65) Using 13 workers of 13 for evacuation
[234.886s][info][gc,phases   ] GC(65)   Pre Evacuate Collection Set: 0.6ms
[234.887s][info][gc,phases   ] GC(65)   Merge Heap Roots: 0.6ms
[234.887s][info][gc,phases   ] GC(65)   Evacuate Collection Set: 32.3ms
[234.887s][info][gc,phases   ] GC(65)   Post Evacuate Collection Set: 3.2ms
[234.888s][info][gc,phases   ] GC(65)   Other: 0.7ms
[234.888s][info][gc,heap     ] GC(65) Eden regions: 332->0(325)
[234.888s][info][gc,heap     ] GC(65) Survivor regions: 29->28(46)
[234.888s][info][gc,heap     ] GC(65) Old regions: 220->232
[234.888s][info][gc,heap     ] GC(65) Humongous regions: 8->8
[234.889s][info][gc,metaspace] GC(65) Metaspace: 194205K(196800K)->194205K(196800K) NonClass: 170547K(172032K)->170547K(172032K) Class: 23657K(24768K)->23657K(24768K)
[234.889s][info][gc          ] GC(65) Pause Young (Prepare Mixed) (G1 Evacuation Pause) 1176M->533M(1326M) 40.666ms
[234.889s][info][gc,cpu      ] GC(65) User=0.42s Sys=0.01s Real=0.04s
[236.357s][info][gc,start    ] GC(66) Pause Young (Mixed) (G1 Evacuation Pause)
[236.358s][info][gc,task     ] GC(66) Using 13 workers of 13 for evacuation
[236.380s][info][gc,phases   ] GC(66)   Pre Evacuate Collection Set: 0.8ms
[236.381s][info][gc,phases   ] GC(66)   Merge Heap Roots: 0.6ms
[236.382s][info][gc,phases   ] GC(66)   Evacuate Collection Set: 17.1ms
[236.382s][info][gc,phases   ] GC(66)   Post Evacuate Collection Set: 3.2ms
[236.383s][info][gc,phases   ] GC(66)   Other: 0.5ms
[236.384s][info][gc,heap     ] GC(66) Eden regions: 325->0(377)
[236.384s][info][gc,heap     ] GC(66) Survivor regions: 28->10(45)
[236.385s][info][gc,heap     ] GC(66) Old regions: 232->207
[236.385s][info][gc,heap     ] GC(66) Humongous regions: 8->8
[236.386s][info][gc,metaspace] GC(66) Metaspace: 194205K(196800K)->194205K(196800K) NonClass: 170547K(172032K)->170547K(172032K) Class: 23657K(24768K)->23657K(24768K)
[236.386s][info][gc          ] GC(66) Pause Young (Mixed) (G1 Evacuation Pause) 1183M->448M(1326M) 28.768ms
[236.386s][info][gc,cpu      ] GC(66) User=0.23s Sys=0.01s Real=0.03s
[238.611s][info][gc,start    ] GC(67) Pause Young (Concurrent Start) (G1 Evacuation Pause)
[238.612s][info][gc,task     ] GC(67) Using 13 workers of 13 for evacuation
[238.644s][info][gc,phases   ] GC(67)   Pre Evacuate Collection Set: 1.5ms
[238.645s][info][gc,phases   ] GC(67)   Merge Heap Roots: 0.7ms
[238.645s][info][gc,phases   ] GC(67)   Evacuate Collection Set: 24.5ms
[238.645s][info][gc,phases   ] GC(67)   Post Evacuate Collection Set: 4.5ms
[238.646s][info][gc,phases   ] GC(67)   Other: 1.0ms
[238.647s][info][gc,heap     ] GC(67) Eden regions: 377->0(371)
[238.648s][info][gc,heap     ] GC(67) Survivor regions: 10->19(49)
[238.649s][info][gc,heap     ] GC(67) Old regions: 207->207
[238.649s][info][gc,heap     ] GC(67) Humongous regions: 8->8
[238.650s][info][gc,metaspace] GC(67) Metaspace: 194213K(196800K)->194213K(196800K) NonClass: 170555K(172032K)->170555K(172032K) Class: 23657K(24768K)->23657K(24768K)
[238.650s][info][gc          ] GC(67) Pause Young (Concurrent Start) (G1 Evacuation Pause) 1202M->466M(1326M) 38.701ms
[238.651s][info][gc,cpu      ] GC(67) User=0.30s Sys=0.01s Real=0.03s
[238.651s][info][gc          ] GC(68) Concurrent Mark Cycle
[238.655s][info][gc,marking  ] GC(68) Concurrent Scan Root Regions
[238.699s][info][gc,marking  ] GC(68) Concurrent Scan Root Regions 44.113ms
[238.701s][info][gc,marking  ] GC(68) Concurrent Mark
[238.708s][info][gc,marking  ] GC(68) Concurrent Mark From Roots
[238.717s][info][gc,task     ] GC(68) Using 3 workers of 3 for marking
[239.436s][info][gc,marking  ] GC(68) Concurrent Mark From Roots 727.432ms
[239.441s][info][gc,marking  ] GC(68) Concurrent Preclean
[239.449s][info][gc,marking  ] GC(68) Concurrent Preclean 7.937ms
[239.456s][info][gc,start    ] GC(68) Pause Remark
[239.471s][info][gc          ] GC(68) Pause Remark 694M->694M(1326M) 15.475ms
[239.472s][info][gc,cpu      ] GC(68) User=0.13s Sys=0.00s Real=0.02s
[239.473s][info][gc,marking  ] GC(68) Concurrent Mark 771.757ms
[239.476s][info][gc,marking  ] GC(68) Concurrent Rebuild Remembered Sets and Scrub Regions
[239.797s][info][gc,marking  ] GC(68) Concurrent Rebuild Remembered Sets and Scrub Regions 320.822ms
[239.798s][info][gc,start    ] GC(68) Pause Cleanup
[239.799s][info][gc          ] GC(68) Pause Cleanup 814M->814M(1326M) 1.053ms
[239.799s][info][gc,cpu      ] GC(68) User=0.00s Sys=0.00s Real=0.01s
[239.801s][info][gc,marking  ] GC(68) Concurrent Clear Claimed Marks
[239.808s][info][gc,marking  ] GC(68) Concurrent Clear Claimed Marks 6.851ms
[239.810s][info][gc,marking  ] GC(68) Concurrent Cleanup for Next Mark
[239.819s][info][gc,marking  ] GC(68) Concurrent Cleanup for Next Mark 8.518ms
[239.820s][info][gc          ] GC(68) Concurrent Mark Cycle 1169.407ms
[240.708s][info][gc,start    ] GC(69) Pause Young (Prepare Mixed) (G1 Evacuation Pause)
[240.709s][info][gc,task     ] GC(69) Using 13 workers of 13 for evacuation
[240.751s][info][gc,phases   ] GC(69)   Pre Evacuate Collection Set: 1.8ms
[240.752s][info][gc,phases   ] GC(69)   Merge Heap Roots: 1.3ms
[240.753s][info][gc,phases   ] GC(69)   Evacuate Collection Set: 31.4ms
[240.753s][info][gc,phases   ] GC(69)   Post Evacuate Collection Set: 6.0ms
[240.753s][info][gc,phases   ] GC(69)   Other: 1.3ms
[240.753s][info][gc,heap     ] GC(69) Eden regions: 371->0(364)
[240.754s][info][gc,heap     ] GC(69) Survivor regions: 19->25(49)
[240.754s][info][gc,heap     ] GC(69) Old regions: 207->207
[240.754s][info][gc,heap     ] GC(69) Humongous regions: 8->8
[240.755s][info][gc,metaspace] GC(69) Metaspace: 194216K(196800K)->194216K(196800K) NonClass: 170558K(172032K)->170558K(172032K) Class: 23657K(24768K)->23657K(24768K)
[240.755s][info][gc          ] GC(69) Pause Young (Prepare Mixed) (G1 Evacuation Pause) 1208M->476M(1326M) 46.609ms
[240.755s][info][gc,cpu      ] GC(69) User=0.40s Sys=0.02s Real=0.05s
[244.700s][info][gc,start    ] GC(70) Pause Young (Mixed) (G1 Evacuation Pause)
[244.702s][info][gc,task     ] GC(70) Using 13 workers of 13 for evacuation
[244.741s][info][gc,phases   ] GC(70)   Pre Evacuate Collection Set: 1.0ms
[244.742s][info][gc,phases   ] GC(70)   Merge Heap Roots: 0.7ms
[244.743s][info][gc,phases   ] GC(70)   Evacuate Collection Set: 30.5ms
[244.745s][info][gc,phases   ] GC(70)   Post Evacuate Collection Set: 5.6ms
[244.746s][info][gc,phases   ] GC(70)   Other: 1.6ms
[244.748s][info][gc,heap     ] GC(70) Eden regions: 364->0(380)
[244.749s][info][gc,heap     ] GC(70) Survivor regions: 25->17(49)
[244.751s][info][gc,heap     ] GC(70) Old regions: 207->199
[244.753s][info][gc,heap     ] GC(70) Humongous regions: 8->8
[244.754s][info][gc,metaspace] GC(70) Metaspace: 194321K(196864K)->194321K(196864K) NonClass: 170662K(172096K)->170662K(172096K) Class: 23659K(24768K)->23659K(24768K)
[244.756s][info][gc          ] GC(70) Pause Young (Mixed) (G1 Evacuation Pause) 1204M->445M(1326M) 55.607ms
[244.757s][info][gc,cpu      ] GC(70) User=0.41s Sys=0.02s Real=0.05s
[244.764s][info][gc,start    ] GC(71) Pause Young (Concurrent Start) (G1 Humongous Allocation)
[244.766s][info][gc,task     ] GC(71) Using 13 workers of 13 for evacuation
[244.789s][info][gc,phases   ] GC(71)   Pre Evacuate Collection Set: 1.2ms
[244.791s][info][gc,phases   ] GC(71)   Merge Heap Roots: 0.5ms
[244.793s][info][gc,phases   ] GC(71)   Evacuate Collection Set: 16.6ms
[244.794s][info][gc,phases   ] GC(71)   Post Evacuate Collection Set: 3.5ms
[244.795s][info][gc,phases   ] GC(71)   Other: 1.3ms
[244.796s][info][gc,heap     ] GC(71) Eden regions: 6->0(382)
[244.797s][info][gc,heap     ] GC(71) Survivor regions: 17->15(50)
[244.798s][info][gc,heap     ] GC(71) Old regions: 199->199
[244.798s][info][gc,heap     ] GC(71) Humongous regions: 8->8
[244.799s][info][gc,metaspace] GC(71) Metaspace: 194329K(196864K)->194329K(196864K) NonClass: 170670K(172096K)->170670K(172096K) Class: 23659K(24768K)->23659K(24768K)
[244.800s][info][gc          ] GC(71) Pause Young (Concurrent Start) (G1 Humongous Allocation) 455M->440M(1326M) 36.246ms
[244.801s][info][gc          ] GC(72) Concurrent Mark Cycle
[244.801s][info][gc,cpu      ] GC(71) User=0.21s Sys=0.01s Real=0.04s
[244.802s][info][gc,marking  ] GC(72) Concurrent Scan Root Regions
[244.827s][info][gc,marking  ] GC(72) Concurrent Scan Root Regions 25.356ms
[244.831s][info][gc,marking  ] GC(72) Concurrent Mark
[244.836s][info][gc,marking  ] GC(72) Concurrent Mark From Roots
[244.844s][info][gc,task     ] GC(72) Using 3 workers of 3 for marking
[245.714s][info][gc,marking  ] GC(72) Concurrent Mark From Roots 878.041ms
[245.724s][info][gc,marking  ] GC(72) Concurrent Preclean
[245.731s][info][gc,marking  ] GC(72) Concurrent Preclean 6.653ms
[245.741s][info][gc,start    ] GC(72) Pause Remark
[245.775s][info][gc          ] GC(72) Pause Remark 585M->583M(1326M) 33.642ms
[245.776s][info][gc,cpu      ] GC(72) User=0.12s Sys=0.04s Real=0.03s
[245.778s][info][gc,marking  ] GC(72) Concurrent Mark 946.295ms
[245.794s][info][gc,marking  ] GC(72) Concurrent Rebuild Remembered Sets and Scrub Regions
[246.139s][info][gc,marking  ] GC(72) Concurrent Rebuild Remembered Sets and Scrub Regions 345.097ms
[246.143s][info][gc,start    ] GC(72) Pause Cleanup
[246.144s][info][gc          ] GC(72) Pause Cleanup 657M->657M(1326M) 1.892ms
[246.145s][info][gc,cpu      ] GC(72) User=0.00s Sys=0.01s Real=0.00s
[246.147s][info][gc,marking  ] GC(72) Concurrent Clear Claimed Marks
[246.149s][info][gc,marking  ] GC(72) Concurrent Clear Claimed Marks 2.272ms
[246.151s][info][gc,marking  ] GC(72) Concurrent Cleanup for Next Mark
[246.163s][info][gc,marking  ] GC(72) Concurrent Cleanup for Next Mark 12.618ms
[246.165s][info][gc          ] GC(72) Concurrent Mark Cycle 1364.151ms
[249.426s][info][gc,start    ] GC(73) Pause Young (Prepare Mixed) (G1 Evacuation Pause)
[249.427s][info][gc,task     ] GC(73) Using 13 workers of 13 for evacuation
[249.457s][info][gc,phases   ] GC(73)   Pre Evacuate Collection Set: 0.8ms
[249.458s][info][gc,phases   ] GC(73)   Merge Heap Roots: 0.6ms
[249.459s][info][gc,phases   ] GC(73)   Evacuate Collection Set: 22.8ms
[249.459s][info][gc,phases   ] GC(73)   Post Evacuate Collection Set: 4.7ms
[249.460s][info][gc,phases   ] GC(73)   Other: 0.8ms
[249.461s][info][gc,heap     ] GC(73) Eden regions: 382->0(377)
[249.461s][info][gc,heap     ] GC(73) Survivor regions: 15->20(50)
[249.462s][info][gc,heap     ] GC(73) Old regions: 198->198
[249.463s][info][gc,heap     ] GC(73) Humongous regions: 21->8
[249.463s][info][gc,metaspace] GC(73) Metaspace: 194333K(196864K)->194333K(196864K) NonClass: 170674K(172096K)->170674K(172096K) Class: 23659K(24768K)->23659K(24768K)
[249.464s][info][gc          ] GC(73) Pause Young (Prepare Mixed) (G1 Evacuation Pause) 1228M->449M(1326M) 37.613ms
[249.464s][info][gc,cpu      ] GC(73) User=0.30s Sys=0.00s Real=0.04s
[252.837s][info][gc,start    ] GC(74) Pause Young (Mixed) (G1 Evacuation Pause)
[252.838s][info][gc,task     ] GC(74) Using 13 workers of 13 for evacuation
[252.897s][info][gc,phases   ] GC(74)   Pre Evacuate Collection Set: 1.1ms
[252.898s][info][gc,phases   ] GC(74)   Merge Heap Roots: 1.2ms
[252.898s][info][gc,phases   ] GC(74)   Evacuate Collection Set: 46.5ms
[252.899s][info][gc,phases   ] GC(74)   Post Evacuate Collection Set: 8.7ms
[252.900s][info][gc,phases   ] GC(74)   Other: 1.6ms
[252.900s][info][gc,heap     ] GC(74) Eden regions: 377->0(370)
[252.901s][info][gc,heap     ] GC(74) Survivor regions: 20->27(50)
[252.901s][info][gc,heap     ] GC(74) Old regions: 198->191
[252.902s][info][gc,heap     ] GC(74) Humongous regions: 9->8
[252.902s][info][gc,metaspace] GC(74) Metaspace: 194354K(196864K)->194354K(196864K) NonClass: 170695K(172096K)->170695K(172096K) Class: 23659K(24768K)->23659K(24768K)
[252.903s][info][gc          ] GC(74) Pause Young (Mixed) (G1 Evacuation Pause) 1205M->449M(1326M) 66.170ms
[252.903s][info][gc,cpu      ] GC(74) User=0.60s Sys=0.02s Real=0.07s
[255.900s][info][gc,start    ] GC(75) Pause Young (Concurrent Start) (G1 Humongous Allocation)
[255.901s][info][gc,task     ] GC(75) Using 13 workers of 13 for evacuation
[255.957s][info][gc,phases   ] GC(75)   Pre Evacuate Collection Set: 1.2ms
[255.957s][info][gc,phases   ] GC(75)   Merge Heap Roots: 0.8ms
[255.958s][info][gc,phases   ] GC(75)   Evacuate Collection Set: 43.2ms
[255.958s][info][gc,phases   ] GC(75)   Post Evacuate Collection Set: 8.6ms
[255.959s][info][gc,phases   ] GC(75)   Other: 1.5ms
[255.959s][info][gc,heap     ] GC(75) Eden regions: 282->0(371)
[255.960s][info][gc,heap     ] GC(75) Survivor regions: 27->26(50)
[255.960s][info][gc,heap     ] GC(75) Old regions: 191->191
[255.961s][info][gc,heap     ] GC(75) Humongous regions: 8->8
[255.961s][info][gc,metaspace] GC(75) Metaspace: 199723K(202176K)->199723K(202176K) NonClass: 175310K(176768K)->175310K(176768K) Class: 24412K(25408K)->24412K(25408K)
[255.962s][info][gc          ] GC(75) Pause Young (Concurrent Start) (G1 Humongous Allocation) 1012M->447M(1326M) 61.436ms
[255.963s][info][gc          ] GC(76) Concurrent Mark Cycle
[255.963s][info][gc,cpu      ] GC(75) User=0.53s Sys=0.03s Real=0.06s
[255.964s][info][gc,marking  ] GC(76) Concurrent Scan Root Regions
[256.005s][info][gc,marking  ] GC(76) Concurrent Scan Root Regions 41.281ms
[256.008s][info][gc,marking  ] GC(76) Concurrent Mark
[256.014s][info][gc,marking  ] GC(76) Concurrent Mark From Roots
[256.016s][info][gc,task     ] GC(76) Using 3 workers of 3 for marking
[256.757s][info][gc,marking  ] GC(76) Concurrent Mark From Roots 742.438ms
[256.763s][info][gc,marking  ] GC(76) Concurrent Preclean
[256.765s][info][gc,marking  ] GC(76) Concurrent Preclean 4.154ms
[256.767s][info][gc,start    ] GC(76) Pause Remark
[256.792s][info][gc          ] GC(76) Pause Remark 634M->634M(1326M) 24.284ms
[256.792s][info][gc,cpu      ] GC(76) User=0.17s Sys=0.01s Real=0.03s
[256.794s][info][gc,marking  ] GC(76) Concurrent Mark 785.559ms
[256.800s][info][gc,marking  ] GC(76) Concurrent Rebuild Remembered Sets and Scrub Regions
[257.331s][info][gc,marking  ] GC(76) Concurrent Rebuild Remembered Sets and Scrub Regions 531.152ms
[257.337s][info][gc,start    ] GC(76) Pause Cleanup
[257.339s][info][gc          ] GC(76) Pause Cleanup 781M->781M(1326M) 1.508ms
[257.340s][info][gc,cpu      ] GC(76) User=0.00s Sys=0.00s Real=0.01s
[257.341s][info][gc,marking  ] GC(76) Concurrent Clear Claimed Marks
[257.351s][info][gc,marking  ] GC(76) Concurrent Clear Claimed Marks 9.887ms
[257.355s][info][gc,marking  ] GC(76) Concurrent Cleanup for Next Mark
[257.376s][info][gc,marking  ] GC(76) Concurrent Cleanup for Next Mark 21.542ms
[257.377s][info][gc          ] GC(76) Concurrent Mark Cycle 1414.411ms
[260.299s][info][gc,start    ] GC(77) Pause Young (Prepare Mixed) (G1 Evacuation Pause)
[260.301s][info][gc,task     ] GC(77) Using 13 workers of 13 for evacuation
[260.343s][info][gc,phases   ] GC(77)   Pre Evacuate Collection Set: 0.8ms
[260.344s][info][gc,phases   ] GC(77)   Merge Heap Roots: 0.7ms
[260.345s][info][gc,phases   ] GC(77)   Evacuate Collection Set: 35.4ms
[260.345s][info][gc,phases   ] GC(77)   Post Evacuate Collection Set: 4.3ms
[260.346s][info][gc,phases   ] GC(77)   Other: 1.3ms
[260.346s][info][gc,heap     ] GC(77) Eden regions: 371->0(373)
[260.347s][info][gc,heap     ] GC(77) Survivor regions: 26->24(50)
[260.347s][info][gc,heap     ] GC(77) Old regions: 191->191
[260.348s][info][gc,heap     ] GC(77) Humongous regions: 23->9
[260.349s][info][gc,metaspace] GC(77) Metaspace: 201686K(204160K)->201686K(204160K) NonClass: 177000K(178432K)->177000K(178432K) Class: 24685K(25728K)->24685K(25728K)
[260.350s][info][gc          ] GC(77) Pause Young (Prepare Mixed) (G1 Evacuation Pause) 1219M->444M(1326M) 50.441ms
[260.350s][info][gc,cpu      ] GC(77) User=0.44s Sys=0.02s Real=0.04s
[282.759s][info][gc,start    ] GC(78) Pause Young (Mixed) (G1 Evacuation Pause)
[282.760s][info][gc,task     ] GC(78) Using 13 workers of 13 for evacuation
[282.806s][info][gc,phases   ] GC(78)   Pre Evacuate Collection Set: 1.2ms
[282.806s][info][gc,phases   ] GC(78)   Merge Heap Roots: 1.0ms
[282.807s][info][gc,phases   ] GC(78)   Evacuate Collection Set: 38.5ms
[282.807s][info][gc,phases   ] GC(78)   Post Evacuate Collection Set: 3.9ms
[282.807s][info][gc,phases   ] GC(78)   Other: 1.2ms
[282.807s][info][gc,heap     ] GC(78) Eden regions: 373->0(365)
[282.808s][info][gc,heap     ] GC(78) Survivor regions: 24->32(50)
[282.808s][info][gc,heap     ] GC(78) Old regions: 191->184
[282.808s][info][gc,heap     ] GC(78) Humongous regions: 9->9
[282.808s][info][gc,metaspace] GC(78) Metaspace: 201695K(204224K)->201695K(204224K) NonClass: 177007K(178496K)->177007K(178496K) Class: 24688K(25728K)->24688K(25728K)
[282.809s][info][gc          ] GC(78) Pause Young (Mixed) (G1 Evacuation Pause) 1190M->446M(1326M) 49.620ms
[282.809s][info][gc,cpu      ] GC(78) User=0.49s Sys=0.02s Real=0.04s
[291.711s][info][gc,start    ] GC(79) Pause Young (Concurrent Start) (G1 Humongous Allocation)
[291.711s][info][gc,task     ] GC(79) Using 13 workers of 13 for evacuation
[291.757s][info][gc,phases   ] GC(79)   Pre Evacuate Collection Set: 0.7ms
[291.758s][info][gc,phases   ] GC(79)   Merge Heap Roots: 0.5ms
[291.758s][info][gc,phases   ] GC(79)   Evacuate Collection Set: 40.4ms
[291.759s][info][gc,phases   ] GC(79)   Post Evacuate Collection Set: 3.2ms
[291.759s][info][gc,phases   ] GC(79)   Other: 0.6ms
[291.759s][info][gc,heap     ] GC(79) Eden regions: 104->0(367)
[291.760s][info][gc,heap     ] GC(79) Survivor regions: 32->30(50)
[291.760s][info][gc,heap     ] GC(79) Old regions: 184->189
[291.760s][info][gc,heap     ] GC(79) Humongous regions: 9->9
[291.760s][info][gc,metaspace] GC(79) Metaspace: 201726K(204224K)->201726K(204224K) NonClass: 177037K(178496K)->177037K(178496K) Class: 24688K(25728K)->24688K(25728K)
[291.761s][info][gc          ] GC(79) Pause Young (Concurrent Start) (G1 Humongous Allocation) 652M->453M(1326M) 49.848ms
[291.761s][info][gc,cpu      ] GC(79) User=0.51s Sys=0.01s Real=0.05s
[291.761s][info][gc          ] GC(80) Concurrent Mark Cycle
[291.762s][info][gc,marking  ] GC(80) Concurrent Scan Root Regions
[291.805s][info][gc,marking  ] GC(80) Concurrent Scan Root Regions 42.550ms
[291.806s][info][gc,marking  ] GC(80) Concurrent Mark
[291.807s][info][gc,marking  ] GC(80) Concurrent Mark From Roots
[291.809s][info][gc,task     ] GC(80) Using 3 workers of 3 for marking
[292.340s][info][gc,marking  ] GC(80) Concurrent Mark From Roots 533.096ms
[292.341s][info][gc,marking  ] GC(80) Concurrent Preclean
[292.343s][info][gc,marking  ] GC(80) Concurrent Preclean 1.772ms
[292.345s][info][gc,start    ] GC(80) Pause Remark
[292.371s][info][gc          ] GC(80) Pause Remark 523M->521M(1326M) 26.308ms
[292.372s][info][gc,cpu      ] GC(80) User=0.22s Sys=0.01s Real=0.03s
[292.372s][info][gc,marking  ] GC(80) Concurrent Mark 566.910ms
[292.374s][info][gc,marking  ] GC(80) Concurrent Rebuild Remembered Sets and Scrub Regions
[292.633s][info][gc,marking  ] GC(80) Concurrent Rebuild Remembered Sets and Scrub Regions 259.354ms
[292.634s][info][gc,start    ] GC(80) Pause Cleanup
[292.637s][info][gc          ] GC(80) Pause Cleanup 531M->531M(1326M) 2.529ms
[292.637s][info][gc,cpu      ] GC(80) User=0.00s Sys=0.00s Real=0.00s
[292.639s][info][gc,marking  ] GC(80) Concurrent Clear Claimed Marks
[292.641s][info][gc,marking  ] GC(80) Concurrent Clear Claimed Marks 2.503ms
[292.645s][info][gc,marking  ] GC(80) Concurrent Cleanup for Next Mark
[292.655s][info][gc,marking  ] GC(80) Concurrent Cleanup for Next Mark 9.915ms
[292.657s][info][gc          ] GC(80) Concurrent Mark Cycle 895.921ms
[296.596s][info][gc,start    ] GC(81) Pause Young (Prepare Mixed) (G1 Evacuation Pause)
[296.597s][info][gc,task     ] GC(81) Using 13 workers of 13 for evacuation
[296.663s][info][gc,phases   ] GC(81)   Pre Evacuate Collection Set: 1.1ms
[296.664s][info][gc,phases   ] GC(81)   Merge Heap Roots: 0.9ms
[296.664s][info][gc,phases   ] GC(81)   Evacuate Collection Set: 61.1ms
[296.665s][info][gc,phases   ] GC(81)   Post Evacuate Collection Set: 2.6ms
[296.665s][info][gc,phases   ] GC(81)   Other: 0.8ms
[296.665s][info][gc,heap     ] GC(81) Eden regions: 367->0(336)
[296.665s][info][gc,heap     ] GC(81) Survivor regions: 30->46(50)
[296.666s][info][gc,heap     ] GC(81) Old regions: 189->193
[296.666s][info][gc,heap     ] GC(81) Humongous regions: 34->15
[296.666s][info][gc,metaspace] GC(81) Metaspace: 201743K(204224K)->201743K(204224K) NonClass: 177053K(178496K)->177053K(178496K) Class: 24689K(25728K)->24689K(25728K)
[296.666s][info][gc          ] GC(81) Pause Young (Prepare Mixed) (G1 Evacuation Pause) 1237M->504M(1340M) 70.163ms
[296.667s][info][gc,cpu      ] GC(81) User=0.80s Sys=0.04s Real=0.07s
[298.086s][info][gc,start    ] GC(82) Pause Young (Mixed) (G1 Evacuation Pause)
[298.087s][info][gc,task     ] GC(82) Using 13 workers of 13 for evacuation
[298.142s][info][gc,phases   ] GC(82)   Pre Evacuate Collection Set: 1.4ms
[298.142s][info][gc,phases   ] GC(82)   Merge Heap Roots: 1.4ms
[298.142s][info][gc,phases   ] GC(82)   Evacuate Collection Set: 48.7ms
[298.143s][info][gc,phases   ] GC(82)   Post Evacuate Collection Set: 2.1ms
[298.143s][info][gc,phases   ] GC(82)   Other: 0.9ms
[298.143s][info][gc,heap     ] GC(82) Eden regions: 336->0(351)
[298.143s][info][gc,heap     ] GC(82) Survivor regions: 46->27(48)
[298.144s][info][gc,heap     ] GC(82) Old regions: 193->211
[298.144s][info][gc,heap     ] GC(82) Humongous regions: 22->14
[298.144s][info][gc,metaspace] GC(82) Metaspace: 201749K(204224K)->201749K(204224K) NonClass: 177059K(178496K)->177059K(178496K) Class: 24689K(25728K)->24689K(25728K)
[298.144s][info][gc          ] GC(82) Pause Young (Mixed) (G1 Evacuation Pause) 1190M->502M(1340M) 57.721ms
[298.144s][info][gc,cpu      ] GC(82) User=0.63s Sys=0.01s Real=0.06s
[299.859s][info][gc,start    ] GC(83) Pause Young (Concurrent Start) (G1 Evacuation Pause)
[299.860s][info][gc,task     ] GC(83) Using 13 workers of 13 for evacuation
[299.899s][info][gc,phases   ] GC(83)   Pre Evacuate Collection Set: 1.1ms
[299.899s][info][gc,phases   ] GC(83)   Merge Heap Roots: 0.9ms
[299.900s][info][gc,phases   ] GC(83)   Evacuate Collection Set: 31.9ms
[299.900s][info][gc,phases   ] GC(83)   Post Evacuate Collection Set: 3.5ms
[299.900s][info][gc,phases   ] GC(83)   Other: 1.0ms
[299.900s][info][gc,heap     ] GC(83) Eden regions: 351->0(355)
[299.901s][info][gc,heap     ] GC(83) Survivor regions: 27->11(48)
[299.901s][info][gc,heap     ] GC(83) Old regions: 211->231
[299.901s][info][gc,heap     ] GC(83) Humongous regions: 14->14
[299.902s][info][gc,metaspace] GC(83) Metaspace: 201758K(204224K)->201758K(204224K) NonClass: 177069K(178496K)->177069K(178496K) Class: 24689K(25728K)->24689K(25728K)
[299.902s][info][gc          ] GC(83) Pause Young (Concurrent Start) (G1 Evacuation Pause) 1204M->509M(1340M) 42.531ms
[299.903s][info][gc,cpu      ] GC(83) User=0.43s Sys=0.02s Real=0.04s
[299.903s][info][gc          ] GC(84) Concurrent Mark Cycle
[299.904s][info][gc,marking  ] GC(84) Concurrent Scan Root Regions
[299.934s][info][gc,marking  ] GC(84) Concurrent Scan Root Regions 30.753ms
[299.937s][info][gc,marking  ] GC(84) Concurrent Mark
[299.941s][info][gc,marking  ] GC(84) Concurrent Mark From Roots
[299.944s][info][gc,task     ] GC(84) Using 3 workers of 3 for marking
[300.464s][info][gc,marking  ] GC(84) Concurrent Mark From Roots 522.837ms
[300.466s][info][gc,marking  ] GC(84) Concurrent Preclean
[300.467s][info][gc,marking  ] GC(84) Concurrent Preclean 1.620ms
[300.469s][info][gc,start    ] GC(84) Pause Remark
[300.496s][info][gc          ] GC(84) Pause Remark 674M->652M(1340M) 26.857ms
[300.497s][info][gc,cpu      ] GC(84) User=0.19s Sys=0.01s Real=0.03s
[300.498s][info][gc,marking  ] GC(84) Concurrent Mark 560.700ms
[300.499s][info][gc,marking  ] GC(84) Concurrent Rebuild Remembered Sets and Scrub Regions
[300.776s][info][gc,marking  ] GC(84) Concurrent Rebuild Remembered Sets and Scrub Regions 277.794ms
[300.780s][info][gc,start    ] GC(84) Pause Cleanup
[300.782s][info][gc          ] GC(84) Pause Cleanup 714M->714M(1340M) 1.526ms
[300.782s][info][gc,cpu      ] GC(84) User=0.01s Sys=0.00s Real=0.00s
[300.784s][info][gc,marking  ] GC(84) Concurrent Clear Claimed Marks
[300.796s][info][gc,marking  ] GC(84) Concurrent Clear Claimed Marks 12.193ms
[300.797s][info][gc,marking  ] GC(84) Concurrent Cleanup for Next Mark
[300.807s][info][gc,marking  ] GC(84) Concurrent Cleanup for Next Mark 10.115ms
[300.808s][info][gc          ] GC(84) Concurrent Mark Cycle 905.842ms
[302.137s][info][gc,start    ] GC(85) Pause Young (Prepare Mixed) (G1 Evacuation Pause)
[302.137s][info][gc,task     ] GC(85) Using 13 workers of 13 for evacuation
[302.168s][info][gc,phases   ] GC(85)   Pre Evacuate Collection Set: 0.6ms
[302.169s][info][gc,phases   ] GC(85)   Merge Heap Roots: 0.6ms
[302.169s][info][gc,phases   ] GC(85)   Evacuate Collection Set: 26.3ms
[302.170s][info][gc,phases   ] GC(85)   Post Evacuate Collection Set: 3.0ms
[302.170s][info][gc,phases   ] GC(85)   Other: 0.5ms
[302.170s][info][gc,heap     ] GC(85) Eden regions: 355->0(348)
[302.171s][info][gc,heap     ] GC(85) Survivor regions: 11->27(46)
[302.171s][info][gc,heap     ] GC(85) Old regions: 223->223
[302.171s][info][gc,heap     ] GC(85) Humongous regions: 11->11
[302.172s][info][gc,metaspace] GC(85) Metaspace: 201761K(204224K)->201761K(204224K) NonClass: 177071K(178496K)->177071K(178496K) Class: 24689K(25728K)->24689K(25728K)
[302.172s][info][gc          ] GC(85) Pause Young (Prepare Mixed) (G1 Evacuation Pause) 1197M->518M(1340M) 35.257ms
[302.172s][info][gc,cpu      ] GC(85) User=0.33s Sys=0.01s Real=0.04s
[304.567s][info][gc,start    ] GC(86) Pause Young (Mixed) (G1 Evacuation Pause)
[304.567s][info][gc,task     ] GC(86) Using 13 workers of 13 for evacuation
[304.596s][info][gc,phases   ] GC(86)   Pre Evacuate Collection Set: 1.1ms
[304.597s][info][gc,phases   ] GC(86)   Merge Heap Roots: 0.8ms
[304.597s][info][gc,phases   ] GC(86)   Evacuate Collection Set: 23.3ms
[304.598s][info][gc,phases   ] GC(86)   Post Evacuate Collection Set: 2.9ms
[304.598s][info][gc,phases   ] GC(86)   Other: 0.6ms
[304.598s][info][gc,heap     ] GC(86) Eden regions: 348->0(371)
[304.599s][info][gc,heap     ] GC(86) Survivor regions: 27->15(47)
[304.599s][info][gc,heap     ] GC(86) Old regions: 223->215
[304.600s][info][gc,heap     ] GC(86) Humongous regions: 12->11
[304.600s][info][gc,metaspace] GC(86) Metaspace: 201828K(204288K)->201828K(204288K) NonClass: 177134K(178560K)->177134K(178560K) Class: 24694K(25728K)->24694K(25728K)
[304.601s][info][gc          ] GC(86) Pause Young (Mixed) (G1 Evacuation Pause) 1216M->478M(1340M) 33.841ms
[304.601s][info][gc,cpu      ] GC(86) User=0.30s Sys=0.00s Real=0.04s
[306.238s][info][gc,start    ] GC(87) Pause Young (Concurrent Start) (G1 Evacuation Pause)
[306.239s][info][gc,task     ] GC(87) Using 13 workers of 13 for evacuation
[306.273s][info][gc,phases   ] GC(87)   Pre Evacuate Collection Set: 1.0ms
[306.273s][info][gc,phases   ] GC(87)   Merge Heap Roots: 0.8ms
[306.274s][info][gc,phases   ] GC(87)   Evacuate Collection Set: 27.3ms
[306.274s][info][gc,phases   ] GC(87)   Post Evacuate Collection Set: 3.1ms
[306.274s][info][gc,phases   ] GC(87)   Other: 1.3ms
[306.275s][info][gc,heap     ] GC(87) Eden regions: 371->0(362)
[306.275s][info][gc,heap     ] GC(87) Survivor regions: 15->24(49)
[306.275s][info][gc,heap     ] GC(87) Old regions: 215->215
[306.276s][info][gc,heap     ] GC(87) Humongous regions: 11->11
[306.276s][info][gc,metaspace] GC(87) Metaspace: 201838K(204288K)->201838K(204288K) NonClass: 177144K(178560K)->177144K(178560K) Class: 24694K(25728K)->24694K(25728K)
[306.277s][info][gc          ] GC(87) Pause Young (Concurrent Start) (G1 Evacuation Pause) 1220M->496M(1340M) 39.096ms
[306.277s][info][gc,cpu      ] GC(87) User=0.36s Sys=0.01s Real=0.04s
[306.277s][info][gc          ] GC(88) Concurrent Mark Cycle
[306.278s][info][gc,marking  ] GC(88) Concurrent Scan Root Regions
[306.318s][info][gc,marking  ] GC(88) Concurrent Scan Root Regions 39.488ms
[306.333s][info][gc,marking  ] GC(88) Concurrent Mark
[306.347s][info][gc,marking  ] GC(88) Concurrent Mark From Roots
[306.349s][info][gc,task     ] GC(88) Using 3 workers of 3 for marking
[306.875s][info][gc,marking  ] GC(88) Concurrent Mark From Roots 528.426ms
[306.894s][info][gc,marking  ] GC(88) Concurrent Preclean
[306.896s][info][gc,marking  ] GC(88) Concurrent Preclean 1.734ms
[306.898s][info][gc,start    ] GC(88) Pause Remark
[306.913s][info][gc          ] GC(88) Pause Remark 649M->631M(1340M) 15.060ms
[306.914s][info][gc,cpu      ] GC(88) User=0.11s Sys=0.00s Real=0.02s
[306.915s][info][gc,marking  ] GC(88) Concurrent Mark 582.056ms
[306.918s][info][gc,marking  ] GC(88) Concurrent Rebuild Remembered Sets and Scrub Regions
[307.170s][info][gc,marking  ] GC(88) Concurrent Rebuild Remembered Sets and Scrub Regions 251.498ms
[307.171s][info][gc,start    ] GC(88) Pause Cleanup
[307.173s][info][gc          ] GC(88) Pause Cleanup 696M->696M(1340M) 1.871ms
[307.174s][info][gc,cpu      ] GC(88) User=0.01s Sys=0.00s Real=0.00s
[307.178s][info][gc,marking  ] GC(88) Concurrent Clear Claimed Marks
[307.181s][info][gc,marking  ] GC(88) Concurrent Clear Claimed Marks 2.799ms
[307.182s][info][gc,marking  ] GC(88) Concurrent Cleanup for Next Mark
[307.193s][info][gc,marking  ] GC(88) Concurrent Cleanup for Next Mark 11.000ms
[307.201s][info][gc          ] GC(88) Concurrent Mark Cycle 923.741ms
[308.560s][info][gc,start    ] GC(89) Pause Young (Prepare Mixed) (G1 Evacuation Pause)
[308.561s][info][gc,task     ] GC(89) Using 13 workers of 13 for evacuation
[308.586s][info][gc,phases   ] GC(89)   Pre Evacuate Collection Set: 0.8ms
[308.587s][info][gc,phases   ] GC(89)   Merge Heap Roots: 0.7ms
[308.587s][info][gc,phases   ] GC(89)   Evacuate Collection Set: 20.7ms
[308.588s][info][gc,phases   ] GC(89)   Post Evacuate Collection Set: 2.9ms
[308.588s][info][gc,phases   ] GC(89)   Other: 0.7ms
[308.589s][info][gc,heap     ] GC(89) Eden regions: 362->0(369)
[308.589s][info][gc,heap     ] GC(89) Survivor regions: 24->25(49)
[308.589s][info][gc,heap     ] GC(89) Old regions: 209->209
[308.589s][info][gc,heap     ] GC(89) Humongous regions: 8->8
[308.590s][info][gc,metaspace] GC(89) Metaspace: 202138K(204608K)->202138K(204608K) NonClass: 177380K(178816K)->177380K(178816K) Class: 24758K(25792K)->24758K(25792K)
[308.590s][info][gc          ] GC(89) Pause Young (Prepare Mixed) (G1 Evacuation Pause) 1202M->482M(1340M) 30.247ms
[308.590s][info][gc,cpu      ] GC(89) User=0.27s Sys=0.01s Real=0.02s
[310.412s][info][gc,start    ] GC(90) Pause Young (Mixed) (G1 Evacuation Pause)
[310.413s][info][gc,task     ] GC(90) Using 13 workers of 13 for evacuation
[310.450s][info][gc,phases   ] GC(90)   Pre Evacuate Collection Set: 0.8ms
[310.451s][info][gc,phases   ] GC(90)   Merge Heap Roots: 0.7ms
[310.451s][info][gc,phases   ] GC(90)   Evacuate Collection Set: 33.2ms
[310.452s][info][gc,phases   ] GC(90)   Post Evacuate Collection Set: 2.2ms
[310.452s][info][gc,phases   ] GC(90)   Other: 0.5ms
[310.453s][info][gc,heap     ] GC(90) Eden regions: 369->0(373)
[310.453s][info][gc,heap     ] GC(90) Survivor regions: 25->29(50)
[310.454s][info][gc,heap     ] GC(90) Old regions: 209->195
[310.454s][info][gc,heap     ] GC(90) Humongous regions: 8->8
[310.454s][info][gc,metaspace] GC(90) Metaspace: 202181K(204672K)->202181K(204672K) NonClass: 177417K(178880K)->177417K(178880K) Class: 24764K(25792K)->24764K(25792K)
[310.455s][info][gc          ] GC(90) Pause Young (Mixed) (G1 Evacuation Pause) 1220M->461M(1340M) 42.267ms
[310.455s][info][gc,cpu      ] GC(90) User=0.46s Sys=0.01s Real=0.04s
[312.643s][info][gc,start    ] GC(91) Pause Young (Concurrent Start) (G1 Evacuation Pause)
[312.644s][info][gc,task     ] GC(91) Using 13 workers of 13 for evacuation
[312.682s][info][gc,phases   ] GC(91)   Pre Evacuate Collection Set: 1.2ms
[312.683s][info][gc,phases   ] GC(91)   Merge Heap Roots: 0.6ms
[312.683s][info][gc,phases   ] GC(91)   Evacuate Collection Set: 31.8ms
[312.683s][info][gc,phases   ] GC(91)   Post Evacuate Collection Set: 3.7ms
[312.684s][info][gc,phases   ] GC(91)   Other: 0.8ms
[312.684s][info][gc,heap     ] GC(91) Eden regions: 373->0(377)
[312.684s][info][gc,heap     ] GC(91) Survivor regions: 29->25(51)
[312.684s][info][gc,heap     ] GC(91) Old regions: 195->197
[312.685s][info][gc,heap     ] GC(91) Humongous regions: 8->8
[312.686s][info][gc,metaspace] GC(91) Metaspace: 202317K(204800K)->202317K(204800K) NonClass: 177552K(179008K)->177552K(179008K) Class: 24764K(25792K)->24764K(25792K)
[312.686s][info][gc          ] GC(91) Pause Young (Concurrent Start) (G1 Evacuation Pause) 1207M->458M(1340M) 43.097ms
[312.687s][info][gc          ] GC(92) Concurrent Mark Cycle
[312.688s][info][gc,marking  ] GC(92) Concurrent Scan Root Regions
[312.687s][info][gc,cpu      ] GC(91) User=0.39s Sys=0.02s Real=0.04s
[312.710s][info][gc,marking  ] GC(92) Concurrent Scan Root Regions 21.783ms
[312.710s][info][gc,marking  ] GC(92) Concurrent Mark
[312.711s][info][gc,marking  ] GC(92) Concurrent Mark From Roots
[312.712s][info][gc,task     ] GC(92) Using 3 workers of 3 for marking
[313.233s][info][gc,marking  ] GC(92) Concurrent Mark From Roots 521.647ms
[313.234s][info][gc,marking  ] GC(92) Concurrent Preclean
[313.236s][info][gc,marking  ] GC(92) Concurrent Preclean 1.494ms
[313.239s][info][gc,start    ] GC(92) Pause Remark
[313.260s][info][gc          ] GC(92) Pause Remark 654M->654M(1340M) 21.007ms
[313.260s][info][gc,cpu      ] GC(92) User=0.13s Sys=0.01s Real=0.03s
[313.264s][info][gc,marking  ] GC(92) Concurrent Mark 553.880ms
[313.265s][info][gc,marking  ] GC(92) Concurrent Rebuild Remembered Sets and Scrub Regions
[313.574s][info][gc,marking  ] GC(92) Concurrent Rebuild Remembered Sets and Scrub Regions 308.046ms
[313.575s][info][gc,start    ] GC(92) Pause Cleanup
[313.577s][info][gc          ] GC(92) Pause Cleanup 758M->758M(1340M) 1.556ms
[313.578s][info][gc,cpu      ] GC(92) User=0.00s Sys=0.01s Real=0.00s
[313.581s][info][gc,marking  ] GC(92) Concurrent Clear Claimed Marks
[313.586s][info][gc,marking  ] GC(92) Concurrent Clear Claimed Marks 5.019ms
[313.587s][info][gc,marking  ] GC(92) Concurrent Cleanup for Next Mark
[313.598s][info][gc,marking  ] GC(92) Concurrent Cleanup for Next Mark 10.426ms
[313.600s][info][gc          ] GC(92) Concurrent Mark Cycle 913.005ms
[315.062s][info][gc,start    ] GC(93) Pause Young (Prepare Mixed) (G1 Evacuation Pause)
[315.063s][info][gc,task     ] GC(93) Using 13 workers of 13 for evacuation
[315.089s][info][gc,phases   ] GC(93)   Pre Evacuate Collection Set: 0.6ms
[315.090s][info][gc,phases   ] GC(93)   Merge Heap Roots: 0.6ms
[315.090s][info][gc,phases   ] GC(93)   Evacuate Collection Set: 21.6ms
[315.091s][info][gc,phases   ] GC(93)   Post Evacuate Collection Set: 3.1ms
[315.091s][info][gc,phases   ] GC(93)   Other: 0.6ms
[315.092s][info][gc,heap     ] GC(93) Eden regions: 377->0(375)
[315.092s][info][gc,heap     ] GC(93) Survivor regions: 25->27(51)
[315.092s][info][gc,heap     ] GC(93) Old regions: 197->197
[315.093s][info][gc,heap     ] GC(93) Humongous regions: 8->8
[315.093s][info][gc,metaspace] GC(93) Metaspace: 202322K(204800K)->202322K(204800K) NonClass: 177555K(179008K)->177555K(179008K) Class: 24766K(25792K)->24766K(25792K)
[315.093s][info][gc          ] GC(93) Pause Young (Prepare Mixed) (G1 Evacuation Pause) 1212M->461M(1340M) 31.073ms
[315.093s][info][gc,cpu      ] GC(93) User=0.28s Sys=0.00s Real=0.03s
[317.759s][info][gc,start    ] GC(94) Pause Young (Mixed) (G1 Evacuation Pause)
[317.760s][info][gc,task     ] GC(94) Using 13 workers of 13 for evacuation
[317.796s][info][gc,phases   ] GC(94)   Pre Evacuate Collection Set: 0.9ms
[317.796s][info][gc,phases   ] GC(94)   Merge Heap Roots: 0.8ms
[317.796s][info][gc,phases   ] GC(94)   Evacuate Collection Set: 29.4ms
[317.797s][info][gc,phases   ] GC(94)   Post Evacuate Collection Set: 3.7ms
[317.797s][info][gc,phases   ] GC(94)   Other: 0.6ms
[317.797s][info][gc,heap     ] GC(94) Eden regions: 375->0(372)
[317.798s][info][gc,heap     ] GC(94) Survivor regions: 27->30(51)
[317.798s][info][gc,heap     ] GC(94) Old regions: 197->189
[317.798s][info][gc,heap     ] GC(94) Humongous regions: 8->8
[317.798s][info][gc,metaspace] GC(94) Metaspace: 204943K(207424K)->204943K(207424K) NonClass: 179867K(181312K)->179867K(181312K) Class: 25075K(26112K)->25075K(26112K)
[317.799s][info][gc          ] GC(94) Pause Young (Mixed) (G1 Evacuation Pause) 1211M->450M(1340M) 39.542ms
[317.799s][info][gc,cpu      ] GC(94) User=0.39s Sys=0.00s Real=0.04s
[320.310s][info][gc,start    ] GC(95) Pause Young (Concurrent Start) (G1 Evacuation Pause)
[320.311s][info][gc,task     ] GC(95) Using 13 workers of 13 for evacuation
[320.351s][info][gc,phases   ] GC(95)   Pre Evacuate Collection Set: 0.8ms
[320.351s][info][gc,phases   ] GC(95)   Merge Heap Roots: 0.6ms
[320.352s][info][gc,phases   ] GC(95)   Evacuate Collection Set: 34.7ms
[320.352s][info][gc,phases   ] GC(95)   Post Evacuate Collection Set: 2.8ms
[320.352s][info][gc,phases   ] GC(95)   Other: 0.8ms
[320.353s][info][gc,heap     ] GC(95) Eden regions: 372->0(355)
[320.353s][info][gc,heap     ] GC(95) Survivor regions: 30->41(51)
[320.353s][info][gc,heap     ] GC(95) Old regions: 189->191
[320.354s][info][gc,heap     ] GC(95) Humongous regions: 8->8
[320.354s][info][gc,metaspace] GC(95) Metaspace: 206633K(209088K)->206633K(209088K) NonClass: 181339K(182784K)->181339K(182784K) Class: 25294K(26304K)->25294K(26304K)
[320.355s][info][gc          ] GC(95) Pause Young (Concurrent Start) (G1 Evacuation Pause) 1194M->478M(1340M) 44.763ms
[320.356s][info][gc          ] GC(96) Concurrent Mark Cycle
[320.356s][info][gc,marking  ] GC(96) Concurrent Scan Root Regions
[320.356s][info][gc,cpu      ] GC(95) User=0.45s Sys=0.01s Real=0.05s
[320.383s][info][gc,marking  ] GC(96) Concurrent Scan Root Regions 27.020ms
[320.386s][info][gc,marking  ] GC(96) Concurrent Mark
[320.388s][info][gc,marking  ] GC(96) Concurrent Mark From Roots
[320.390s][info][gc,task     ] GC(96) Using 3 workers of 3 for marking
[320.866s][info][gc,marking  ] GC(96) Concurrent Mark From Roots 477.955ms
[320.868s][info][gc,marking  ] GC(96) Concurrent Preclean
[320.871s][info][gc,marking  ] GC(96) Concurrent Preclean 2.923ms
[320.872s][info][gc,start    ] GC(96) Pause Remark
[320.886s][info][gc          ] GC(96) Pause Remark 763M->763M(1340M) 13.649ms
[320.887s][info][gc,cpu      ] GC(96) User=0.11s Sys=0.00s Real=0.01s
[320.888s][info][gc,marking  ] GC(96) Concurrent Mark 502.152ms
[320.895s][info][gc,marking  ] GC(96) Concurrent Rebuild Remembered Sets and Scrub Regions
[321.177s][info][gc,marking  ] GC(96) Concurrent Rebuild Remembered Sets and Scrub Regions 281.963ms
[321.183s][info][gc,start    ] GC(96) Pause Cleanup
[321.185s][info][gc          ] GC(96) Pause Cleanup 937M->937M(1340M) 1.296ms
[321.185s][info][gc,cpu      ] GC(96) User=0.00s Sys=0.00s Real=0.00s
[321.187s][info][gc,marking  ] GC(96) Concurrent Clear Claimed Marks
[321.189s][info][gc,marking  ] GC(96) Concurrent Clear Claimed Marks 1.607ms
[321.194s][info][gc,marking  ] GC(96) Concurrent Cleanup for Next Mark
[321.205s][info][gc,marking  ] GC(96) Concurrent Cleanup for Next Mark 10.379ms
[321.206s][info][gc          ] GC(96) Concurrent Mark Cycle 850.006ms
[321.695s][info][gc,start    ] GC(97) Pause Young (Prepare Mixed) (G1 Evacuation Pause)
[321.696s][info][gc,task     ] GC(97) Using 13 workers of 13 for evacuation
[321.739s][info][gc,phases   ] GC(97)   Pre Evacuate Collection Set: 0.6ms
[321.740s][info][gc,phases   ] GC(97)   Merge Heap Roots: 0.8ms
[321.740s][info][gc,phases   ] GC(97)   Evacuate Collection Set: 39.7ms
[321.740s][info][gc,phases   ] GC(97)   Post Evacuate Collection Set: 2.4ms
[321.741s][info][gc,phases   ] GC(97)   Other: 0.4ms
[321.741s][info][gc,heap     ] GC(97) Eden regions: 355->0(360)
[321.741s][info][gc,heap     ] GC(97) Survivor regions: 41->31(50)
[321.742s][info][gc,heap     ] GC(97) Old regions: 191->206
[321.742s][info][gc,heap     ] GC(97) Humongous regions: 8->8
[321.742s][info][gc,metaspace] GC(97) Metaspace: 206634K(209088K)->206634K(209088K) NonClass: 181340K(182784K)->181340K(182784K) Class: 25294K(26304K)->25294K(26304K)
[321.743s][info][gc          ] GC(97) Pause Young (Prepare Mixed) (G1 Evacuation Pause) 1188M->487M(1340M) 47.547ms
[321.743s][info][gc,cpu      ] GC(97) User=0.52s Sys=0.00s Real=0.05s
[324.059s][info][gc,start    ] GC(98) Pause Young (Mixed) (G1 Evacuation Pause)
[324.061s][info][gc,task     ] GC(98) Using 13 workers of 13 for evacuation
[324.102s][info][gc,phases   ] GC(98)   Pre Evacuate Collection Set: 1.1ms
[324.103s][info][gc,phases   ] GC(98)   Merge Heap Roots: 0.8ms
[324.103s][info][gc,phases   ] GC(98)   Evacuate Collection Set: 35.4ms
[324.103s][info][gc,phases   ] GC(98)   Post Evacuate Collection Set: 2.6ms
[324.103s][info][gc,phases   ] GC(98)   Other: 0.9ms
[324.103s][info][gc,heap     ] GC(98) Eden regions: 360->0(372)
[324.104s][info][gc,heap     ] GC(98) Survivor regions: 31->26(49)
[324.104s][info][gc,heap     ] GC(98) Old regions: 206->204
[324.104s][info][gc,heap     ] GC(98) Humongous regions: 8->8
[324.105s][info][gc,metaspace] GC(98) Metaspace: 206965K(209472K)->206965K(209472K) NonClass: 181643K(183104K)->181643K(183104K) Class: 25321K(26368K)->25321K(26368K)
[324.105s][info][gc          ] GC(98) Pause Young (Mixed) (G1 Evacuation Pause) 1207M->474M(1340M) 45.730ms
[324.105s][info][gc,cpu      ] GC(98) User=0.45s Sys=0.02s Real=0.04s
[325.749s][info][gc,start    ] GC(99) Pause Young (Concurrent Start) (G1 Evacuation Pause)
[325.749s][info][gc,task     ] GC(99) Using 13 workers of 13 for evacuation
[325.784s][info][gc,phases   ] GC(99)   Pre Evacuate Collection Set: 0.9ms
[325.784s][info][gc,phases   ] GC(99)   Merge Heap Roots: 0.6ms
[325.784s][info][gc,phases   ] GC(99)   Evacuate Collection Set: 29.1ms
[325.784s][info][gc,phases   ] GC(99)   Post Evacuate Collection Set: 2.9ms
[325.785s][info][gc,phases   ] GC(99)   Other: 0.8ms
[325.785s][info][gc,heap     ] GC(99) Eden regions: 372->0(370)
[325.785s][info][gc,heap     ] GC(99) Survivor regions: 26->27(50)
[325.786s][info][gc,heap     ] GC(99) Old regions: 204->204
[325.786s][info][gc,heap     ] GC(99) Humongous regions: 8->8
[325.786s][info][gc,metaspace] GC(99) Metaspace: 206965K(209472K)->206965K(209472K) NonClass: 181643K(183104K)->181643K(183104K) Class: 25321K(26368K)->25321K(26368K)
[325.786s][info][gc          ] GC(99) Pause Young (Concurrent Start) (G1 Evacuation Pause) 1218M->476M(1340M) 37.757ms
[325.787s][info][gc,cpu      ] GC(99) User=0.37s Sys=0.00s Real=0.04s
[325.787s][info][gc          ] GC(100) Concurrent Mark Cycle
[325.788s][info][gc,marking  ] GC(100) Concurrent Scan Root Regions
[325.814s][info][gc,marking  ] GC(100) Concurrent Scan Root Regions 25.212ms
[325.814s][info][gc,marking  ] GC(100) Concurrent Mark
[325.815s][info][gc,marking  ] GC(100) Concurrent Mark From Roots
[325.817s][info][gc,task     ] GC(100) Using 3 workers of 3 for marking
[326.338s][info][gc,marking  ] GC(100) Concurrent Mark From Roots 522.693ms
[326.339s][info][gc,marking  ] GC(100) Concurrent Preclean
[326.340s][info][gc,marking  ] GC(100) Concurrent Preclean 1.015ms
[326.342s][info][gc,start    ] GC(100) Pause Remark
[326.361s][info][gc          ] GC(100) Pause Remark 726M->726M(1340M) 19.064ms
[326.361s][info][gc,cpu      ] GC(100) User=0.15s Sys=0.01s Real=0.02s
[326.363s][info][gc,marking  ] GC(100) Concurrent Mark 548.924ms
[326.367s][info][gc,marking  ] GC(100) Concurrent Rebuild Remembered Sets and Scrub Regions
[326.614s][info][gc,marking  ] GC(100) Concurrent Rebuild Remembered Sets and Scrub Regions 247.039ms
[326.616s][info][gc,start    ] GC(100) Pause Cleanup
[326.617s][info][gc          ] GC(100) Pause Cleanup 835M->835M(1340M) 1.003ms
[326.617s][info][gc,cpu      ] GC(100) User=0.01s Sys=0.00s Real=0.00s
[326.618s][info][gc,marking  ] GC(100) Concurrent Clear Claimed Marks
[326.625s][info][gc,marking  ] GC(100) Concurrent Clear Claimed Marks 6.775ms
[326.633s][info][gc,marking  ] GC(100) Concurrent Cleanup for Next Mark
[326.643s][info][gc,marking  ] GC(100) Concurrent Cleanup for Next Mark 10.521ms
[326.645s][info][gc          ] GC(100) Concurrent Mark Cycle 857.535ms
[327.503s][info][gc,start    ] GC(101) Pause Young (Prepare Mixed) (G1 Evacuation Pause)
[327.504s][info][gc,task     ] GC(101) Using 13 workers of 13 for evacuation
[327.537s][info][gc,phases   ] GC(101)   Pre Evacuate Collection Set: 0.9ms
[327.538s][info][gc,phases   ] GC(101)   Merge Heap Roots: 0.8ms
[327.538s][info][gc,phases   ] GC(101)   Evacuate Collection Set: 28.3ms
[327.538s][info][gc,phases   ] GC(101)   Post Evacuate Collection Set: 2.6ms
[327.538s][info][gc,phases   ] GC(101)   Other: 0.7ms
[327.539s][info][gc,heap     ] GC(101) Eden regions: 370->0(364)
[327.539s][info][gc,heap     ] GC(101) Survivor regions: 27->30(50)
[327.539s][info][gc,heap     ] GC(101) Old regions: 204->204
[327.539s][info][gc,heap     ] GC(101) Humongous regions: 8->8
[327.540s][info][gc,metaspace] GC(101) Metaspace: 206966K(209472K)->206966K(209472K) NonClass: 181644K(183104K)->181644K(183104K) Class: 25321K(26368K)->25321K(26368K)
[327.540s][info][gc          ] GC(101) Pause Young (Prepare Mixed) (G1 Evacuation Pause) 1216M->481M(1340M) 36.801ms
[327.540s][info][gc,cpu      ] GC(101) User=0.39s Sys=0.01s Real=0.04s
[329.486s][info][gc,start    ] GC(102) Pause Young (Mixed) (G1 Evacuation Pause)
[329.487s][info][gc,task     ] GC(102) Using 13 workers of 13 for evacuation
[329.535s][info][gc,phases   ] GC(102)   Pre Evacuate Collection Set: 1.2ms
[329.536s][info][gc,phases   ] GC(102)   Merge Heap Roots: 2.0ms
[329.536s][info][gc,phases   ] GC(102)   Evacuate Collection Set: 39.7ms
[329.537s][info][gc,phases   ] GC(102)   Post Evacuate Collection Set: 3.5ms
[329.537s][info][gc,phases   ] GC(102)   Other: 1.0ms
[329.537s][info][gc,heap     ] GC(102) Eden regions: 364->0(369)
[329.538s][info][gc,heap     ] GC(102) Survivor regions: 30->29(50)
[329.538s][info][gc,heap     ] GC(102) Old regions: 204->201
[329.539s][info][gc,heap     ] GC(102) Humongous regions: 8->8
[329.539s][info][gc,metaspace] GC(102) Metaspace: 206966K(209472K)->206966K(209472K) NonClass: 181644K(183104K)->181644K(183104K) Class: 25321K(26368K)->25321K(26368K)
[329.539s][info][gc          ] GC(102) Pause Young (Mixed) (G1 Evacuation Pause) 1209M->474M(1340M) 53.444ms
[329.540s][info][gc,cpu      ] GC(102) User=0.50s Sys=0.03s Real=0.06s
[331.653s][info][gc,start    ] GC(103) Pause Young (Concurrent Start) (G1 Evacuation Pause)
[331.654s][info][gc,task     ] GC(103) Using 13 workers of 13 for evacuation
[331.696s][info][gc,phases   ] GC(103)   Pre Evacuate Collection Set: 1.4ms
[331.697s][info][gc,phases   ] GC(103)   Merge Heap Roots: 0.8ms
[331.697s][info][gc,phases   ] GC(103)   Evacuate Collection Set: 33.4ms
[331.697s][info][gc,phases   ] GC(103)   Post Evacuate Collection Set: 4.6ms
[331.698s][info][gc,phases   ] GC(103)   Other: 1.5ms
[331.698s][info][gc,heap     ] GC(103) Eden regions: 369->0(366)
[331.699s][info][gc,heap     ] GC(103) Survivor regions: 29->29(50)
[331.699s][info][gc,heap     ] GC(103) Old regions: 201->204
[331.700s][info][gc,heap     ] GC(103) Humongous regions: 8->8
[331.700s][info][gc,metaspace] GC(103) Metaspace: 206968K(209472K)->206968K(209472K) NonClass: 181646K(183104K)->181646K(183104K) Class: 25321K(26368K)->25321K(26368K)
[331.700s][info][gc          ] GC(103) Pause Young (Concurrent Start) (G1 Evacuation Pause) 1212M->479M(1340M) 47.512ms
[331.701s][info][gc          ] GC(104) Concurrent Mark Cycle
[331.701s][info][gc,marking  ] GC(104) Concurrent Scan Root Regions
[331.701s][info][gc,cpu      ] GC(103) User=0.43s Sys=0.01s Real=0.05s
[331.723s][info][gc,marking  ] GC(104) Concurrent Scan Root Regions 21.355ms
[331.735s][info][gc,marking  ] GC(104) Concurrent Mark
[331.741s][info][gc,marking  ] GC(104) Concurrent Mark From Roots
[331.746s][info][gc,task     ] GC(104) Using 3 workers of 3 for marking
[332.435s][info][gc,marking  ] GC(104) Concurrent Mark From Roots 693.237ms
[332.443s][info][gc,marking  ] GC(104) Concurrent Preclean
[332.444s][info][gc,marking  ] GC(104) Concurrent Preclean 0.962ms
[332.445s][info][gc,start    ] GC(104) Pause Remark
[332.468s][info][gc          ] GC(104) Pause Remark 705M->705M(1340M) 23.022ms
[332.469s][info][gc,cpu      ] GC(104) User=0.18s Sys=0.01s Real=0.02s
[332.474s][info][gc,marking  ] GC(104) Concurrent Mark 738.736ms
[332.476s][info][gc,marking  ] GC(104) Concurrent Rebuild Remembered Sets and Scrub Regions
[332.894s][info][gc,marking  ] GC(104) Concurrent Rebuild Remembered Sets and Scrub Regions 418.179ms
[332.901s][info][gc,start    ] GC(104) Pause Cleanup
[332.905s][info][gc          ] GC(104) Pause Cleanup 801M->801M(1340M) 3.691ms
[332.906s][info][gc,cpu      ] GC(104) User=0.01s Sys=0.00s Real=0.00s
[332.909s][info][gc,marking  ] GC(104) Concurrent Clear Claimed Marks
[332.919s][info][gc,marking  ] GC(104) Concurrent Clear Claimed Marks 10.063ms
[332.923s][info][gc,marking  ] GC(104) Concurrent Cleanup for Next Mark
[332.946s][info][gc,marking  ] GC(104) Concurrent Cleanup for Next Mark 23.088ms
[332.949s][info][gc          ] GC(104) Concurrent Mark Cycle 1248.316ms
[334.223s][info][gc,start    ] GC(105) Pause Young (Prepare Mixed) (G1 Evacuation Pause)
[334.225s][info][gc,task     ] GC(105) Using 13 workers of 13 for evacuation
[334.268s][info][gc,phases   ] GC(105)   Pre Evacuate Collection Set: 1.7ms
[334.268s][info][gc,phases   ] GC(105)   Merge Heap Roots: 1.2ms
[334.268s][info][gc,phases   ] GC(105)   Evacuate Collection Set: 34.7ms
[334.269s][info][gc,phases   ] GC(105)   Post Evacuate Collection Set: 3.6ms
[334.269s][info][gc,phases   ] GC(105)   Other: 2.0ms
[334.269s][info][gc,heap     ] GC(105) Eden regions: 366->0(356)
[334.270s][info][gc,heap     ] GC(105) Survivor regions: 29->32(50)
[334.270s][info][gc,heap     ] GC(105) Old regions: 204->208
[334.270s][info][gc,heap     ] GC(105) Humongous regions: 8->8
[334.271s][info][gc,metaspace] GC(105) Metaspace: 206968K(209472K)->206968K(209472K) NonClass: 181646K(183104K)->181646K(183104K) Class: 25321K(26368K)->25321K(26368K)
[334.271s][info][gc          ] GC(105) Pause Young (Prepare Mixed) (G1 Evacuation Pause) 1211M->494M(1340M) 47.644ms
[334.271s][info][gc,cpu      ] GC(105) User=0.49s Sys=0.01s Real=0.05s
[337.069s][info][gc,start    ] GC(106) Pause Young (Mixed) (G1 Evacuation Pause)
[337.071s][info][gc,task     ] GC(106) Using 13 workers of 13 for evacuation
[337.128s][info][gc,phases   ] GC(106)   Pre Evacuate Collection Set: 1.6ms
[337.130s][info][gc,phases   ] GC(106)   Merge Heap Roots: 1.0ms
[337.131s][info][gc,phases   ] GC(106)   Evacuate Collection Set: 46.0ms
[337.131s][info][gc,phases   ] GC(106)   Post Evacuate Collection Set: 6.2ms
[337.132s][info][gc,phases   ] GC(106)   Other: 2.8ms
[337.133s][info][gc,heap     ] GC(106) Eden regions: 356->0(369)
[337.133s][info][gc,heap     ] GC(106) Survivor regions: 32->26(49)
[337.134s][info][gc,heap     ] GC(106) Old regions: 208->207
[337.134s][info][gc,heap     ] GC(106) Humongous regions: 8->8
[337.135s][info][gc,metaspace] GC(106) Metaspace: 206968K(209472K)->206968K(209472K) NonClass: 181646K(183104K)->181646K(183104K) Class: 25321K(26368K)->25321K(26368K)
[337.135s][info][gc          ] GC(106) Pause Young (Mixed) (G1 Evacuation Pause) 1206M->478M(1340M) 65.931ms
[337.136s][info][gc,cpu      ] GC(106) User=0.65s Sys=0.02s Real=0.07s
[339.115s][info][gc,start    ] GC(107) Pause Young (Concurrent Start) (G1 Evacuation Pause)
[339.116s][info][gc,task     ] GC(107) Using 13 workers of 13 for evacuation
[339.170s][info][gc,phases   ] GC(107)   Pre Evacuate Collection Set: 0.9ms
[339.171s][info][gc,phases   ] GC(107)   Merge Heap Roots: 0.9ms
[339.172s][info][gc,phases   ] GC(107)   Evacuate Collection Set: 45.3ms
[339.172s][info][gc,phases   ] GC(107)   Post Evacuate Collection Set: 6.5ms
[339.172s][info][gc,phases   ] GC(107)   Other: 0.7ms
[339.173s][info][gc,heap     ] GC(107) Eden regions: 369->0(347)
[339.174s][info][gc,heap     ] GC(107) Survivor regions: 26->37(50)
[339.174s][info][gc,heap     ] GC(107) Old regions: 207->207
[339.175s][info][gc,heap     ] GC(107) Humongous regions: 8->8
[339.176s][info][gc,metaspace] GC(107) Metaspace: 206969K(209472K)->206969K(209472K) NonClass: 181647K(183104K)->181647K(183104K) Class: 25321K(26368K)->25321K(26368K)
[339.177s][info][gc          ] GC(107) Pause Young (Concurrent Start) (G1 Evacuation Pause) 1216M->501M(1340M) 61.409ms
[339.178s][info][gc,cpu      ] GC(107) User=0.56s Sys=0.00s Real=0.06s
[339.178s][info][gc          ] GC(108) Concurrent Mark Cycle
[339.179s][info][gc,marking  ] GC(108) Concurrent Scan Root Regions
[339.206s][info][gc,marking  ] GC(108) Concurrent Scan Root Regions 27.179ms
[339.207s][info][gc,marking  ] GC(108) Concurrent Mark
[339.215s][info][gc,marking  ] GC(108) Concurrent Mark From Roots
[339.216s][info][gc,task     ] GC(108) Using 3 workers of 3 for marking
[339.890s][info][gc,marking  ] GC(108) Concurrent Mark From Roots 674.811ms
[339.894s][info][gc,marking  ] GC(108) Concurrent Preclean
[339.898s][info][gc,marking  ] GC(108) Concurrent Preclean 4.312ms
[339.901s][info][gc,start    ] GC(108) Pause Remark
[339.920s][info][gc          ] GC(108) Pause Remark 739M->739M(1340M) 19.475ms
[339.922s][info][gc,cpu      ] GC(108) User=0.15s Sys=0.00s Real=0.02s
[339.927s][info][gc,marking  ] GC(108) Concurrent Mark 720.645ms
[339.930s][info][gc,marking  ] GC(108) Concurrent Rebuild Remembered Sets and Scrub Regions
[340.234s][info][gc,marking  ] GC(108) Concurrent Rebuild Remembered Sets and Scrub Regions 304.149ms
[340.236s][info][gc,start    ] GC(108) Pause Cleanup
[340.238s][info][gc          ] GC(108) Pause Cleanup 886M->886M(1340M) 1.543ms
[340.238s][info][gc,cpu      ] GC(108) User=0.00s Sys=0.00s Real=0.00s
[340.240s][info][gc,marking  ] GC(108) Concurrent Clear Claimed Marks
[340.242s][info][gc,marking  ] GC(108) Concurrent Clear Claimed Marks 1.975ms
[340.244s][info][gc,marking  ] GC(108) Concurrent Cleanup for Next Mark
[340.254s][info][gc,marking  ] GC(108) Concurrent Cleanup for Next Mark 10.535ms
[340.263s][info][gc          ] GC(108) Concurrent Mark Cycle 1084.925ms
[341.339s][info][gc,start    ] GC(109) Pause Young (Prepare Mixed) (G1 Evacuation Pause)
[341.340s][info][gc,task     ] GC(109) Using 13 workers of 13 for evacuation
[341.381s][info][gc,phases   ] GC(109)   Pre Evacuate Collection Set: 1.1ms
[341.382s][info][gc,phases   ] GC(109)   Merge Heap Roots: 1.4ms
[341.383s][info][gc,phases   ] GC(109)   Evacuate Collection Set: 34.4ms
[341.384s][info][gc,phases   ] GC(109)   Post Evacuate Collection Set: 4.1ms
[341.384s][info][gc,phases   ] GC(109)   Other: 0.8ms
[341.385s][info][gc,heap     ] GC(109) Eden regions: 347->0(369)
[341.385s][info][gc,heap     ] GC(109) Survivor regions: 37->21(48)
[341.385s][info][gc,heap     ] GC(109) Old regions: 207->217
[341.386s][info][gc,heap     ] GC(109) Humongous regions: 8->8
[341.386s][info][gc,metaspace] GC(109) Metaspace: 206971K(209472K)->206971K(209472K) NonClass: 181648K(183104K)->181648K(183104K) Class: 25322K(26368K)->25322K(26368K)
[341.387s][info][gc          ] GC(109) Pause Young (Prepare Mixed) (G1 Evacuation Pause) 1195M->489M(1340M) 47.871ms
[341.387s][info][gc,cpu      ] GC(109) User=0.47s Sys=0.02s Real=0.05s
[343.260s][info][gc,start    ] GC(110) Pause Young (Mixed) (G1 Evacuation Pause)
[343.262s][info][gc,task     ] GC(110) Using 13 workers of 13 for evacuation
[343.301s][info][gc,phases   ] GC(110)   Pre Evacuate Collection Set: 1.6ms
[343.302s][info][gc,phases   ] GC(110)   Merge Heap Roots: 0.8ms
[343.302s][info][gc,phases   ] GC(110)   Evacuate Collection Set: 32.7ms
[343.302s][info][gc,phases   ] GC(110)   Post Evacuate Collection Set: 2.7ms
[343.303s][info][gc,phases   ] GC(110)   Other: 1.7ms
[343.303s][info][gc,heap     ] GC(110) Eden regions: 369->0(366)
[343.303s][info][gc,heap     ] GC(110) Survivor regions: 21->26(49)
[343.304s][info][gc,heap     ] GC(110) Old regions: 217->210
[343.304s][info][gc,heap     ] GC(110) Humongous regions: 8->8
[343.304s][info][gc,metaspace] GC(110) Metaspace: 206971K(209472K)->206971K(209472K) NonClass: 181648K(183104K)->181648K(183104K) Class: 25322K(26368K)->25322K(26368K)
[343.305s][info][gc          ] GC(110) Pause Young (Mixed) (G1 Evacuation Pause) 1227M->485M(1340M) 44.575ms
[343.305s][info][gc,cpu      ] GC(110) User=0.42s Sys=0.01s Real=0.04s
[343.374s][info][gc,start    ] GC(111) Pause Young (Concurrent Start) (G1 Humongous Allocation)
[343.375s][info][gc,task     ] GC(111) Using 13 workers of 13 for evacuation
[343.405s][info][gc,phases   ] GC(111)   Pre Evacuate Collection Set: 0.8ms
[343.406s][info][gc,phases   ] GC(111)   Merge Heap Roots: 0.5ms
[343.406s][info][gc,phases   ] GC(111)   Evacuate Collection Set: 26.2ms
[343.406s][info][gc,phases   ] GC(111)   Post Evacuate Collection Set: 2.1ms
[343.407s][info][gc,phases   ] GC(111)   Other: 0.7ms
[343.407s][info][gc,heap     ] GC(111) Eden regions: 16->0(362)
[343.408s][info][gc,heap     ] GC(111) Survivor regions: 26->26(49)
[343.408s][info][gc,heap     ] GC(111) Old regions: 210->210
[343.408s][info][gc,heap     ] GC(111) Humongous regions: 8->8
[343.409s][info][gc,metaspace] GC(111) Metaspace: 206971K(209472K)->206971K(209472K) NonClass: 181648K(183104K)->181648K(183104K) Class: 25322K(26368K)->25322K(26368K)
[343.409s][info][gc          ] GC(111) Pause Young (Concurrent Start) (G1 Humongous Allocation) 515M->485M(1340M) 34.904ms
[343.409s][info][gc,cpu      ] GC(111) User=0.32s Sys=0.03s Real=0.03s
[343.409s][info][gc          ] GC(112) Concurrent Mark Cycle
[343.410s][info][gc,marking  ] GC(112) Concurrent Scan Root Regions
[343.431s][info][gc,marking  ] GC(112) Concurrent Scan Root Regions 20.765ms
[343.433s][info][gc,marking  ] GC(112) Concurrent Mark
[343.434s][info][gc,marking  ] GC(112) Concurrent Mark From Roots
[343.435s][info][gc,task     ] GC(112) Using 3 workers of 3 for marking
[344.107s][info][gc,marking  ] GC(112) Concurrent Mark From Roots 673.032ms
[344.114s][info][gc,marking  ] GC(112) Concurrent Preclean
[344.118s][info][gc,marking  ] GC(112) Concurrent Preclean 3.551ms
[344.121s][info][gc,start    ] GC(112) Pause Remark
[344.145s][info][gc          ] GC(112) Pause Remark 676M->676M(1340M) 23.304ms
[344.145s][info][gc,cpu      ] GC(112) User=0.15s Sys=0.00s Real=0.02s
[344.147s][info][gc,marking  ] GC(112) Concurrent Mark 713.906ms
[344.148s][info][gc,marking  ] GC(112) Concurrent Rebuild Remembered Sets and Scrub Regions
[344.414s][info][gc,marking  ] GC(112) Concurrent Rebuild Remembered Sets and Scrub Regions 265.696ms
[344.416s][info][gc,start    ] GC(112) Pause Cleanup
[344.417s][info][gc          ] GC(112) Pause Cleanup 741M->741M(1340M) 1.541ms
[344.418s][info][gc,cpu      ] GC(112) User=0.01s Sys=0.00s Real=0.00s
[344.419s][info][gc,marking  ] GC(112) Concurrent Clear Claimed Marks
[344.421s][info][gc,marking  ] GC(112) Concurrent Clear Claimed Marks 1.757ms
[344.423s][info][gc,marking  ] GC(112) Concurrent Cleanup for Next Mark
[344.434s][info][gc,marking  ] GC(112) Concurrent Cleanup for Next Mark 10.673ms
[344.439s][info][gc          ] GC(112) Concurrent Mark Cycle 1029.488ms
[347.179s][info][gc,start    ] GC(113) Pause Young (Prepare Mixed) (G1 Evacuation Pause)
[347.180s][info][gc,task     ] GC(113) Using 13 workers of 13 for evacuation
[347.222s][info][gc,phases   ] GC(113)   Pre Evacuate Collection Set: 0.6ms
[347.223s][info][gc,phases   ] GC(113)   Merge Heap Roots: 0.7ms
[347.223s][info][gc,phases   ] GC(113)   Evacuate Collection Set: 36.9ms
[347.224s][info][gc,phases   ] GC(113)   Post Evacuate Collection Set: 3.0ms
[347.225s][info][gc,phases   ] GC(113)   Other: 0.8ms
[347.226s][info][gc,heap     ] GC(113) Eden regions: 362->0(332)
[347.227s][info][gc,heap     ] GC(113) Survivor regions: 26->41(49)
[347.227s][info][gc,heap     ] GC(113) Old regions: 210->210
[347.228s][info][gc,heap     ] GC(113) Humongous regions: 19->12
[347.229s][info][gc,metaspace] GC(113) Metaspace: 208236K(210688K)->208236K(210688K) NonClass: 182806K(184256K)->182806K(184256K) Class: 25430K(26432K)->25430K(26432K)
[347.230s][info][gc          ] GC(113) Pause Young (Prepare Mixed) (G1 Evacuation Pause) 1231M->522M(1340M) 50.618ms
[347.230s][info][gc,cpu      ] GC(113) User=0.49s Sys=0.00s Real=0.04s
[348.484s][info][gc,start    ] GC(114) Pause Young (Mixed) (G1 Evacuation Pause)
[348.485s][info][gc,task     ] GC(114) Using 13 workers of 13 for evacuation
[348.561s][info][gc,phases   ] GC(114)   Pre Evacuate Collection Set: 0.6ms
[348.562s][info][gc,phases   ] GC(114)   Merge Heap Roots: 0.6ms
[348.563s][info][gc,phases   ] GC(114)   Evacuate Collection Set: 69.2ms
[348.565s][info][gc,phases   ] GC(114)   Post Evacuate Collection Set: 4.8ms
[348.566s][info][gc,phases   ] GC(114)   Other: 0.6ms
[348.567s][info][gc,heap     ] GC(114) Eden regions: 332->0(304)
[348.569s][info][gc,heap     ] GC(114) Survivor regions: 41->47(47)
[348.570s][info][gc,heap     ] GC(114) Old regions: 210->222
[348.573s][info][gc,heap     ] GC(114) Humongous regions: 15->14
[348.573s][info][gc,metaspace] GC(114) Metaspace: 208267K(210752K)->208267K(210752K) NonClass: 182836K(184320K)->182836K(184320K) Class: 25430K(26432K)->25430K(26432K)
[348.574s][info][gc          ] GC(114) Pause Young (Mixed) (G1 Evacuation Pause) 1192M->563M(1340M) 89.939ms
[348.575s][info][gc,cpu      ] GC(114) User=0.98s Sys=0.02s Real=0.09s
[348.609s][info][gc,start    ] GC(115) Pause Young (Concurrent Start) (G1 Humongous Allocation)
[348.611s][info][gc,task     ] GC(115) Using 13 workers of 13 for evacuation
[348.690s][info][gc,phases   ] GC(115)   Pre Evacuate Collection Set: 1.0ms
[348.694s][info][gc,phases   ] GC(115)   Merge Heap Roots: 0.6ms
[348.699s][info][gc,phases   ] GC(115)   Evacuate Collection Set: 74.0ms
[348.701s][info][gc,phases   ] GC(115)   Post Evacuate Collection Set: 2.5ms
[348.702s][info][gc,phases   ] GC(115)   Other: 1.4ms
[348.704s][info][gc,heap     ] GC(115) Eden regions: 10->0(314)
[348.707s][info][gc,heap     ] GC(115) Survivor regions: 47->7(44)
[348.714s][info][gc,heap     ] GC(115) Old regions: 222->268
[348.715s][info][gc,heap     ] GC(115) Humongous regions: 14->14
[348.721s][info][gc,metaspace] GC(115) Metaspace: 208267K(210752K)->208267K(210752K) NonClass: 182836K(184320K)->182836K(184320K) Class: 25430K(26432K)->25430K(26432K)
[348.729s][info][gc          ] GC(115) Pause Young (Concurrent Start) (G1 Humongous Allocation) 583M->576M(1340M) 119.364ms
[348.730s][info][gc          ] GC(116) Concurrent Mark Cycle
[348.730s][info][gc,cpu      ] GC(115) User=0.88s Sys=0.05s Real=0.12s
[348.731s][info][gc,marking  ] GC(116) Concurrent Scan Root Regions
[348.801s][info][gc,marking  ] GC(116) Concurrent Scan Root Regions 69.845ms
[348.803s][info][gc,marking  ] GC(116) Concurrent Mark
[348.805s][info][gc,marking  ] GC(116) Concurrent Mark From Roots
[348.808s][info][gc,task     ] GC(116) Using 3 workers of 3 for marking
[349.437s][info][gc,marking  ] GC(116) Concurrent Mark From Roots 631.440ms
[349.440s][info][gc,marking  ] GC(116) Concurrent Preclean
[349.442s][info][gc,marking  ] GC(116) Concurrent Preclean 1.747ms
[349.444s][info][gc,start    ] GC(116) Pause Remark
[349.465s][info][gc          ] GC(116) Pause Remark 815M->813M(1340M) 21.093ms
[349.465s][info][gc,cpu      ] GC(116) User=0.16s Sys=0.00s Real=0.02s
[349.471s][info][gc,marking  ] GC(116) Concurrent Mark 667.988ms
[349.473s][info][gc,marking  ] GC(116) Concurrent Rebuild Remembered Sets and Scrub Regions
[349.839s][info][gc,marking  ] GC(116) Concurrent Rebuild Remembered Sets and Scrub Regions 366.460ms
[349.841s][info][gc,start    ] GC(116) Pause Cleanup
[349.842s][info][gc          ] GC(116) Pause Cleanup 996M->996M(1340M) 1.247ms
[349.843s][info][gc,cpu      ] GC(116) User=0.01s Sys=0.00s Real=0.00s
[349.844s][info][gc,marking  ] GC(116) Concurrent Clear Claimed Marks
[349.846s][info][gc,marking  ] GC(116) Concurrent Clear Claimed Marks 2.365ms
[349.847s][info][gc,marking  ] GC(116) Concurrent Cleanup for Next Mark
[349.857s][info][gc,marking  ] GC(116) Concurrent Cleanup for Next Mark 9.902ms
[349.860s][info][gc          ] GC(116) Concurrent Mark Cycle 1129.547ms
[350.234s][info][gc,start    ] GC(117) Pause Young (Prepare Mixed) (G1 Evacuation Pause)
[350.236s][info][gc,task     ] GC(117) Using 13 workers of 13 for evacuation
[350.281s][info][gc,phases   ] GC(117)   Pre Evacuate Collection Set: 1.3ms
[350.283s][info][gc,phases   ] GC(117)   Merge Heap Roots: 0.6ms
[350.284s][info][gc,phases   ] GC(117)   Evacuate Collection Set: 38.7ms
[350.284s][info][gc,phases   ] GC(117)   Post Evacuate Collection Set: 4.0ms
[350.285s][info][gc,phases   ] GC(117)   Other: 0.7ms
[350.285s][info][gc,heap     ] GC(117) Eden regions: 314->0(295)
[350.286s][info][gc,heap     ] GC(117) Survivor regions: 7->25(41)
[350.286s][info][gc,heap     ] GC(117) Old regions: 268->268
[350.287s][info][gc,heap     ] GC(117) Humongous regions: 20->13
[350.287s][info][gc,metaspace] GC(117) Metaspace: 208285K(210752K)->208285K(210752K) NonClass: 182855K(184320K)->182855K(184320K) Class: 25430K(26432K)->25430K(26432K)
[350.287s][info][gc          ] GC(117) Pause Young (Prepare Mixed) (G1 Evacuation Pause) 1216M->611M(1340M) 53.113ms
[350.288s][info][gc,cpu      ] GC(117) User=0.41s Sys=0.01s Real=0.05s
[351.313s][info][gc,start    ] GC(118) Pause Young (Mixed) (G1 Evacuation Pause)
[351.314s][info][gc,task     ] GC(118) Using 13 workers of 13 for evacuation
[351.333s][info][gc,phases   ] GC(118)   Pre Evacuate Collection Set: 0.6ms
[351.333s][info][gc,phases   ] GC(118)   Merge Heap Roots: 0.5ms
[351.334s][info][gc,phases   ] GC(118)   Evacuate Collection Set: 14.6ms
[351.334s][info][gc,phases   ] GC(118)   Post Evacuate Collection Set: 3.2ms
[351.334s][info][gc,phases   ] GC(118)   Other: 0.5ms
[351.335s][info][gc,heap     ] GC(118) Eden regions: 295->0(324)
[351.335s][info][gc,heap     ] GC(118) Survivor regions: 25->7(40)
[351.335s][info][gc,heap     ] GC(118) Old regions: 268->267
[351.335s][info][gc,heap     ] GC(118) Humongous regions: 13->13
[351.336s][info][gc,metaspace] GC(118) Metaspace: 208291K(210752K)->208291K(210752K) NonClass: 182861K(184320K)->182861K(184320K) Class: 25430K(26432K)->25430K(26432K)
[351.336s][info][gc          ] GC(118) Pause Young (Mixed) (G1 Evacuation Pause) 1201M->570M(1340M) 22.981ms
[351.336s][info][gc,cpu      ] GC(118) User=0.21s Sys=0.01s Real=0.02s
[352.475s][info][gc,start    ] GC(119) Pause Young (Concurrent Start) (G1 Evacuation Pause)
[352.477s][info][gc,task     ] GC(119) Using 13 workers of 13 for evacuation
[352.487s][info][gc,phases   ] GC(119)   Pre Evacuate Collection Set: 1.0ms
[352.487s][info][gc,phases   ] GC(119)   Merge Heap Roots: 0.5ms
[352.488s][info][gc,phases   ] GC(119)   Evacuate Collection Set: 5.5ms
[352.488s][info][gc,phases   ] GC(119)   Post Evacuate Collection Set: 2.4ms
[352.488s][info][gc,phases   ] GC(119)   Other: 0.8ms
[352.488s][info][gc,heap     ] GC(119) Eden regions: 324->0(337)
[352.489s][info][gc,heap     ] GC(119) Survivor regions: 7->4(42)
[352.491s][info][gc,heap     ] GC(119) Old regions: 267->267
[352.492s][info][gc,heap     ] GC(119) Humongous regions: 13->13
[352.492s][info][gc,metaspace] GC(119) Metaspace: 208301K(210752K)->208301K(210752K) NonClass: 182870K(184320K)->182870K(184320K) Class: 25430K(26432K)->25430K(26432K)
[352.494s][info][gc          ] GC(119) Pause Young (Concurrent Start) (G1 Evacuation Pause) 1218M->564M(1340M) 18.753ms
[352.495s][info][gc          ] GC(120) Concurrent Mark Cycle
[352.496s][info][gc,marking  ] GC(120) Concurrent Scan Root Regions
[352.495s][info][gc,cpu      ] GC(119) User=0.05s Sys=0.01s Real=0.02s
[352.505s][info][gc,marking  ] GC(120) Concurrent Scan Root Regions 8.619ms
[352.509s][info][gc,marking  ] GC(120) Concurrent Mark
[352.515s][info][gc,marking  ] GC(120) Concurrent Mark From Roots
[352.521s][info][gc,task     ] GC(120) Using 3 workers of 3 for marking
[353.127s][info][gc,marking  ] GC(120) Concurrent Mark From Roots 612.633ms
[353.131s][info][gc,marking  ] GC(120) Concurrent Preclean
[353.136s][info][gc,marking  ] GC(120) Concurrent Preclean 4.980ms
[353.139s][info][gc,start    ] GC(120) Pause Remark
[353.167s][info][gc          ] GC(120) Pause Remark 735M->691M(1340M) 28.558ms
[353.167s][info][gc,cpu      ] GC(120) User=0.29s Sys=0.02s Real=0.03s
[353.168s][info][gc,marking  ] GC(120) Concurrent Mark 659.343ms
[353.170s][info][gc,marking  ] GC(120) Concurrent Rebuild Remembered Sets and Scrub Regions
[353.465s][info][gc,marking  ] GC(120) Concurrent Rebuild Remembered Sets and Scrub Regions 295.302ms
[353.470s][info][gc,start    ] GC(120) Pause Cleanup
[353.472s][info][gc          ] GC(120) Pause Cleanup 813M->813M(1340M) 2.145ms
[353.473s][info][gc,cpu      ] GC(120) User=0.00s Sys=0.00s Real=0.01s
[353.474s][info][gc,marking  ] GC(120) Concurrent Clear Claimed Marks
[353.478s][info][gc,marking  ] GC(120) Concurrent Clear Claimed Marks 3.740ms
[353.481s][info][gc,marking  ] GC(120) Concurrent Cleanup for Next Mark
[353.494s][info][gc,marking  ] GC(120) Concurrent Cleanup for Next Mark 12.686ms
[353.505s][info][gc          ] GC(120) Concurrent Mark Cycle 1009.221ms
[354.512s][info][gc,start    ] GC(121) Pause Young (Prepare Mixed) (G1 Evacuation Pause)
[354.513s][info][gc,task     ] GC(121) Using 13 workers of 13 for evacuation
[354.523s][info][gc,phases   ] GC(121)   Pre Evacuate Collection Set: 0.9ms
[354.525s][info][gc,phases   ] GC(121)   Merge Heap Roots: 0.5ms
[354.525s][info][gc,phases   ] GC(121)   Evacuate Collection Set: 5.1ms
[354.527s][info][gc,phases   ] GC(121)   Post Evacuate Collection Set: 2.8ms
[354.528s][info][gc,phases   ] GC(121)   Other: 1.0ms
[354.529s][info][gc,heap     ] GC(121) Eden regions: 337->0(361)
[354.529s][info][gc,heap     ] GC(121) Survivor regions: 4->7(43)
[354.530s][info][gc,heap     ] GC(121) Old regions: 250->250
[354.531s][info][gc,heap     ] GC(121) Humongous regions: 8->8
[354.531s][info][gc,metaspace] GC(121) Metaspace: 208281K(210752K)->208281K(210752K) NonClass: 182858K(184320K)->182858K(184320K) Class: 25423K(26432K)->25423K(26432K)
[354.532s][info][gc          ] GC(121) Pause Young (Prepare Mixed) (G1 Evacuation Pause) 1194M->527M(1340M) 19.354ms
[354.532s][info][gc,cpu      ] GC(121) User=0.07s Sys=0.01s Real=0.02s
[355.682s][info][gc,start    ] GC(122) Pause Young (Mixed) (G1 Evacuation Pause)
[355.682s][info][gc,task     ] GC(122) Using 13 workers of 13 for evacuation
[355.742s][info][gc,phases   ] GC(122)   Pre Evacuate Collection Set: 0.9ms
[355.744s][info][gc,phases   ] GC(122)   Merge Heap Roots: 0.5ms
[355.745s][info][gc,phases   ] GC(122)   Evacuate Collection Set: 54.3ms
[355.746s][info][gc,phases   ] GC(122)   Post Evacuate Collection Set: 3.5ms
[355.747s][info][gc,phases   ] GC(122)   Other: 0.5ms
[355.747s][info][gc,heap     ] GC(122) Eden regions: 361->0(323)
[355.748s][info][gc,heap     ] GC(122) Survivor regions: 7->38(46)
[355.748s][info][gc,heap     ] GC(122) Old regions: 250->229
[355.748s][info][gc,heap     ] GC(122) Humongous regions: 12->10
[355.749s][info][gc,metaspace] GC(122) Metaspace: 208284K(210752K)->208284K(210752K) NonClass: 182861K(184320K)->182861K(184320K) Class: 25423K(26432K)->25423K(26432K)
[355.749s][info][gc          ] GC(122) Pause Young (Mixed) (G1 Evacuation Pause) 1257M->551M(1346M) 67.370ms
[355.750s][info][gc,cpu      ] GC(122) User=0.62s Sys=0.02s Real=0.06s
[357.325s][info][gc,start    ] GC(123) Pause Young (Concurrent Start) (G1 Evacuation Pause)
[357.327s][info][gc,task     ] GC(123) Using 13 workers of 13 for evacuation
[357.362s][info][gc,phases   ] GC(123)   Pre Evacuate Collection Set: 1.5ms
[357.363s][info][gc,phases   ] GC(123)   Merge Heap Roots: 1.4ms
[357.364s][info][gc,phases   ] GC(123)   Evacuate Collection Set: 26.0ms
[357.364s][info][gc,phases   ] GC(123)   Post Evacuate Collection Set: 5.2ms
[357.365s][info][gc,phases   ] GC(123)   Other: 1.5ms
[357.365s][info][gc,heap     ] GC(123) Eden regions: 323->0(345)
[357.366s][info][gc,heap     ] GC(123) Survivor regions: 38->9(46)
[357.366s][info][gc,heap     ] GC(123) Old regions: 229->249
[357.366s][info][gc,heap     ] GC(123) Humongous regions: 10->10
[357.367s][info][gc,metaspace] GC(123) Metaspace: 208284K(210752K)->208284K(210752K) NonClass: 182861K(184320K)->182861K(184320K) Class: 25423K(26432K)->25423K(26432K)
[357.367s][info][gc          ] GC(123) Pause Young (Concurrent Start) (G1 Evacuation Pause) 1197M->534M(1346M) 41.782ms
[357.368s][info][gc,cpu      ] GC(123) User=0.32s Sys=0.02s Real=0.04s
[357.368s][info][gc          ] GC(124) Concurrent Mark Cycle
[357.369s][info][gc,marking  ] GC(124) Concurrent Scan Root Regions
[357.403s][info][gc,marking  ] GC(124) Concurrent Scan Root Regions 33.179ms
[357.404s][info][gc,marking  ] GC(124) Concurrent Mark
[357.405s][info][gc,marking  ] GC(124) Concurrent Mark From Roots
[357.406s][info][gc,task     ] GC(124) Using 3 workers of 3 for marking
[358.038s][info][gc,marking  ] GC(124) Concurrent Mark From Roots 633.703ms
[358.044s][info][gc,marking  ] GC(124) Concurrent Preclean
[358.046s][info][gc,marking  ] GC(124) Concurrent Preclean 2.048ms
[358.050s][info][gc,start    ] GC(124) Pause Remark
[358.070s][info][gc          ] GC(124) Pause Remark 827M->827M(1346M) 19.707ms
[358.070s][info][gc,cpu      ] GC(124) User=0.17s Sys=0.00s Real=0.02s
[358.071s][info][gc,marking  ] GC(124) Concurrent Mark 667.277ms
[358.074s][info][gc,marking  ] GC(124) Concurrent Rebuild Remembered Sets and Scrub Regions
[358.402s][info][gc,marking  ] GC(124) Concurrent Rebuild Remembered Sets and Scrub Regions 327.454ms
[358.402s][info][gc,start    ] GC(124) Pause Cleanup
[358.403s][info][gc          ] GC(124) Pause Cleanup 1072M->1072M(1346M) 1.014ms
[358.404s][info][gc,cpu      ] GC(124) User=0.01s Sys=0.00s Real=0.00s
[358.405s][info][gc,marking  ] GC(124) Concurrent Clear Claimed Marks
[358.412s][info][gc,marking  ] GC(124) Concurrent Clear Claimed Marks 7.063ms
[358.412s][info][gc,marking  ] GC(124) Concurrent Cleanup for Next Mark
[358.418s][info][gc,marking  ] GC(124) Concurrent Cleanup for Next Mark 5.762ms
[358.419s][info][gc          ] GC(124) Concurrent Mark Cycle 1051.319ms
[358.563s][info][gc,start    ] GC(125) Pause Young (Prepare Mixed) (G1 Evacuation Pause)
[358.564s][info][gc,task     ] GC(125) Using 13 workers of 13 for evacuation
[358.584s][info][gc,phases   ] GC(125)   Pre Evacuate Collection Set: 0.6ms
[358.584s][info][gc,phases   ] GC(125)   Merge Heap Roots: 0.4ms
[358.584s][info][gc,phases   ] GC(125)   Evacuate Collection Set: 14.9ms
[358.585s][info][gc,phases   ] GC(125)   Post Evacuate Collection Set: 2.4ms
[358.585s][info][gc,phases   ] GC(125)   Other: 0.8ms
[358.585s][info][gc,heap     ] GC(125) Eden regions: 345->0(339)
[358.585s][info][gc,heap     ] GC(125) Survivor regions: 9->18(45)
[358.585s][info][gc,heap     ] GC(125) Old regions: 249->249
[358.586s][info][gc,heap     ] GC(125) Humongous regions: 10->10
[358.586s][info][gc,metaspace] GC(125) Metaspace: 208285K(210752K)->208285K(210752K) NonClass: 182862K(184320K)->182862K(184320K) Class: 25423K(26432K)->25423K(26432K)
[358.586s][info][gc          ] GC(125) Pause Young (Prepare Mixed) (G1 Evacuation Pause) 1224M->551M(1346M) 22.949ms
[358.587s][info][gc,cpu      ] GC(125) User=0.18s Sys=0.00s Real=0.02s
[359.318s][info][gc,start    ] GC(126) Pause Young (Mixed) (G1 Evacuation Pause)
[359.318s][info][gc,task     ] GC(126) Using 13 workers of 13 for evacuation
[359.344s][info][gc,phases   ] GC(126)   Pre Evacuate Collection Set: 0.6ms
[359.344s][info][gc,phases   ] GC(126)   Merge Heap Roots: 0.4ms
[359.344s][info][gc,phases   ] GC(126)   Evacuate Collection Set: 21.8ms
[359.345s][info][gc,phases   ] GC(126)   Post Evacuate Collection Set: 2.0ms
[359.345s][info][gc,phases   ] GC(126)   Other: 0.4ms
[359.345s][info][gc,heap     ] GC(126) Eden regions: 339->0(349)
[359.346s][info][gc,heap     ] GC(126) Survivor regions: 18->16(45)
[359.346s][info][gc,heap     ] GC(126) Old regions: 249->244
[359.346s][info][gc,heap     ] GC(126) Humongous regions: 10->10
[359.347s][info][gc,metaspace] GC(126) Metaspace: 208286K(210752K)->208286K(210752K) NonClass: 182863K(184320K)->182863K(184320K) Class: 25423K(26432K)->25423K(26432K)
[359.347s][info][gc          ] GC(126) Pause Young (Mixed) (G1 Evacuation Pause) 1229M->537M(1346M) 28.887ms
[359.347s][info][gc,cpu      ] GC(126) User=0.28s Sys=0.01s Real=0.03s
[360.251s][info][gc,start    ] GC(127) Pause Young (Concurrent Start) (G1 Evacuation Pause)
[360.252s][info][gc,task     ] GC(127) Using 13 workers of 13 for evacuation
[360.267s][info][gc,phases   ] GC(127)   Pre Evacuate Collection Set: 0.7ms
[360.268s][info][gc,phases   ] GC(127)   Merge Heap Roots: 0.4ms
[360.269s][info][gc,phases   ] GC(127)   Evacuate Collection Set: 10.4ms
[360.269s][info][gc,phases   ] GC(127)   Post Evacuate Collection Set: 3.3ms
[360.270s][info][gc,phases   ] GC(127)   Other: 0.7ms
[360.270s][info][gc,heap     ] GC(127) Eden regions: 349->0(358)
[360.270s][info][gc,heap     ] GC(127) Survivor regions: 16->13(46)
[360.271s][info][gc,heap     ] GC(127) Old regions: 244->244
[360.271s][info][gc,heap     ] GC(127) Humongous regions: 10->10
[360.271s][info][gc,metaspace] GC(127) Metaspace: 208326K(210752K)->208326K(210752K) NonClass: 182902K(184320K)->182902K(184320K) Class: 25423K(26432K)->25423K(26432K)
[360.272s][info][gc          ] GC(127) Pause Young (Concurrent Start) (G1 Evacuation Pause) 1235M->529M(1346M) 20.354ms
[360.272s][info][gc,cpu      ] GC(127) User=0.15s Sys=0.01s Real=0.02s
[360.272s][info][gc          ] GC(128) Concurrent Mark Cycle
[360.273s][info][gc,marking  ] GC(128) Concurrent Scan Root Regions
[360.284s][info][gc,marking  ] GC(128) Concurrent Scan Root Regions 10.996ms
[360.285s][info][gc,marking  ] GC(128) Concurrent Mark
[360.287s][info][gc,marking  ] GC(128) Concurrent Mark From Roots
[360.288s][info][gc,task     ] GC(128) Using 3 workers of 3 for marking
[360.909s][info][gc,marking  ] GC(128) Concurrent Mark From Roots 621.822ms
[360.910s][info][gc,marking  ] GC(128) Concurrent Preclean
[360.912s][info][gc,marking  ] GC(128) Concurrent Preclean 1.624ms
[360.913s][info][gc,start    ] GC(128) Pause Remark
[360.930s][info][gc          ] GC(128) Pause Remark 990M->990M(1346M) 17.187ms
[360.931s][info][gc,cpu      ] GC(128) User=0.13s Sys=0.00s Real=0.02s
[360.933s][info][gc,marking  ] GC(128) Concurrent Mark 647.954ms
[360.935s][info][gc,marking  ] GC(128) Concurrent Rebuild Remembered Sets and Scrub Regions
[361.201s][info][gc,marking  ] GC(128) Concurrent Rebuild Remembered Sets and Scrub Regions 266.017ms
[361.202s][info][gc,start    ] GC(128) Pause Cleanup
[361.204s][info][gc          ] GC(128) Pause Cleanup 1123M->1123M(1346M) 2.324ms
[361.205s][info][gc,cpu      ] GC(128) User=0.00s Sys=0.00s Real=0.00s
[361.206s][info][gc,marking  ] GC(128) Concurrent Clear Claimed Marks
[361.208s][info][gc,marking  ] GC(128) Concurrent Clear Claimed Marks 2.338ms
[361.209s][info][gc,marking  ] GC(128) Concurrent Cleanup for Next Mark
[361.218s][info][gc,marking  ] GC(128) Concurrent Cleanup for Next Mark 8.492ms
[361.219s][info][gc          ] GC(128) Concurrent Mark Cycle 947.069ms
[361.353s][info][gc,start    ] GC(129) Pause Young (Prepare Mixed) (G1 Evacuation Pause)
[361.354s][info][gc,task     ] GC(129) Using 13 workers of 13 for evacuation
[361.369s][info][gc,phases   ] GC(129)   Pre Evacuate Collection Set: 0.9ms
[361.369s][info][gc,phases   ] GC(129)   Merge Heap Roots: 0.5ms
[361.370s][info][gc,phases   ] GC(129)   Evacuate Collection Set: 10.2ms
[361.370s][info][gc,phases   ] GC(129)   Post Evacuate Collection Set: 2.8ms
[361.370s][info][gc,phases   ] GC(129)   Other: 0.5ms
[361.371s][info][gc,heap     ] GC(129) Eden regions: 358->0(362)
[361.371s][info][gc,heap     ] GC(129) Survivor regions: 13->11(47)
[361.371s][info][gc,heap     ] GC(129) Old regions: 244->244
[361.372s][info][gc,heap     ] GC(129) Humongous regions: 10->10
[361.372s][info][gc,metaspace] GC(129) Metaspace: 208326K(210752K)->208326K(210752K) NonClass: 182902K(184320K)->182902K(184320K) Class: 25423K(26432K)->25423K(26432K)
[361.372s][info][gc          ] GC(129) Pause Young (Prepare Mixed) (G1 Evacuation Pause) 1245M->526M(1346M) 18.576ms
[361.372s][info][gc,cpu      ] GC(129) User=0.13s Sys=0.01s Real=0.02s
[362.416s][info][gc,start    ] GC(130) Pause Young (Mixed) (G1 Evacuation Pause)
[362.416s][info][gc,task     ] GC(130) Using 13 workers of 13 for evacuation
[362.450s][info][gc,phases   ] GC(130)   Pre Evacuate Collection Set: 0.6ms
[362.450s][info][gc,phases   ] GC(130)   Merge Heap Roots: 0.4ms
[362.450s][info][gc,phases   ] GC(130)   Evacuate Collection Set: 29.7ms
[362.451s][info][gc,phases   ] GC(130)   Post Evacuate Collection Set: 2.4ms
[362.451s][info][gc,phases   ] GC(130)   Other: 0.4ms
[362.451s][info][gc,heap     ] GC(130) Eden regions: 362->0(332)
[362.451s][info][gc,heap     ] GC(130) Survivor regions: 11->29(47)
[362.452s][info][gc,heap     ] GC(130) Old regions: 244->238
[362.452s][info][gc,heap     ] GC(130) Humongous regions: 11->10
[362.452s][info][gc,metaspace] GC(130) Metaspace: 208383K(210816K)->208383K(210816K) NonClass: 182958K(184384K)->182958K(184384K) Class: 25425K(26432K)->25425K(26432K)
[362.452s][info][gc          ] GC(130) Pause Young (Mixed) (G1 Evacuation Pause) 1252M->551M(1346M) 36.357ms
[362.452s][info][gc,cpu      ] GC(130) User=0.37s Sys=0.01s Real=0.04s
[363.288s][info][gc,start    ] GC(131) Pause Young (Concurrent Start) (G1 Evacuation Pause)
[363.288s][info][gc,task     ] GC(131) Using 13 workers of 13 for evacuation
[363.319s][info][gc,phases   ] GC(131)   Pre Evacuate Collection Set: 0.6ms
[363.319s][info][gc,phases   ] GC(131)   Merge Heap Roots: 0.4ms
[363.320s][info][gc,phases   ] GC(131)   Evacuate Collection Set: 26.1ms
[363.320s][info][gc,phases   ] GC(131)   Post Evacuate Collection Set: 3.0ms
[363.320s][info][gc,phases   ] GC(131)   Other: 0.6ms
[363.320s][info][gc,heap     ] GC(131) Eden regions: 332->0(332)
[363.321s][info][gc,heap     ] GC(131) Survivor regions: 29->27(46)
[363.321s][info][gc,heap     ] GC(131) Old regions: 238->242
[363.321s][info][gc,heap     ] GC(131) Humongous regions: 10->10
[363.322s][info][gc,metaspace] GC(131) Metaspace: 208383K(210816K)->208383K(210816K) NonClass: 182958K(184384K)->182958K(184384K) Class: 25425K(26432K)->25425K(26432K)
[363.322s][info][gc          ] GC(131) Pause Young (Concurrent Start) (G1 Evacuation Pause) 1215M->555M(1346M) 34.129ms
[363.322s][info][gc,cpu      ] GC(131) User=0.35s Sys=0.00s Real=0.04s
[363.322s][info][gc          ] GC(132) Concurrent Mark Cycle
[363.324s][info][gc,marking  ] GC(132) Concurrent Scan Root Regions
[363.365s][info][gc,marking  ] GC(132) Concurrent Scan Root Regions 41.034ms
[363.367s][info][gc,marking  ] GC(132) Concurrent Mark
[363.370s][info][gc,marking  ] GC(132) Concurrent Mark From Roots
[363.371s][info][gc,task     ] GC(132) Using 3 workers of 3 for marking
[363.951s][info][gc,marking  ] GC(132) Concurrent Mark From Roots 581.570ms
[363.952s][info][gc,marking  ] GC(132) Concurrent Preclean
[363.954s][info][gc,marking  ] GC(132) Concurrent Preclean 1.532ms
[363.955s][info][gc,start    ] GC(132) Pause Remark
[363.971s][info][gc          ] GC(132) Pause Remark 943M->943M(1346M) 15.564ms
[363.971s][info][gc,cpu      ] GC(132) User=0.15s Sys=0.00s Real=0.02s
[363.977s][info][gc,marking  ] GC(132) Concurrent Mark 610.467ms
[363.979s][info][gc,marking  ] GC(132) Concurrent Rebuild Remembered Sets and Scrub Regions
[364.235s][info][gc,marking  ] GC(132) Concurrent Rebuild Remembered Sets and Scrub Regions 255.915ms
[364.237s][info][gc,start    ] GC(132) Pause Cleanup
[364.239s][info][gc          ] GC(132) Pause Cleanup 1127M->1127M(1346M) 1.168ms
[364.239s][info][gc,cpu      ] GC(132) User=0.01s Sys=0.00s Real=0.01s
[364.240s][info][gc,marking  ] GC(132) Concurrent Clear Claimed Marks
[364.244s][info][gc,marking  ] GC(132) Concurrent Clear Claimed Marks 3.403ms
[364.248s][info][gc,marking  ] GC(132) Concurrent Cleanup for Next Mark
[364.254s][info][gc,marking  ] GC(132) Concurrent Cleanup for Next Mark 6.528ms
[364.255s][info][gc          ] GC(132) Concurrent Mark Cycle 932.849ms
[364.320s][info][gc,start    ] GC(133) Pause Young (Prepare Mixed) (G1 Evacuation Pause)
[364.320s][info][gc,task     ] GC(133) Using 13 workers of 13 for evacuation
[364.337s][info][gc,phases   ] GC(133)   Pre Evacuate Collection Set: 0.7ms
[364.338s][info][gc,phases   ] GC(133)   Merge Heap Roots: 0.5ms
[364.338s][info][gc,phases   ] GC(133)   Evacuate Collection Set: 12.6ms
[364.338s][info][gc,phases   ] GC(133)   Post Evacuate Collection Set: 2.9ms
[364.339s][info][gc,phases   ] GC(133)   Other: 0.4ms
[364.339s][info][gc,heap     ] GC(133) Eden regions: 332->0(347)
[364.339s][info][gc,heap     ] GC(133) Survivor regions: 27->16(45)
[364.340s][info][gc,heap     ] GC(133) Old regions: 242->243
[364.340s][info][gc,heap     ] GC(133) Humongous regions: 10->10
[364.340s][info][gc,metaspace] GC(133) Metaspace: 208439K(210880K)->208439K(210880K) NonClass: 183004K(184448K)->183004K(184448K) Class: 25434K(26432K)->25434K(26432K)
[364.340s][info][gc          ] GC(133) Pause Young (Prepare Mixed) (G1 Evacuation Pause) 1219M->536M(1346M) 20.411ms
[364.341s][info][gc,cpu      ] GC(133) User=0.17s Sys=0.02s Real=0.02s
[365.307s][info][gc,start    ] GC(134) Pause Young (Mixed) (G1 Evacuation Pause)
[365.308s][info][gc,task     ] GC(134) Using 13 workers of 13 for evacuation
[365.322s][info][gc,phases   ] GC(134)   Pre Evacuate Collection Set: 0.7ms
[365.323s][info][gc,phases   ] GC(134)   Merge Heap Roots: 0.4ms
[365.323s][info][gc,phases   ] GC(134)   Evacuate Collection Set: 11.0ms
[365.324s][info][gc,phases   ] GC(134)   Post Evacuate Collection Set: 2.3ms
[365.324s][info][gc,phases   ] GC(134)   Other: 0.4ms
[365.325s][info][gc,heap     ] GC(134) Eden regions: 347->0(367)
[365.325s][info][gc,heap     ] GC(134) Survivor regions: 16->8(46)
[365.325s][info][gc,heap     ] GC(134) Old regions: 243->239
[365.326s][info][gc,heap     ] GC(134) Humongous regions: 10->10
[365.327s][info][gc,metaspace] GC(134) Metaspace: 208514K(211008K)->208514K(211008K) NonClass: 183080K(184576K)->183080K(184576K) Class: 25434K(26432K)->25434K(26432K)
[365.327s][info][gc          ] GC(134) Pause Young (Mixed) (G1 Evacuation Pause) 1230M->510M(1346M) 19.782ms
[365.327s][info][gc,cpu      ] GC(134) User=0.14s Sys=0.00s Real=0.02s
[366.248s][info][gc,start    ] GC(135) Pause Young (Concurrent Start) (G1 Evacuation Pause)
[366.249s][info][gc,task     ] GC(135) Using 13 workers of 13 for evacuation
[366.260s][info][gc,phases   ] GC(135)   Pre Evacuate Collection Set: 0.9ms
[366.260s][info][gc,phases   ] GC(135)   Merge Heap Roots: 0.7ms
[366.261s][info][gc,phases   ] GC(135)   Evacuate Collection Set: 5.3ms
[366.262s][info][gc,phases   ] GC(135)   Post Evacuate Collection Set: 3.1ms
[366.262s][info][gc,phases   ] GC(135)   Other: 1.0ms
[366.263s][info][gc,heap     ] GC(135) Eden regions: 367->0(376)
[366.264s][info][gc,heap     ] GC(135) Survivor regions: 8->6(47)
[366.264s][info][gc,heap     ] GC(135) Old regions: 239->239
[366.265s][info][gc,heap     ] GC(135) Humongous regions: 10->10
[366.265s][info][gc,metaspace] GC(135) Metaspace: 208515K(211008K)->208515K(211008K) NonClass: 183080K(184576K)->183080K(184576K) Class: 25434K(26432K)->25434K(26432K)
[366.266s][info][gc          ] GC(135) Pause Young (Concurrent Start) (G1 Evacuation Pause) 1244M->507M(1346M) 17.801ms
[366.266s][info][gc,cpu      ] GC(135) User=0.06s Sys=0.01s Real=0.02s
[366.266s][info][gc          ] GC(136) Concurrent Mark Cycle
[366.267s][info][gc,marking  ] GC(136) Concurrent Scan Root Regions
[366.278s][info][gc,marking  ] GC(136) Concurrent Scan Root Regions 11.586ms
[366.281s][info][gc,marking  ] GC(136) Concurrent Mark
[366.282s][info][gc,marking  ] GC(136) Concurrent Mark From Roots
[366.286s][info][gc,task     ] GC(136) Using 3 workers of 3 for marking
[366.871s][info][gc,marking  ] GC(136) Concurrent Mark From Roots 589.019ms
[366.873s][info][gc,marking  ] GC(136) Concurrent Preclean
[366.874s][info][gc,marking  ] GC(136) Concurrent Preclean 1.629ms
[366.878s][info][gc,start    ] GC(136) Pause Remark
[366.899s][info][gc          ] GC(136) Pause Remark 813M->777M(1346M) 20.378ms
[366.899s][info][gc,cpu      ] GC(136) User=0.13s Sys=0.01s Real=0.03s
[366.901s][info][gc,marking  ] GC(136) Concurrent Mark 620.057ms
[366.912s][info][gc,marking  ] GC(136) Concurrent Rebuild Remembered Sets and Scrub Regions
[367.215s][info][gc,marking  ] GC(136) Concurrent Rebuild Remembered Sets and Scrub Regions 302.865ms
[367.217s][info][gc,start    ] GC(136) Pause Cleanup
[367.219s][info][gc          ] GC(136) Pause Cleanup 898M->898M(1346M) 2.148ms
[367.220s][info][gc,cpu      ] GC(136) User=0.00s Sys=0.00s Real=0.01s
[367.221s][info][gc,marking  ] GC(136) Concurrent Clear Claimed Marks
[367.224s][info][gc,marking  ] GC(136) Concurrent Clear Claimed Marks 2.362ms
[367.227s][info][gc,marking  ] GC(136) Concurrent Cleanup for Next Mark
[367.248s][info][gc,marking  ] GC(136) Concurrent Cleanup for Next Mark 20.965ms
[367.250s][info][gc          ] GC(136) Concurrent Mark Cycle 984.355ms
[367.661s][info][gc,start    ] GC(137) Pause Young (Prepare Mixed) (G1 Evacuation Pause)
[367.664s][info][gc,task     ] GC(137) Using 13 workers of 13 for evacuation
[367.674s][info][gc,phases   ] GC(137)   Pre Evacuate Collection Set: 0.8ms
[367.675s][info][gc,phases   ] GC(137)   Merge Heap Roots: 0.4ms
[367.675s][info][gc,phases   ] GC(137)   Evacuate Collection Set: 5.7ms
[367.676s][info][gc,phases   ] GC(137)   Post Evacuate Collection Set: 2.0ms
[367.676s][info][gc,phases   ] GC(137)   Other: 1.3ms
[367.676s][info][gc,heap     ] GC(137) Eden regions: 376->0(395)
[367.677s][info][gc,heap     ] GC(137) Survivor regions: 6->6(48)
[367.677s][info][gc,heap     ] GC(137) Old regions: 223->223
[367.678s][info][gc,heap     ] GC(137) Humongous regions: 8->8
[367.678s][info][gc,metaspace] GC(137) Metaspace: 208515K(211008K)->208515K(211008K) NonClass: 183081K(184576K)->183081K(184576K) Class: 25434K(26432K)->25434K(26432K)
[367.678s][info][gc          ] GC(137) Pause Young (Prepare Mixed) (G1 Evacuation Pause) 1223M->472M(1346M) 16.915ms
[367.679s][info][gc,cpu      ] GC(137) User=0.08s Sys=0.02s Real=0.01s
[368.709s][info][gc,start    ] GC(138) Pause Young (Mixed) (G1 Evacuation Pause)
[368.710s][info][gc,task     ] GC(138) Using 13 workers of 13 for evacuation
[368.723s][info][gc,phases   ] GC(138)   Pre Evacuate Collection Set: 0.6ms
[368.723s][info][gc,phases   ] GC(138)   Merge Heap Roots: 0.4ms
[368.723s][info][gc,phases   ] GC(138)   Evacuate Collection Set: 9.3ms
[368.724s][info][gc,phases   ] GC(138)   Post Evacuate Collection Set: 2.2ms
[368.724s][info][gc,phases   ] GC(138)   Other: 0.5ms
[368.724s][info][gc,heap     ] GC(138) Eden regions: 395->0(396)
[368.725s][info][gc,heap     ] GC(138) Survivor regions: 6->7(51)
[368.725s][info][gc,heap     ] GC(138) Old regions: 223->216
[368.726s][info][gc,heap     ] GC(138) Humongous regions: 8->8
[368.726s][info][gc,metaspace] GC(138) Metaspace: 208523K(211008K)->208523K(211008K) NonClass: 183089K(184576K)->183089K(184576K) Class: 25434K(26432K)->25434K(26432K)
[368.727s][info][gc          ] GC(138) Pause Young (Mixed) (G1 Evacuation Pause) 1262M->459M(1346M) 17.712ms
[368.727s][info][gc,cpu      ] GC(138) User=0.12s Sys=0.00s Real=0.02s
[369.704s][info][gc,start    ] GC(139) Pause Young (Concurrent Start) (G1 Evacuation Pause)
[369.705s][info][gc,task     ] GC(139) Using 13 workers of 13 for evacuation
[369.717s][info][gc,phases   ] GC(139)   Pre Evacuate Collection Set: 0.7ms
[369.718s][info][gc,phases   ] GC(139)   Merge Heap Roots: 0.5ms
[369.718s][info][gc,phases   ] GC(139)   Evacuate Collection Set: 8.4ms
[369.718s][info][gc,phases   ] GC(139)   Post Evacuate Collection Set: 2.2ms
[369.718s][info][gc,phases   ] GC(139)   Other: 0.6ms
[369.719s][info][gc,heap     ] GC(139) Eden regions: 396->0(390)
[369.719s][info][gc,heap     ] GC(139) Survivor regions: 7->12(51)
[369.719s][info][gc,heap     ] GC(139) Old regions: 216->216
[369.719s][info][gc,heap     ] GC(139) Humongous regions: 8->8
[369.719s][info][gc,metaspace] GC(139) Metaspace: 208562K(211072K)->208562K(211072K) NonClass: 183123K(184576K)->183123K(184576K) Class: 25439K(26496K)->25439K(26496K)
[369.720s][info][gc          ] GC(139) Pause Young (Concurrent Start) (G1 Evacuation Pause) 1251M->469M(1346M) 15.383ms
[369.720s][info][gc          ] GC(140) Concurrent Mark Cycle
[369.720s][info][gc,marking  ] GC(140) Concurrent Scan Root Regions
[369.720s][info][gc,cpu      ] GC(139) User=0.10s Sys=0.01s Real=0.02s
[369.731s][info][gc,marking  ] GC(140) Concurrent Scan Root Regions 10.298ms
[369.735s][info][gc,marking  ] GC(140) Concurrent Mark
[369.736s][info][gc,marking  ] GC(140) Concurrent Mark From Roots
[369.737s][info][gc,task     ] GC(140) Using 3 workers of 3 for marking
[370.246s][info][gc,marking  ] GC(140) Concurrent Mark From Roots 510.512ms
[370.247s][info][gc,marking  ] GC(140) Concurrent Preclean
[370.248s][info][gc,marking  ] GC(140) Concurrent Preclean 1.004ms
[370.250s][info][gc,start    ] GC(140) Pause Remark
[370.265s][info][gc          ] GC(140) Pause Remark 935M->935M(1346M) 14.943ms
[370.265s][info][gc,cpu      ] GC(140) User=0.12s Sys=0.01s Real=0.02s
[370.267s][info][gc,marking  ] GC(140) Concurrent Mark 531.489ms
[370.275s][info][gc,marking  ] GC(140) Concurrent Rebuild Remembered Sets and Scrub Regions
[370.493s][info][gc,marking  ] GC(140) Concurrent Rebuild Remembered Sets and Scrub Regions 218.566ms
[370.495s][info][gc,start    ] GC(140) Pause Cleanup
[370.497s][info][gc          ] GC(140) Pause Cleanup 1062M->1062M(1346M) 2.057ms
[370.498s][info][gc,cpu      ] GC(140) User=0.00s Sys=0.00s Real=0.00s
[370.499s][info][gc,marking  ] GC(140) Concurrent Clear Claimed Marks
[370.501s][info][gc,marking  ] GC(140) Concurrent Clear Claimed Marks 1.929ms
[370.502s][info][gc,marking  ] GC(140) Concurrent Cleanup for Next Mark
[370.514s][info][gc,marking  ] GC(140) Concurrent Cleanup for Next Mark 12.712ms
[370.515s][info][gc          ] GC(140) Concurrent Mark Cycle 795.366ms
[370.707s][info][gc,start    ] GC(141) Pause Young (Prepare Mixed) (G1 Evacuation Pause)
[370.708s][info][gc,task     ] GC(141) Using 13 workers of 13 for evacuation
[370.718s][info][gc,phases   ] GC(141)   Pre Evacuate Collection Set: 0.7ms
[370.718s][info][gc,phases   ] GC(141)   Merge Heap Roots: 0.4ms
[370.718s][info][gc,phases   ] GC(141)   Evacuate Collection Set: 6.0ms
[370.719s][info][gc,phases   ] GC(141)   Post Evacuate Collection Set: 2.3ms
[370.719s][info][gc,phases   ] GC(141)   Other: 0.5ms
[370.719s][info][gc,heap     ] GC(141) Eden regions: 390->0(394)
[370.720s][info][gc,heap     ] GC(141) Survivor regions: 12->9(51)
[370.720s][info][gc,heap     ] GC(141) Old regions: 216->216
[370.720s][info][gc,heap     ] GC(141) Humongous regions: 8->8
[370.720s][info][gc,metaspace] GC(141) Metaspace: 208623K(211136K)->208623K(211136K) NonClass: 183184K(184640K)->183184K(184640K) Class: 25439K(26496K)->25439K(26496K)
[370.721s][info][gc          ] GC(141) Pause Young (Prepare Mixed) (G1 Evacuation Pause) 1249M->462M(1346M) 13.499ms
[370.721s][info][gc,cpu      ] GC(141) User=0.07s Sys=0.01s Real=0.02s
[371.623s][info][gc,start    ] GC(142) Pause Young (Mixed) (G1 Evacuation Pause)
[371.624s][info][gc,task     ] GC(142) Using 13 workers of 13 for evacuation
[371.652s][info][gc,phases   ] GC(142)   Pre Evacuate Collection Set: 0.8ms
[371.652s][info][gc,phases   ] GC(142)   Merge Heap Roots: 0.4ms
[371.653s][info][gc,phases   ] GC(142)   Evacuate Collection Set: 23.3ms
[371.653s][info][gc,phases   ] GC(142)   Post Evacuate Collection Set: 3.1ms
[371.653s][info][gc,phases   ] GC(142)   Other: 0.6ms
[371.654s][info][gc,heap     ] GC(142) Eden regions: 394->0(381)
[371.654s][info][gc,heap     ] GC(142) Survivor regions: 9->18(51)
[371.655s][info][gc,heap     ] GC(142) Old regions: 216->213
[371.655s][info][gc,heap     ] GC(142) Humongous regions: 8->8
[371.655s][info][gc,metaspace] GC(142) Metaspace: 208625K(211136K)->208625K(211136K) NonClass: 183186K(184640K)->183186K(184640K) Class: 25439K(26496K)->25439K(26496K)
[371.656s][info][gc          ] GC(142) Pause Young (Mixed) (G1 Evacuation Pause) 1250M->475M(1346M) 32.524ms
[371.656s][info][gc,cpu      ] GC(142) User=0.31s Sys=0.01s Real=0.03s
[372.592s][info][gc,start    ] GC(143) Pause Young (Concurrent Start) (G1 Evacuation Pause)
[372.593s][info][gc,task     ] GC(143) Using 13 workers of 13 for evacuation
[372.611s][info][gc,phases   ] GC(143)   Pre Evacuate Collection Set: 1.0ms
[372.612s][info][gc,phases   ] GC(143)   Merge Heap Roots: 0.7ms
[372.612s][info][gc,phases   ] GC(143)   Evacuate Collection Set: 13.6ms
[372.612s][info][gc,phases   ] GC(143)   Post Evacuate Collection Set: 2.6ms
[372.613s][info][gc,phases   ] GC(143)   Other: 0.7ms
[372.613s][info][gc,heap     ] GC(143) Eden regions: 381->0(379)
[372.613s][info][gc,heap     ] GC(143) Survivor regions: 18->19(50)
[372.613s][info][gc,heap     ] GC(143) Old regions: 213->213
[372.613s][info][gc,heap     ] GC(143) Humongous regions: 8->8
[372.614s][info][gc,metaspace] GC(143) Metaspace: 208628K(211136K)->208628K(211136K) NonClass: 183188K(184640K)->183188K(184640K) Class: 25440K(26496K)->25440K(26496K)
[372.614s][info][gc          ] GC(143) Pause Young (Concurrent Start) (G1 Evacuation Pause) 1237M->477M(1346M) 21.719ms
[372.614s][info][gc,cpu      ] GC(143) User=0.18s Sys=0.01s Real=0.02s
[372.614s][info][gc          ] GC(144) Concurrent Mark Cycle
[372.616s][info][gc,marking  ] GC(144) Concurrent Scan Root Regions
[372.629s][info][gc,marking  ] GC(144) Concurrent Scan Root Regions 13.418ms
[372.634s][info][gc,marking  ] GC(144) Concurrent Mark
[372.635s][info][gc,marking  ] GC(144) Concurrent Mark From Roots
[372.637s][info][gc,task     ] GC(144) Using 3 workers of 3 for marking
[373.103s][info][gc,marking  ] GC(144) Concurrent Mark From Roots 467.317ms
[373.107s][info][gc,marking  ] GC(144) Concurrent Preclean
[373.109s][info][gc,marking  ] GC(144) Concurrent Preclean 2.460ms
[373.115s][info][gc,start    ] GC(144) Pause Remark
[373.127s][info][gc          ] GC(144) Pause Remark 861M->861M(1346M) 11.764ms
[373.128s][info][gc,cpu      ] GC(144) User=0.08s Sys=0.01s Real=0.01s
[373.128s][info][gc,marking  ] GC(144) Concurrent Mark 493.962ms
[373.135s][info][gc,marking  ] GC(144) Concurrent Rebuild Remembered Sets and Scrub Regions
[373.335s][info][gc,marking  ] GC(144) Concurrent Rebuild Remembered Sets and Scrub Regions 200.112ms
[373.336s][info][gc,start    ] GC(144) Pause Cleanup
[373.337s][info][gc          ] GC(144) Pause Cleanup 1032M->1032M(1346M) 0.939ms
[373.337s][info][gc,cpu      ] GC(144) User=0.01s Sys=0.00s Real=0.00s
[373.338s][info][gc,marking  ] GC(144) Concurrent Clear Claimed Marks
[373.343s][info][gc,marking  ] GC(144) Concurrent Clear Claimed Marks 5.681ms
[373.344s][info][gc,marking  ] GC(144) Concurrent Cleanup for Next Mark
[373.350s][info][gc,marking  ] GC(144) Concurrent Cleanup for Next Mark 5.865ms
[373.352s][info][gc          ] GC(144) Concurrent Mark Cycle 737.340ms
[373.515s][info][gc,start    ] GC(145) Pause Young (Prepare Mixed) (G1 Evacuation Pause)
[373.515s][info][gc,task     ] GC(145) Using 13 workers of 13 for evacuation
[373.537s][info][gc,phases   ] GC(145)   Pre Evacuate Collection Set: 0.6ms
[373.538s][info][gc,phases   ] GC(145)   Merge Heap Roots: 0.5ms
[373.538s][info][gc,phases   ] GC(145)   Evacuate Collection Set: 16.6ms
[373.538s][info][gc,phases   ] GC(145)   Post Evacuate Collection Set: 3.6ms
[373.539s][info][gc,phases   ] GC(145)   Other: 0.4ms
[373.539s][info][gc,heap     ] GC(145) Eden regions: 379->0(365)
[373.539s][info][gc,heap     ] GC(145) Survivor regions: 19->26(50)
[373.540s][info][gc,heap     ] GC(145) Old regions: 213->213
[373.540s][info][gc,heap     ] GC(145) Humongous regions: 8->8
[373.540s][info][gc,metaspace] GC(145) Metaspace: 208629K(211136K)->208629K(211136K) NonClass: 183188K(184640K)->183188K(184640K) Class: 25440K(26496K)->25440K(26496K)
[373.541s][info][gc          ] GC(145) Pause Young (Prepare Mixed) (G1 Evacuation Pause) 1235M->491M(1346M) 25.671ms
[373.541s][info][gc,cpu      ] GC(145) User=0.22s Sys=0.01s Real=0.03s
[374.256s][info][gc,start    ] GC(146) Pause Young (Mixed) (G1 Evacuation Pause)
[374.257s][info][gc,task     ] GC(146) Using 13 workers of 13 for evacuation
[374.302s][info][gc,phases   ] GC(146)   Pre Evacuate Collection Set: 0.7ms
[374.303s][info][gc,phases   ] GC(146)   Merge Heap Roots: 0.6ms
[374.303s][info][gc,phases   ] GC(146)   Evacuate Collection Set: 39.6ms
[374.303s][info][gc,phases   ] GC(146)   Post Evacuate Collection Set: 3.7ms
[374.304s][info][gc,phases   ] GC(146)   Other: 0.5ms
[374.304s][info][gc,heap     ] GC(146) Eden regions: 365->0(331)
[374.304s][info][gc,heap     ] GC(146) Survivor regions: 26->44(49)
[374.304s][info][gc,heap     ] GC(146) Old regions: 213->211
[374.305s][info][gc,heap     ] GC(146) Humongous regions: 8->8
[374.305s][info][gc,metaspace] GC(146) Metaspace: 208638K(211136K)->208638K(211136K) NonClass: 183197K(184640K)->183197K(184640K) Class: 25441K(26496K)->25441K(26496K)
[374.305s][info][gc          ] GC(146) Pause Young (Mixed) (G1 Evacuation Pause) 1221M->521M(1346M) 48.898ms
[374.305s][info][gc,cpu      ] GC(146) User=0.52s Sys=0.01s Real=0.05s
[374.941s][info][gc,start    ] GC(147) Pause Young (Concurrent Start) (G1 Evacuation Pause)
[374.941s][info][gc,task     ] GC(147) Using 13 workers of 13 for evacuation
[374.966s][info][gc,phases   ] GC(147)   Pre Evacuate Collection Set: 0.8ms
[374.967s][info][gc,phases   ] GC(147)   Merge Heap Roots: 0.5ms
[374.968s][info][gc,phases   ] GC(147)   Evacuate Collection Set: 20.0ms
[374.968s][info][gc,phases   ] GC(147)   Post Evacuate Collection Set: 3.1ms
[374.968s][info][gc,phases   ] GC(147)   Other: 0.6ms
[374.969s][info][gc,heap     ] GC(147) Eden regions: 331->0(360)
[374.969s][info][gc,heap     ] GC(147) Survivor regions: 44->22(47)
[374.969s][info][gc,heap     ] GC(147) Old regions: 211->222
[374.970s][info][gc,heap     ] GC(147) Humongous regions: 8->8
[374.970s][info][gc,metaspace] GC(147) Metaspace: 208638K(211136K)->208638K(211136K) NonClass: 183197K(184640K)->183197K(184640K) Class: 25441K(26496K)->25441K(26496K)
[374.970s][info][gc          ] GC(147) Pause Young (Concurrent Start) (G1 Evacuation Pause) 1183M->502M(1346M) 29.018ms
[374.970s][info][gc,cpu      ] GC(147) User=0.24s Sys=0.01s Real=0.02s
[374.970s][info][gc          ] GC(148) Concurrent Mark Cycle
[374.971s][info][gc,marking  ] GC(148) Concurrent Scan Root Regions
[374.991s][info][gc,marking  ] GC(148) Concurrent Scan Root Regions 20.133ms
[374.993s][info][gc,marking  ] GC(148) Concurrent Mark
[374.994s][info][gc,marking  ] GC(148) Concurrent Mark From Roots
[374.995s][info][gc,task     ] GC(148) Using 3 workers of 3 for marking
[375.443s][info][gc,marking  ] GC(148) Concurrent Mark From Roots 449.383ms
[375.444s][info][gc,marking  ] GC(148) Concurrent Preclean
[375.445s][info][gc,marking  ] GC(148) Concurrent Preclean 1.560ms
[375.446s][info][gc,start    ] GC(148) Pause Remark
[375.458s][info][gc          ] GC(148) Pause Remark 930M->930M(1346M) 12.010ms
[375.459s][info][gc,cpu      ] GC(148) User=0.10s Sys=0.01s Real=0.02s
[375.461s][info][gc,marking  ] GC(148) Concurrent Mark 467.967ms
[375.462s][info][gc,marking  ] GC(148) Concurrent Rebuild Remembered Sets and Scrub Regions
[375.679s][info][gc,marking  ] GC(148) Concurrent Rebuild Remembered Sets and Scrub Regions 217.314ms
[375.681s][info][gc,start    ] GC(148) Pause Cleanup
[375.682s][info][gc          ] GC(148) Pause Cleanup 1130M->1130M(1346M) 0.963ms
[375.682s][info][gc,cpu      ] GC(148) User=0.01s Sys=0.00s Real=0.00s
[375.683s][info][gc,marking  ] GC(148) Concurrent Clear Claimed Marks
[375.685s][info][gc,marking  ] GC(148) Concurrent Clear Claimed Marks 1.751ms
[375.686s][info][gc,marking  ] GC(148) Concurrent Cleanup for Next Mark
[375.692s][info][gc,marking  ] GC(148) Concurrent Cleanup for Next Mark 6.286ms
[375.694s][info][gc          ] GC(148) Concurrent Mark Cycle 723.278ms
[375.767s][info][gc,start    ] GC(149) Pause Young (Prepare Mixed) (G1 Evacuation Pause)
[375.768s][info][gc,task     ] GC(149) Using 13 workers of 13 for evacuation
[375.778s][info][gc,phases   ] GC(149)   Pre Evacuate Collection Set: 0.6ms
[375.778s][info][gc,phases   ] GC(149)   Merge Heap Roots: 0.4ms
[375.779s][info][gc,phases   ] GC(149)   Evacuate Collection Set: 6.1ms
[375.779s][info][gc,phases   ] GC(149)   Post Evacuate Collection Set: 2.5ms
[375.779s][info][gc,phases   ] GC(149)   Other: 0.4ms
[375.780s][info][gc,heap     ] GC(149) Eden regions: 360->0(379)
[375.780s][info][gc,heap     ] GC(149) Survivor regions: 22->11(48)
[375.780s][info][gc,heap     ] GC(149) Old regions: 222->222
[375.781s][info][gc,heap     ] GC(149) Humongous regions: 8->8
[375.781s][info][gc,metaspace] GC(149) Metaspace: 208638K(211136K)->208638K(211136K) NonClass: 183197K(184640K)->183197K(184640K) Class: 25441K(26496K)->25441K(26496K)
[375.781s][info][gc          ] GC(149) Pause Young (Prepare Mixed) (G1 Evacuation Pause) 1222M->479M(1346M) 14.398ms
[375.782s][info][gc,cpu      ] GC(149) User=0.07s Sys=0.01s Real=0.02s
[376.564s][info][gc,start    ] GC(150) Pause Young (Mixed) (G1 Evacuation Pause)
[376.564s][info][gc,task     ] GC(150) Using 13 workers of 13 for evacuation
[376.581s][info][gc,phases   ] GC(150)   Pre Evacuate Collection Set: 0.8ms
[376.582s][info][gc,phases   ] GC(150)   Merge Heap Roots: 0.5ms
[376.582s][info][gc,phases   ] GC(150)   Evacuate Collection Set: 12.4ms
[376.583s][info][gc,phases   ] GC(150)   Post Evacuate Collection Set: 2.8ms
[376.583s][info][gc,phases   ] GC(150)   Other: 0.6ms
[376.583s][info][gc,heap     ] GC(150) Eden regions: 379->0(385)
[376.583s][info][gc,heap     ] GC(150) Survivor regions: 11->11(49)
[376.584s][info][gc,heap     ] GC(150) Old regions: 222->221
[376.584s][info][gc,heap     ] GC(150) Humongous regions: 8->8
[376.584s][info][gc,metaspace] GC(150) Metaspace: 208702K(211200K)->208702K(211200K) NonClass: 183260K(184704K)->183260K(184704K) Class: 25441K(26496K)->25441K(26496K)
[376.584s][info][gc          ] GC(150) Pause Young (Mixed) (G1 Evacuation Pause) 1237M->477M(1346M) 20.883ms
[376.585s][info][gc,cpu      ] GC(150) User=0.17s Sys=0.00s Real=0.02s
[377.277s][info][gc,start    ] GC(151) Pause Young (Concurrent Start) (G1 Evacuation Pause)
[377.278s][info][gc,task     ] GC(151) Using 13 workers of 13 for evacuation
[377.298s][info][gc,phases   ] GC(151)   Pre Evacuate Collection Set: 0.9ms
[377.299s][info][gc,phases   ] GC(151)   Merge Heap Roots: 0.6ms
[377.299s][info][gc,phases   ] GC(151)   Evacuate Collection Set: 14.5ms
[377.299s][info][gc,phases   ] GC(151)   Post Evacuate Collection Set: 3.9ms
[377.300s][info][gc,phases   ] GC(151)   Other: 0.5ms
[377.300s][info][gc,heap     ] GC(151) Eden regions: 385->0(373)
[377.300s][info][gc,heap     ] GC(151) Survivor regions: 11->18(50)
[377.300s][info][gc,heap     ] GC(151) Old regions: 221->221
[377.300s][info][gc,heap     ] GC(151) Humongous regions: 8->8
[377.301s][info][gc,metaspace] GC(151) Metaspace: 208715K(211200K)->208715K(211200K) NonClass: 183273K(184704K)->183273K(184704K) Class: 25442K(26496K)->25442K(26496K)
[377.301s][info][gc          ] GC(151) Pause Young (Concurrent Start) (G1 Evacuation Pause) 1247M->492M(1346M) 23.845ms
[377.301s][info][gc          ] GC(152) Concurrent Mark Cycle
[377.302s][info][gc,marking  ] GC(152) Concurrent Scan Root Regions
[377.301s][info][gc,cpu      ] GC(151) User=0.21s Sys=0.01s Real=0.03s
[377.313s][info][gc,marking  ] GC(152) Concurrent Scan Root Regions 10.901ms
[377.314s][info][gc,marking  ] GC(152) Concurrent Mark
[377.315s][info][gc,marking  ] GC(152) Concurrent Mark From Roots
[377.315s][info][gc,task     ] GC(152) Using 3 workers of 3 for marking
[377.814s][info][gc,marking  ] GC(152) Concurrent Mark From Roots 499.488ms
[377.815s][info][gc,marking  ] GC(152) Concurrent Preclean
[377.816s][info][gc,marking  ] GC(152) Concurrent Preclean 1.131ms
[377.819s][info][gc,start    ] GC(152) Pause Remark
[377.834s][info][gc          ] GC(152) Pause Remark 918M->918M(1346M) 14.452ms
[377.834s][info][gc,cpu      ] GC(152) User=0.11s Sys=0.00s Real=0.01s
[377.835s][info][gc,marking  ] GC(152) Concurrent Mark 521.160ms
[377.840s][info][gc,marking  ] GC(152) Concurrent Rebuild Remembered Sets and Scrub Regions
[378.115s][info][gc,marking  ] GC(152) Concurrent Rebuild Remembered Sets and Scrub Regions 275.095ms
[378.116s][info][gc,start    ] GC(152) Pause Cleanup
[378.117s][info][gc          ] GC(152) Pause Cleanup 1144M->1144M(1346M) 1.170ms
[378.117s][info][gc,cpu      ] GC(152) User=0.00s Sys=0.00s Real=0.00s
[378.119s][info][gc,marking  ] GC(152) Concurrent Clear Claimed Marks
[378.122s][info][gc,marking  ] GC(152) Concurrent Clear Claimed Marks 3.422ms
[378.123s][info][gc,marking  ] GC(152) Concurrent Cleanup for Next Mark
[378.133s][info][gc,marking  ] GC(152) Concurrent Cleanup for Next Mark 10.078ms
[378.134s][info][gc          ] GC(152) Concurrent Mark Cycle 832.686ms
[378.207s][info][gc,start    ] GC(153) Pause Young (Prepare Mixed) (G1 Evacuation Pause)
[378.207s][info][gc,task     ] GC(153) Using 13 workers of 13 for evacuation
[378.224s][info][gc,phases   ] GC(153)   Pre Evacuate Collection Set: 0.5ms
[378.224s][info][gc,phases   ] GC(153)   Merge Heap Roots: 0.5ms
[378.225s][info][gc,phases   ] GC(153)   Evacuate Collection Set: 12.9ms
[378.225s][info][gc,phases   ] GC(153)   Post Evacuate Collection Set: 2.3ms
[378.225s][info][gc,phases   ] GC(153)   Other: 0.4ms
[378.226s][info][gc,heap     ] GC(153) Eden regions: 373->0(375)
[378.226s][info][gc,heap     ] GC(153) Survivor regions: 18->17(49)
[378.227s][info][gc,heap     ] GC(153) Old regions: 221->221
[378.227s][info][gc,heap     ] GC(153) Humongous regions: 8->8
[378.228s][info][gc,metaspace] GC(153) Metaspace: 208715K(211200K)->208715K(211200K) NonClass: 183273K(184704K)->183273K(184704K) Class: 25442K(26496K)->25442K(26496K)
[378.228s][info][gc          ] GC(153) Pause Young (Prepare Mixed) (G1 Evacuation Pause) 1238M->489M(1346M) 20.879ms
[378.228s][info][gc,cpu      ] GC(153) User=0.17s Sys=0.00s Real=0.02s
[378.972s][info][gc,start    ] GC(154) Pause Young (Mixed) (G1 Evacuation Pause)
[378.973s][info][gc,task     ] GC(154) Using 13 workers of 13 for evacuation
[378.993s][info][gc,phases   ] GC(154)   Pre Evacuate Collection Set: 0.6ms
[378.994s][info][gc,phases   ] GC(154)   Merge Heap Roots: 0.5ms
[378.994s][info][gc,phases   ] GC(154)   Evacuate Collection Set: 14.3ms
[378.995s][info][gc,phases   ] GC(154)   Post Evacuate Collection Set: 4.6ms
[378.995s][info][gc,phases   ] GC(154)   Other: 0.4ms
[378.995s][info][gc,heap     ] GC(154) Eden regions: 375->0(492)
[378.996s][info][gc,heap     ] GC(154) Survivor regions: 17->16(49)
[378.996s][info][gc,heap     ] GC(154) Old regions: 221->219
[378.996s][info][gc,heap     ] GC(154) Humongous regions: 8->8
[378.996s][info][gc,metaspace] GC(154) Metaspace: 208716K(211200K)->208716K(211200K) NonClass: 183274K(184704K)->183274K(184704K) Class: 25442K(26496K)->25442K(26496K)
[378.997s][info][gc          ] GC(154) Pause Young (Mixed) (G1 Evacuation Pause) 1239M->484M(1694M) 24.143ms
[378.997s][info][gc,cpu      ] GC(154) User=0.18s Sys=0.00s Real=0.02s
[380.352s][info][gc,start    ] GC(155) Pause Young (Concurrent Start) (G1 Evacuation Pause)
[380.352s][info][gc,task     ] GC(155) Using 13 workers of 13 for evacuation
[380.370s][info][gc,phases   ] GC(155)   Pre Evacuate Collection Set: 0.7ms
[380.370s][info][gc,phases   ] GC(155)   Merge Heap Roots: 0.6ms
[380.371s][info][gc,phases   ] GC(155)   Evacuate Collection Set: 12.2ms
[380.371s][info][gc,phases   ] GC(155)   Post Evacuate Collection Set: 3.5ms
[380.371s][info][gc,phases   ] GC(155)   Other: 0.6ms
[380.372s][info][gc,heap     ] GC(155) Eden regions: 492->0(496)
[380.372s][info][gc,heap     ] GC(155) Survivor regions: 16->12(64)
[380.372s][info][gc,heap     ] GC(155) Old regions: 219->219
[380.373s][info][gc,heap     ] GC(155) Humongous regions: 8->8
[380.373s][info][gc,metaspace] GC(155) Metaspace: 208717K(211200K)->208717K(211200K) NonClass: 183275K(184704K)->183275K(184704K) Class: 25442K(26496K)->25442K(26496K)
[380.373s][info][gc          ] GC(155) Pause Young (Concurrent Start) (G1 Evacuation Pause) 1468M->475M(1694M) 21.562ms
[380.373s][info][gc,cpu      ] GC(155) User=0.16s Sys=0.00s Real=0.02s
[380.373s][info][gc          ] GC(156) Concurrent Mark Cycle
[380.374s][info][gc,marking  ] GC(156) Concurrent Scan Root Regions
[380.395s][info][gc,marking  ] GC(156) Concurrent Scan Root Regions 20.485ms
[380.398s][info][gc,marking  ] GC(156) Concurrent Mark
[380.407s][info][gc,marking  ] GC(156) Concurrent Mark From Roots
[380.407s][info][gc,task     ] GC(156) Using 3 workers of 3 for marking
[380.903s][info][gc,marking  ] GC(156) Concurrent Mark From Roots 496.621ms
[380.908s][info][gc,marking  ] GC(156) Concurrent Preclean
[380.909s][info][gc,marking  ] GC(156) Concurrent Preclean 0.906ms
[380.910s][info][gc,start    ] GC(156) Pause Remark
[380.922s][info][gc          ] GC(156) Pause Remark 877M->877M(1594M) 11.704ms
[380.922s][info][gc,cpu      ] GC(156) User=0.09s Sys=0.00s Real=0.02s
[380.923s][info][gc,marking  ] GC(156) Concurrent Mark 524.966ms
[380.924s][info][gc,marking  ] GC(156) Concurrent Rebuild Remembered Sets and Scrub Regions
[381.145s][info][gc,marking  ] GC(156) Concurrent Rebuild Remembered Sets and Scrub Regions 221.278ms
[381.146s][info][gc,start    ] GC(156) Pause Cleanup
[381.148s][info][gc          ] GC(156) Pause Cleanup 1031M->1031M(1594M) 1.407ms
[381.148s][info][gc,cpu      ] GC(156) User=0.00s Sys=0.00s Real=0.00s
[381.149s][info][gc,marking  ] GC(156) Concurrent Clear Claimed Marks
[381.153s][info][gc,marking  ] GC(156) Concurrent Clear Claimed Marks 3.978ms
[381.154s][info][gc,marking  ] GC(156) Concurrent Cleanup for Next Mark
[381.172s][info][gc,marking  ] GC(156) Concurrent Cleanup for Next Mark 17.480ms
[381.173s][info][gc          ] GC(156) Concurrent Mark Cycle 799.446ms
[381.635s][info][gc,start    ] GC(157) Pause Young (Prepare Mixed) (G1 Evacuation Pause)
[381.636s][info][gc,task     ] GC(157) Using 13 workers of 13 for evacuation
[381.652s][info][gc,phases   ] GC(157)   Pre Evacuate Collection Set: 0.7ms
[381.653s][info][gc,phases   ] GC(157)   Merge Heap Roots: 0.6ms
[381.653s][info][gc,phases   ] GC(157)   Evacuate Collection Set: 12.1ms
[381.654s][info][gc,phases   ] GC(157)   Post Evacuate Collection Set: 2.9ms
[381.654s][info][gc,phases   ] GC(157)   Other: 0.4ms
[381.655s][info][gc,heap     ] GC(157) Eden regions: 466->0(464)
[381.656s][info][gc,heap     ] GC(157) Survivor regions: 12->14(60)
[381.656s][info][gc,heap     ] GC(157) Old regions: 219->219
[381.656s][info][gc,heap     ] GC(157) Humongous regions: 8->8
[381.657s][info][gc,metaspace] GC(157) Metaspace: 208717K(211200K)->208717K(211200K) NonClass: 183275K(184704K)->183275K(184704K) Class: 25442K(26496K)->25442K(26496K)
[381.657s][info][gc          ] GC(157) Pause Young (Prepare Mixed) (G1 Evacuation Pause) 1407M->478M(1594M) 21.830ms
[381.657s][info][gc,cpu      ] GC(157) User=0.16s Sys=0.00s Real=0.02s
[382.777s][info][gc,start    ] GC(158) Pause Young (Mixed) (G1 Evacuation Pause)
[382.777s][info][gc,task     ] GC(158) Using 13 workers of 13 for evacuation
[382.796s][info][gc,phases   ] GC(158)   Pre Evacuate Collection Set: 0.6ms
[382.797s][info][gc,phases   ] GC(158)   Merge Heap Roots: 0.5ms
[382.797s][info][gc,phases   ] GC(158)   Evacuate Collection Set: 14.1ms
[382.798s][info][gc,phases   ] GC(158)   Post Evacuate Collection Set: 3.2ms
[382.798s][info][gc,phases   ] GC(158)   Other: 0.5ms
[382.798s][info][gc,heap     ] GC(158) Eden regions: 464->0(466)
[382.799s][info][gc,heap     ] GC(158) Survivor regions: 14->12(60)
[382.799s][info][gc,heap     ] GC(158) Old regions: 219->217
[382.799s][info][gc,heap     ] GC(158) Humongous regions: 8->8
[382.800s][info][gc,metaspace] GC(158) Metaspace: 208727K(211200K)->208727K(211200K) NonClass: 183283K(184704K)->183283K(184704K) Class: 25443K(26496K)->25443K(26496K)
[382.800s][info][gc          ] GC(158) Pause Young (Mixed) (G1 Evacuation Pause) 1406M->472M(1594M) 22.964ms
[382.800s][info][gc,cpu      ] GC(158) User=0.18s Sys=0.01s Real=0.03s
[383.900s][info][gc,start    ] GC(159) Pause Young (Concurrent Start) (G1 Evacuation Pause)
[383.901s][info][gc,task     ] GC(159) Using 13 workers of 13 for evacuation
[383.917s][info][gc,phases   ] GC(159)   Pre Evacuate Collection Set: 0.6ms
[383.918s][info][gc,phases   ] GC(159)   Merge Heap Roots: 0.4ms
[383.918s][info][gc,phases   ] GC(159)   Evacuate Collection Set: 12.6ms
[383.918s][info][gc,phases   ] GC(159)   Post Evacuate Collection Set: 2.6ms
[383.919s][info][gc,phases   ] GC(159)   Other: 0.6ms
[383.919s][info][gc,heap     ] GC(159) Eden regions: 466->0(465)
[383.919s][info][gc,heap     ] GC(159) Survivor regions: 12->13(60)
[383.920s][info][gc,heap     ] GC(159) Old regions: 217->217
[383.920s][info][gc,heap     ] GC(159) Humongous regions: 8->8
[383.920s][info][gc,metaspace] GC(159) Metaspace: 208731K(211264K)->208731K(211264K) NonClass: 183286K(184768K)->183286K(184768K) Class: 25444K(26496K)->25444K(26496K)
[383.920s][info][gc          ] GC(159) Pause Young (Concurrent Start) (G1 Evacuation Pause) 1404M->474M(1594M) 20.656ms
[383.921s][info][gc          ] GC(160) Concurrent Mark Cycle
[383.921s][info][gc,cpu      ] GC(159) User=0.16s Sys=0.01s Real=0.02s
[383.921s][info][gc,marking  ] GC(160) Concurrent Scan Root Regions
[383.946s][info][gc,marking  ] GC(160) Concurrent Scan Root Regions 25.116ms
[383.948s][info][gc,marking  ] GC(160) Concurrent Mark
[383.949s][info][gc,marking  ] GC(160) Concurrent Mark From Roots
[383.950s][info][gc,task     ] GC(160) Using 3 workers of 3 for marking
[384.410s][info][gc,marking  ] GC(160) Concurrent Mark From Roots 460.776ms
[384.411s][info][gc,marking  ] GC(160) Concurrent Preclean
[384.415s][info][gc,marking  ] GC(160) Concurrent Preclean 3.994ms
[384.415s][info][gc,start    ] GC(160) Pause Remark
[384.430s][info][gc          ] GC(160) Pause Remark 836M->836M(1588M) 14.546ms
[384.431s][info][gc,cpu      ] GC(160) User=0.10s Sys=0.00s Real=0.01s
[384.433s][info][gc,marking  ] GC(160) Concurrent Mark 485.054ms
[384.435s][info][gc,marking  ] GC(160) Concurrent Rebuild Remembered Sets and Scrub Regions
[384.627s][info][gc,marking  ] GC(160) Concurrent Rebuild Remembered Sets and Scrub Regions 191.980ms
[384.628s][info][gc,start    ] GC(160) Pause Cleanup
[384.629s][info][gc          ] GC(160) Pause Cleanup 994M->994M(1588M) 1.206ms
[384.630s][info][gc,cpu      ] GC(160) User=0.00s Sys=0.00s Real=0.00s
[384.631s][info][gc,marking  ] GC(160) Concurrent Clear Claimed Marks
[384.635s][info][gc,marking  ] GC(160) Concurrent Clear Claimed Marks 4.880ms
[384.637s][info][gc,marking  ] GC(160) Concurrent Cleanup for Next Mark
[384.646s][info][gc,marking  ] GC(160) Concurrent Cleanup for Next Mark 9.792ms
[384.647s][info][gc          ] GC(160) Concurrent Mark Cycle 726.787ms
[385.127s][info][gc,start    ] GC(161) Pause Young (Prepare Mixed) (G1 Evacuation Pause)
[385.128s][info][gc,task     ] GC(161) Using 13 workers of 13 for evacuation
[385.143s][info][gc,phases   ] GC(161)   Pre Evacuate Collection Set: 0.8ms
[385.144s][info][gc,phases   ] GC(161)   Merge Heap Roots: 0.7ms
[385.144s][info][gc,phases   ] GC(161)   Evacuate Collection Set: 11.0ms
[385.144s][info][gc,phases   ] GC(161)   Post Evacuate Collection Set: 2.5ms
[385.145s][info][gc,phases   ] GC(161)   Other: 0.6ms
[385.145s][info][gc,heap     ] GC(161) Eden regions: 463->0(465)
[385.145s][info][gc,heap     ] GC(161) Survivor regions: 13->11(60)
[385.145s][info][gc,heap     ] GC(161) Old regions: 217->217
[385.145s][info][gc,heap     ] GC(161) Humongous regions: 8->8
[385.146s][info][gc,metaspace] GC(161) Metaspace: 208734K(211264K)->208734K(211264K) NonClass: 183290K(184768K)->183290K(184768K) Class: 25444K(26496K)->25444K(26496K)
[385.146s][info][gc          ] GC(161) Pause Young (Prepare Mixed) (G1 Evacuation Pause) 1400M->469M(1588M) 19.166ms
[385.146s][info][gc,cpu      ] GC(161) User=0.14s Sys=0.00s Real=0.02s
[386.223s][info][gc,start    ] GC(162) Pause Young (Mixed) (G1 Evacuation Pause)
[386.223s][info][gc,task     ] GC(162) Using 13 workers of 13 for evacuation
[386.248s][info][gc,phases   ] GC(162)   Pre Evacuate Collection Set: 0.6ms
[386.248s][info][gc,phases   ] GC(162)   Merge Heap Roots: 0.5ms
[386.248s][info][gc,phases   ] GC(162)   Evacuate Collection Set: 20.2ms
[386.249s][info][gc,phases   ] GC(162)   Post Evacuate Collection Set: 2.6ms
[386.249s][info][gc,phases   ] GC(162)   Other: 0.5ms
[386.249s][info][gc,heap     ] GC(162) Eden regions: 465->0(461)
[386.250s][info][gc,heap     ] GC(162) Survivor regions: 11->15(60)
[386.250s][info][gc,heap     ] GC(162) Old regions: 217->216
[386.250s][info][gc,heap     ] GC(162) Humongous regions: 8->8
[386.251s][info][gc,metaspace] GC(162) Metaspace: 208850K(211392K)->208850K(211392K) NonClass: 183406K(184896K)->183406K(184896K) Class: 25444K(26496K)->25444K(26496K)
[386.251s][info][gc          ] GC(162) Pause Young (Mixed) (G1 Evacuation Pause) 1399M->475M(1588M) 28.472ms
[386.251s][info][gc,cpu      ] GC(162) User=0.26s Sys=0.01s Real=0.03s
[386.401s][info][gc,start    ] GC(163) Pause Young (Concurrent Start) (G1 Humongous Allocation)
[386.401s][info][gc,task     ] GC(163) Using 13 workers of 13 for evacuation
[386.423s][info][gc,phases   ] GC(163)   Pre Evacuate Collection Set: 0.7ms
[386.423s][info][gc,phases   ] GC(163)   Merge Heap Roots: 0.4ms
[386.423s][info][gc,phases   ] GC(163)   Evacuate Collection Set: 17.9ms
[386.424s][info][gc,phases   ] GC(163)   Post Evacuate Collection Set: 1.7ms
[386.424s][info][gc,phases   ] GC(163)   Other: 0.5ms
[386.424s][info][gc,heap     ] GC(163) Eden regions: 85->0(456)
[386.425s][info][gc,heap     ] GC(163) Survivor regions: 15->20(60)
[386.425s][info][gc,heap     ] GC(163) Old regions: 216->216
[386.425s][info][gc,heap     ] GC(163) Humongous regions: 8->8
[386.426s][info][gc,metaspace] GC(163) Metaspace: 208850K(211392K)->208850K(211392K) NonClass: 183406K(184896K)->183406K(184896K) Class: 25444K(26496K)->25444K(26496K)
[386.427s][info][gc          ] GC(163) Pause Young (Concurrent Start) (G1 Humongous Allocation) 645M->485M(1588M) 25.853ms
[386.427s][info][gc,cpu      ] GC(163) User=0.23s Sys=0.00s Real=0.02s
[386.427s][info][gc          ] GC(164) Concurrent Mark Cycle
[386.428s][info][gc,marking  ] GC(164) Concurrent Scan Root Regions
[386.469s][info][gc,marking  ] GC(164) Concurrent Scan Root Regions 40.585ms
[386.474s][info][gc,marking  ] GC(164) Concurrent Mark
[386.475s][info][gc,marking  ] GC(164) Concurrent Mark From Roots
[386.476s][info][gc,task     ] GC(164) Using 3 workers of 3 for marking
[386.978s][info][gc,marking  ] GC(164) Concurrent Mark From Roots 503.517ms
[386.979s][info][gc,marking  ] GC(164) Concurrent Preclean
[386.980s][info][gc,marking  ] GC(164) Concurrent Preclean 1.278ms
[386.982s][info][gc,start    ] GC(164) Pause Remark
[386.998s][info][gc          ] GC(164) Pause Remark 925M->925M(1588M) 15.188ms
[386.998s][info][gc,cpu      ] GC(164) User=0.12s Sys=0.00s Real=0.01s
[387.001s][info][gc,marking  ] GC(164) Concurrent Mark 526.654ms
[387.003s][info][gc,marking  ] GC(164) Concurrent Rebuild Remembered Sets and Scrub Regions
[387.219s][info][gc,marking  ] GC(164) Concurrent Rebuild Remembered Sets and Scrub Regions 216.472ms
[387.223s][info][gc,start    ] GC(164) Pause Cleanup
[387.224s][info][gc          ] GC(164) Pause Cleanup 1099M->1099M(1588M) 0.997ms
[387.224s][info][gc,cpu      ] GC(164) User=0.00s Sys=0.00s Real=0.00s
[387.225s][info][gc,marking  ] GC(164) Concurrent Clear Claimed Marks
[387.226s][info][gc,marking  ] GC(164) Concurrent Clear Claimed Marks 1.343ms
[387.227s][info][gc,marking  ] GC(164) Concurrent Cleanup for Next Mark
[387.240s][info][gc,marking  ] GC(164) Concurrent Cleanup for Next Mark 13.086ms
[387.241s][info][gc          ] GC(164) Concurrent Mark Cycle 813.396ms
[387.597s][info][gc,start    ] GC(165) Pause Young (Prepare Mixed) (G1 Evacuation Pause)
[387.598s][info][gc,task     ] GC(165) Using 13 workers of 13 for evacuation
[387.613s][info][gc,phases   ] GC(165)   Pre Evacuate Collection Set: 0.8ms
[387.614s][info][gc,phases   ] GC(165)   Merge Heap Roots: 0.5ms
[387.614s][info][gc,phases   ] GC(165)   Evacuate Collection Set: 11.6ms
[387.614s][info][gc,phases   ] GC(165)   Post Evacuate Collection Set: 2.3ms
[387.615s][info][gc,phases   ] GC(165)   Other: 0.6ms
[387.615s][info][gc,heap     ] GC(165) Eden regions: 456->0(462)
[387.615s][info][gc,heap     ] GC(165) Survivor regions: 20->14(60)
[387.616s][info][gc,heap     ] GC(165) Old regions: 216->216
[387.616s][info][gc,heap     ] GC(165) Humongous regions: 10->9
[387.616s][info][gc,metaspace] GC(165) Metaspace: 208850K(211392K)->208850K(211392K) NonClass: 183406K(184896K)->183406K(184896K) Class: 25444K(26496K)->25444K(26496K)
[387.617s][info][gc          ] GC(165) Pause Young (Prepare Mixed) (G1 Evacuation Pause) 1401M->475M(1588M) 19.884ms
[387.617s][info][gc,cpu      ] GC(165) User=0.13s Sys=0.03s Real=0.02s
[388.580s][info][gc,start    ] GC(166) Pause Young (Mixed) (G1 Evacuation Pause)
[388.581s][info][gc,task     ] GC(166) Using 13 workers of 13 for evacuation
[388.604s][info][gc,phases   ] GC(166)   Pre Evacuate Collection Set: 0.5ms
[388.604s][info][gc,phases   ] GC(166)   Merge Heap Roots: 0.5ms
[388.605s][info][gc,phases   ] GC(166)   Evacuate Collection Set: 18.6ms
[388.605s][info][gc,phases   ] GC(166)   Post Evacuate Collection Set: 3.1ms
[388.605s][info][gc,phases   ] GC(166)   Other: 0.4ms
[388.606s][info][gc,heap     ] GC(166) Eden regions: 462->0(457)
[388.606s][info][gc,heap     ] GC(166) Survivor regions: 14->19(60)
[388.606s][info][gc,heap     ] GC(166) Old regions: 216->215
[388.607s][info][gc,heap     ] GC(166) Humongous regions: 9->9
[388.607s][info][gc,metaspace] GC(166) Metaspace: 208850K(211392K)->208850K(211392K) NonClass: 183406K(184896K)->183406K(184896K) Class: 25444K(26496K)->25444K(26496K)
[388.607s][info][gc          ] GC(166) Pause Young (Mixed) (G1 Evacuation Pause) 1399M->481M(1588M) 26.885ms
[388.608s][info][gc,cpu      ] GC(166) User=0.24s Sys=0.01s Real=0.02s
[389.568s][info][gc,start    ] GC(167) Pause Young (Concurrent Start) (G1 Humongous Allocation)
[389.568s][info][gc,task     ] GC(167) Using 13 workers of 13 for evacuation
[389.588s][info][gc,phases   ] GC(167)   Pre Evacuate Collection Set: 0.8ms
[389.588s][info][gc,phases   ] GC(167)   Merge Heap Roots: 0.6ms
[389.589s][info][gc,phases   ] GC(167)   Evacuate Collection Set: 14.7ms
[389.589s][info][gc,phases   ] GC(167)   Post Evacuate Collection Set: 2.5ms
[389.589s][info][gc,phases   ] GC(167)   Other: 0.6ms
[389.590s][info][gc,heap     ] GC(167) Eden regions: 428->0(458)
[389.590s][info][gc,heap     ] GC(167) Survivor regions: 19->18(60)
[389.591s][info][gc,heap     ] GC(167) Old regions: 215->215
[389.591s][info][gc,heap     ] GC(167) Humongous regions: 9->9
[389.591s][info][gc,metaspace] GC(167) Metaspace: 208850K(211392K)->208850K(211392K) NonClass: 183406K(184896K)->183406K(184896K) Class: 25444K(26496K)->25444K(26496K)
[389.592s][info][gc          ] GC(167) Pause Young (Concurrent Start) (G1 Humongous Allocation) 1336M->481M(1588M) 23.664ms
[389.592s][info][gc          ] GC(168) Concurrent Mark Cycle
[389.592s][info][gc,cpu      ] GC(167) User=0.20s Sys=0.00s Real=0.03s
[389.593s][info][gc,marking  ] GC(168) Concurrent Scan Root Regions
[389.615s][info][gc,marking  ] GC(168) Concurrent Scan Root Regions 22.599ms
[389.619s][info][gc,marking  ] GC(168) Concurrent Mark
[389.619s][info][gc,marking  ] GC(168) Concurrent Mark From Roots
[389.624s][info][gc,task     ] GC(168) Using 3 workers of 3 for marking
[390.073s][info][gc,marking  ] GC(168) Concurrent Mark From Roots 453.880ms
[390.075s][info][gc,marking  ] GC(168) Concurrent Preclean
[390.076s][info][gc,marking  ] GC(168) Concurrent Preclean 1.719ms
[390.078s][info][gc,start    ] GC(168) Pause Remark
[390.089s][info][gc          ] GC(168) Pause Remark 781M->779M(1588M) 11.177ms
[390.090s][info][gc,cpu      ] GC(168) User=0.07s Sys=0.02s Real=0.01s
[390.091s][info][gc,marking  ] GC(168) Concurrent Mark 472.200ms
[390.092s][info][gc,marking  ] GC(168) Concurrent Rebuild Remembered Sets and Scrub Regions
[390.249s][info][gc,marking  ] GC(168) Concurrent Rebuild Remembered Sets and Scrub Regions 156.744ms
[390.250s][info][gc,start    ] GC(168) Pause Cleanup
[390.251s][info][gc          ] GC(168) Pause Cleanup 822M->822M(1588M) 1.117ms
[390.251s][info][gc,cpu      ] GC(168) User=0.00s Sys=0.01s Real=0.01s
[390.252s][info][gc,marking  ] GC(168) Concurrent Clear Claimed Marks
[390.253s][info][gc,marking  ] GC(168) Concurrent Clear Claimed Marks 0.652ms
[390.253s][info][gc,marking  ] GC(168) Concurrent Cleanup for Next Mark
[390.258s][info][gc,marking  ] GC(168) Concurrent Cleanup for Next Mark 4.688ms
[390.258s][info][gc          ] GC(168) Concurrent Mark Cycle 666.138ms
[396.304s][info][gc,start    ] GC(169) Pause Young (Prepare Mixed) (G1 Evacuation Pause)
[396.304s][info][gc,task     ] GC(169) Using 13 workers of 13 for evacuation
[396.338s][info][gc,phases   ] GC(169)   Pre Evacuate Collection Set: 0.7ms
[396.338s][info][gc,phases   ] GC(169)   Merge Heap Roots: 0.7ms
[396.338s][info][gc,phases   ] GC(169)   Evacuate Collection Set: 25.6ms
[396.339s][info][gc,phases   ] GC(169)   Post Evacuate Collection Set: 6.1ms
[396.339s][info][gc,phases   ] GC(169)   Other: 0.5ms
[396.339s][info][gc,heap     ] GC(169) Eden regions: 458->0(454)
[396.339s][info][gc,heap     ] GC(169) Survivor regions: 18->22(60)
[396.340s][info][gc,heap     ] GC(169) Old regions: 215->215
[396.340s][info][gc,heap     ] GC(169) Humongous regions: 34->8
[396.340s][info][gc,metaspace] GC(169) Metaspace: 218753K(221504K)->218753K(221504K) NonClass: 192052K(193600K)->192052K(193600K) Class: 26701K(27904K)->26701K(27904K)
[396.340s][info][gc          ] GC(169) Pause Young (Prepare Mixed) (G1 Evacuation Pause) 1447M->486M(1588M) 36.523ms
[396.341s][info][gc,cpu      ] GC(169) User=0.36s Sys=0.02s Real=0.04s
[398.106s][info][gc,start    ] GC(170) Pause Young (Mixed) (G1 Evacuation Pause)
[398.106s][info][gc,task     ] GC(170) Using 13 workers of 13 for evacuation
[398.148s][info][gc,phases   ] GC(170)   Pre Evacuate Collection Set: 0.6ms
[398.148s][info][gc,phases   ] GC(170)   Merge Heap Roots: 0.6ms
[398.149s][info][gc,phases   ] GC(170)   Evacuate Collection Set: 36.7ms
[398.149s][info][gc,phases   ] GC(170)   Post Evacuate Collection Set: 2.8ms
[398.149s][info][gc,phases   ] GC(170)   Other: 0.6ms
[398.150s][info][gc,heap     ] GC(170) Eden regions: 454->0(439)
[398.150s][info][gc,heap     ] GC(170) Survivor regions: 22->37(60)
[398.150s][info][gc,heap     ] GC(170) Old regions: 215->214
[398.150s][info][gc,heap     ] GC(170) Humongous regions: 21->8
[398.151s][info][gc,metaspace] GC(170) Metaspace: 218974K(221760K)->218974K(221760K) NonClass: 192234K(193792K)->192234K(193792K) Class: 26739K(27968K)->26739K(27968K)
[398.151s][info][gc          ] GC(170) Pause Young (Mixed) (G1 Evacuation Pause) 1420M->515M(1588M) 45.427ms
[398.152s][info][gc,cpu      ] GC(170) User=0.47s Sys=0.02s Real=0.05s
[399.439s][info][gc,start    ] GC(171) Pause Young (Concurrent Start) (G1 Evacuation Pause)
[399.440s][info][gc,task     ] GC(171) Using 13 workers of 13 for evacuation
[399.487s][info][gc,phases   ] GC(171)   Pre Evacuate Collection Set: 0.7ms
[399.487s][info][gc,phases   ] GC(171)   Merge Heap Roots: 0.6ms
[399.488s][info][gc,phases   ] GC(171)   Evacuate Collection Set: 43.2ms
[399.488s][info][gc,phases   ] GC(171)   Post Evacuate Collection Set: 2.1ms
[399.488s][info][gc,phases   ] GC(171)   Other: 0.5ms
[399.488s][info][gc,heap     ] GC(171) Eden regions: 439->0(445)
[399.489s][info][gc,heap     ] GC(171) Survivor regions: 37->31(60)
[399.489s][info][gc,heap     ] GC(171) Old regions: 214->233
[399.489s][info][gc,heap     ] GC(171) Humongous regions: 8->8
[399.489s][info][gc,metaspace] GC(171) Metaspace: 219043K(221888K)->219043K(221888K) NonClass: 192301K(193920K)->192301K(193920K) Class: 26741K(27968K)->26741K(27968K)
[399.490s][info][gc          ] GC(171) Pause Young (Concurrent Start) (G1 Evacuation Pause) 1393M->541M(1588M) 50.492ms
[399.490s][info][gc,cpu      ] GC(171) User=0.57s Sys=0.00s Real=0.04s
[399.490s][info][gc          ] GC(172) Concurrent Mark Cycle
[399.491s][info][gc,marking  ] GC(172) Concurrent Scan Root Regions
[399.545s][info][gc,marking  ] GC(172) Concurrent Scan Root Regions 54.427ms
[399.546s][info][gc,marking  ] GC(172) Concurrent Mark
[399.553s][info][gc,marking  ] GC(172) Concurrent Mark From Roots
[399.554s][info][gc,task     ] GC(172) Using 3 workers of 3 for marking
[399.996s][info][gc,marking  ] GC(172) Concurrent Mark From Roots 442.708ms
[399.999s][info][gc,marking  ] GC(172) Concurrent Preclean
[400.001s][info][gc,marking  ] GC(172) Concurrent Preclean 2.192ms
[400.009s][info][gc,start    ] GC(172) Pause Remark
[400.027s][info][gc          ] GC(172) Pause Remark 893M->893M(1588M) 18.002ms
[400.028s][info][gc,cpu      ] GC(172) User=0.13s Sys=0.00s Real=0.02s
[400.035s][info][gc,marking  ] GC(172) Concurrent Mark 488.662ms
[400.036s][info][gc,marking  ] GC(172) Concurrent Rebuild Remembered Sets and Scrub Regions
[400.295s][info][gc,marking  ] GC(172) Concurrent Rebuild Remembered Sets and Scrub Regions 259.369ms
[400.300s][info][gc,start    ] GC(172) Pause Cleanup
[400.302s][info][gc          ] GC(172) Pause Cleanup 1094M->1094M(1588M) 2.163ms
[400.303s][info][gc,cpu      ] GC(172) User=0.01s Sys=0.00s Real=0.00s
[400.304s][info][gc,marking  ] GC(172) Concurrent Clear Claimed Marks
[400.305s][info][gc,marking  ] GC(172) Concurrent Clear Claimed Marks 1.585ms
[400.306s][info][gc,marking  ] GC(172) Concurrent Cleanup for Next Mark
[400.316s][info][gc,marking  ] GC(172) Concurrent Cleanup for Next Mark 9.942ms
[400.318s][info][gc          ] GC(172) Concurrent Mark Cycle 828.332ms
[400.778s][info][gc,start    ] GC(173) Pause Young (Prepare Mixed) (G1 Evacuation Pause)
[400.778s][info][gc,task     ] GC(173) Using 13 workers of 13 for evacuation
[400.817s][info][gc,phases   ] GC(173)   Pre Evacuate Collection Set: 1.1ms
[400.817s][info][gc,phases   ] GC(173)   Merge Heap Roots: 0.5ms
[400.817s][info][gc,phases   ] GC(173)   Evacuate Collection Set: 33.3ms
[400.818s][info][gc,phases   ] GC(173)   Post Evacuate Collection Set: 2.8ms
[400.818s][info][gc,phases   ] GC(173)   Other: 0.6ms
[400.818s][info][gc,heap     ] GC(173) Eden regions: 445->0(442)
[400.819s][info][gc,heap     ] GC(173) Survivor regions: 31->34(60)
[400.819s][info][gc,heap     ] GC(173) Old regions: 233->233
[400.820s][info][gc,heap     ] GC(173) Humongous regions: 8->8
[400.820s][info][gc,metaspace] GC(173) Metaspace: 219044K(221888K)->219044K(221888K) NonClass: 192302K(193920K)->192302K(193920K) Class: 26741K(27968K)->26741K(27968K)
[400.820s][info][gc          ] GC(173) Pause Young (Prepare Mixed) (G1 Evacuation Pause) 1431M->548M(1588M) 42.705ms
[400.821s][info][gc,cpu      ] GC(173) User=0.44s Sys=0.01s Real=0.05s
[401.999s][info][gc,start    ] GC(174) Pause Young (Mixed) (G1 Evacuation Pause)
[402.000s][info][gc,task     ] GC(174) Using 13 workers of 13 for evacuation
[402.042s][info][gc,phases   ] GC(174)   Pre Evacuate Collection Set: 0.7ms
[402.043s][info][gc,phases   ] GC(174)   Merge Heap Roots: 0.5ms
[402.043s][info][gc,phases   ] GC(174)   Evacuate Collection Set: 35.4ms
[402.044s][info][gc,phases   ] GC(174)   Post Evacuate Collection Set: 4.7ms
[402.044s][info][gc,phases   ] GC(174)   Other: 0.7ms
[402.045s][info][gc,heap     ] GC(174) Eden regions: 442->0(439)
[402.045s][info][gc,heap     ] GC(174) Survivor regions: 34->37(60)
[402.045s][info][gc,heap     ] GC(174) Old regions: 233->228
[402.046s][info][gc,heap     ] GC(174) Humongous regions: 8->8
[402.046s][info][gc,metaspace] GC(174) Metaspace: 219046K(221888K)->219046K(221888K) NonClass: 192304K(193920K)->192304K(193920K) Class: 26741K(27968K)->26741K(27968K)
[402.046s][info][gc          ] GC(174) Pause Young (Mixed) (G1 Evacuation Pause) 1432M->544M(1588M) 46.810ms
[402.046s][info][gc,cpu      ] GC(174) User=0.45s Sys=0.01s Real=0.04s
[403.287s][info][gc,start    ] GC(175) Pause Young (Concurrent Start) (G1 Evacuation Pause)
[403.287s][info][gc,task     ] GC(175) Using 13 workers of 13 for evacuation
[403.323s][info][gc,phases   ] GC(175)   Pre Evacuate Collection Set: 0.7ms
[403.323s][info][gc,phases   ] GC(175)   Merge Heap Roots: 0.4ms
[403.324s][info][gc,phases   ] GC(175)   Evacuate Collection Set: 31.7ms
[403.324s][info][gc,phases   ] GC(175)   Post Evacuate Collection Set: 2.3ms
[403.324s][info][gc,phases   ] GC(175)   Other: 0.6ms
[403.324s][info][gc,heap     ] GC(175) Eden regions: 439->0(446)
[403.325s][info][gc,heap     ] GC(175) Survivor regions: 37->30(60)
[403.325s][info][gc,heap     ] GC(175) Old regions: 228->234
[403.325s][info][gc,heap     ] GC(175) Humongous regions: 8->8
[403.325s][info][gc,metaspace] GC(175) Metaspace: 219048K(221888K)->219048K(221888K) NonClass: 192307K(193920K)->192307K(193920K) Class: 26741K(27968K)->26741K(27968K)
[403.326s][info][gc          ] GC(175) Pause Young (Concurrent Start) (G1 Evacuation Pause) 1422M->542M(1588M) 39.168ms
[403.326s][info][gc,cpu      ] GC(175) User=0.44s Sys=0.01s Real=0.04s
[403.326s][info][gc          ] GC(176) Concurrent Mark Cycle
[403.327s][info][gc,marking  ] GC(176) Concurrent Scan Root Regions
[403.360s][info][gc,marking  ] GC(176) Concurrent Scan Root Regions 33.022ms
[403.362s][info][gc,marking  ] GC(176) Concurrent Mark
[403.366s][info][gc,marking  ] GC(176) Concurrent Mark From Roots
[403.368s][info][gc,task     ] GC(176) Using 3 workers of 3 for marking
[403.719s][info][gc,marking  ] GC(176) Concurrent Mark From Roots 353.319ms
[403.720s][info][gc,marking  ] GC(176) Concurrent Preclean
[403.721s][info][gc,marking  ] GC(176) Concurrent Preclean 1.175ms
[403.722s][info][gc,start    ] GC(176) Pause Remark
[403.752s][info][gc          ] GC(176) Pause Remark 775M->757M(1588M) 29.987ms
[403.753s][info][gc,cpu      ] GC(176) User=0.30s Sys=0.00s Real=0.03s
[403.753s][info][gc,marking  ] GC(176) Concurrent Mark 391.329ms
[403.759s][info][gc,marking  ] GC(176) Concurrent Rebuild Remembered Sets and Scrub Regions
[403.916s][info][gc,marking  ] GC(176) Concurrent Rebuild Remembered Sets and Scrub Regions 156.992ms
[403.917s][info][gc,start    ] GC(176) Pause Cleanup
[403.918s][info][gc          ] GC(176) Pause Cleanup 847M->847M(1588M) 1.127ms
[403.919s][info][gc,cpu      ] GC(176) User=0.01s Sys=0.00s Real=0.01s
[403.920s][info][gc,marking  ] GC(176) Concurrent Clear Claimed Marks
[403.923s][info][gc,marking  ] GC(176) Concurrent Clear Claimed Marks 2.457ms
[403.924s][info][gc,marking  ] GC(176) Concurrent Cleanup for Next Mark
[403.937s][info][gc,marking  ] GC(176) Concurrent Cleanup for Next Mark 12.447ms
[403.939s][info][gc          ] GC(176) Concurrent Mark Cycle 613.010ms
[404.707s][info][gc,start    ] GC(177) Pause Young (Prepare Mixed) (G1 Evacuation Pause)
[404.708s][info][gc,task     ] GC(177) Using 13 workers of 13 for evacuation
[404.737s][info][gc,phases   ] GC(177)   Pre Evacuate Collection Set: 0.8ms
[404.737s][info][gc,phases   ] GC(177)   Merge Heap Roots: 0.6ms
[404.738s][info][gc,phases   ] GC(177)   Evacuate Collection Set: 23.7ms
[404.738s][info][gc,phases   ] GC(177)   Post Evacuate Collection Set: 3.3ms
[404.738s][info][gc,phases   ] GC(177)   Other: 0.6ms
[404.738s][info][gc,heap     ] GC(177) Eden regions: 446->0(448)
[404.739s][info][gc,heap     ] GC(177) Survivor regions: 30->28(60)
[404.739s][info][gc,heap     ] GC(177) Old regions: 225->225
[404.739s][info][gc,heap     ] GC(177) Humongous regions: 8->8
[404.740s][info][gc,metaspace] GC(177) Metaspace: 219084K(221888K)->219084K(221888K) NonClass: 192332K(193920K)->192332K(193920K) Class: 26752K(27968K)->26752K(27968K)
[404.740s][info][gc          ] GC(177) Pause Young (Prepare Mixed) (G1 Evacuation Pause) 1416M->519M(1588M) 32.805ms
[404.740s][info][gc,cpu      ] GC(177) User=0.31s Sys=0.01s Real=0.04s
[406.343s][info][gc,start    ] GC(178) Pause Young (Mixed) (G1 Evacuation Pause)
[406.344s][info][gc,task     ] GC(178) Using 13 workers of 13 for evacuation
[406.383s][info][gc,phases   ] GC(178)   Pre Evacuate Collection Set: 0.7ms
[406.383s][info][gc,phases   ] GC(178)   Merge Heap Roots: 0.5ms
[406.384s][info][gc,phases   ] GC(178)   Evacuate Collection Set: 34.7ms
[406.384s][info][gc,phases   ] GC(178)   Post Evacuate Collection Set: 2.9ms
[406.384s][info][gc,phases   ] GC(178)   Other: 0.6ms
[406.385s][info][gc,heap     ] GC(178) Eden regions: 448->0(442)
[406.385s][info][gc,heap     ] GC(178) Survivor regions: 28->34(60)
[406.386s][info][gc,heap     ] GC(178) Old regions: 225->184
[406.386s][info][gc,heap     ] GC(178) Humongous regions: 8->8
[406.386s][info][gc,metaspace] GC(178) Metaspace: 219103K(221888K)->219103K(221888K) NonClass: 192350K(193920K)->192350K(193920K) Class: 26753K(27968K)->26753K(27968K)
[406.387s][info][gc          ] GC(178) Pause Young (Mixed) (G1 Evacuation Pause) 1415M->448M(1588M) 43.925ms
[406.387s][info][gc,cpu      ] GC(178) User=0.48s Sys=0.01s Real=0.04s
[407.618s][info][gc,start    ] GC(179) Pause Young (Concurrent Start) (G1 Humongous Allocation)
[407.618s][info][gc,task     ] GC(179) Using 13 workers of 13 for evacuation
[407.653s][info][gc,phases   ] GC(179)   Pre Evacuate Collection Set: 0.8ms
[407.653s][info][gc,phases   ] GC(179)   Merge Heap Roots: 0.5ms
[407.654s][info][gc,phases   ] GC(179)   Evacuate Collection Set: 29.9ms
[407.654s][info][gc,phases   ] GC(179)   Post Evacuate Collection Set: 2.8ms
[407.654s][info][gc,phases   ] GC(179)   Other: 0.5ms
[407.655s][info][gc,heap     ] GC(179) Eden regions: 418->0(442)
[407.655s][info][gc,heap     ] GC(179) Survivor regions: 34->34(60)
[407.655s][info][gc,heap     ] GC(179) Old regions: 184->186
[407.655s][info][gc,heap     ] GC(179) Humongous regions: 8->8
[407.656s][info][gc,metaspace] GC(179) Metaspace: 219115K(221888K)->219115K(221888K) NonClass: 192362K(193920K)->192362K(193920K) Class: 26753K(27968K)->26753K(27968K)
[407.656s][info][gc          ] GC(179) Pause Young (Concurrent Start) (G1 Humongous Allocation) 1284M->454M(1588M) 38.305ms
[407.656s][info][gc          ] GC(180) Concurrent Mark Cycle
[407.656s][info][gc,cpu      ] GC(179) User=0.42s Sys=0.01s Real=0.04s
[407.657s][info][gc,marking  ] GC(180) Concurrent Scan Root Regions
[407.687s][info][gc,marking  ] GC(180) Concurrent Scan Root Regions 30.136ms
[407.691s][info][gc,marking  ] GC(180) Concurrent Mark
[407.692s][info][gc,marking  ] GC(180) Concurrent Mark From Roots
[407.693s][info][gc,task     ] GC(180) Using 3 workers of 3 for marking
[408.087s][info][gc,marking  ] GC(180) Concurrent Mark From Roots 394.455ms
[408.088s][info][gc,marking  ] GC(180) Concurrent Preclean
[408.089s][info][gc,marking  ] GC(180) Concurrent Preclean 1.119ms
[408.092s][info][gc,start    ] GC(180) Pause Remark
[408.108s][info][gc          ] GC(180) Pause Remark 796M->796M(1548M) 16.928ms
[408.109s][info][gc,cpu      ] GC(180) User=0.13s Sys=0.00s Real=0.01s
[408.110s][info][gc,marking  ] GC(180) Concurrent Mark 419.397ms
[408.122s][info][gc,marking  ] GC(180) Concurrent Rebuild Remembered Sets and Scrub Regions
[408.307s][info][gc,marking  ] GC(180) Concurrent Rebuild Remembered Sets and Scrub Regions 185.036ms
[408.308s][info][gc,start    ] GC(180) Pause Cleanup
[408.309s][info][gc          ] GC(180) Pause Cleanup 948M->948M(1548M) 1.080ms
[408.309s][info][gc,cpu      ] GC(180) User=0.00s Sys=0.00s Real=0.00s
[408.311s][info][gc,marking  ] GC(180) Concurrent Clear Claimed Marks
[408.313s][info][gc,marking  ] GC(180) Concurrent Clear Claimed Marks 1.845ms
[408.314s][info][gc,marking  ] GC(180) Concurrent Cleanup for Next Mark
[408.323s][info][gc,marking  ] GC(180) Concurrent Cleanup for Next Mark 9.222ms
[408.323s][info][gc          ] GC(180) Concurrent Mark Cycle 666.907ms
[408.806s][info][gc,start    ] GC(181) Pause Young (Prepare Mixed) (G1 Evacuation Pause)
[408.807s][info][gc,task     ] GC(181) Using 13 workers of 13 for evacuation
[408.850s][info][gc,phases   ] GC(181)   Pre Evacuate Collection Set: 0.6ms
[408.850s][info][gc,phases   ] GC(181)   Merge Heap Roots: 0.5ms
[408.851s][info][gc,phases   ] GC(181)   Evacuate Collection Set: 39.1ms
[408.851s][info][gc,phases   ] GC(181)   Post Evacuate Collection Set: 2.3ms
[408.851s][info][gc,phases   ] GC(181)   Other: 0.5ms
[408.851s][info][gc,heap     ] GC(181) Eden regions: 430->0(419)
[408.852s][info][gc,heap     ] GC(181) Survivor regions: 34->45(58)
[408.852s][info][gc,heap     ] GC(181) Old regions: 186->190
[408.852s][info][gc,heap     ] GC(181) Humongous regions: 12->10
[408.853s][info][gc,metaspace] GC(181) Metaspace: 219118K(221888K)->219118K(221888K) NonClass: 192365K(193920K)->192365K(193920K) Class: 26753K(27968K)->26753K(27968K)
[408.853s][info][gc          ] GC(181) Pause Young (Prepare Mixed) (G1 Evacuation Pause) 1322M->488M(1548M) 46.845ms
[408.853s][info][gc,cpu      ] GC(181) User=0.50s Sys=0.00s Real=0.05s
[409.889s][info][gc,start    ] GC(182) Pause Young (Mixed) (G1 Evacuation Pause)
[409.889s][info][gc,task     ] GC(182) Using 13 workers of 13 for evacuation
[409.920s][info][gc,phases   ] GC(182)   Pre Evacuate Collection Set: 1.1ms
[409.920s][info][gc,phases   ] GC(182)   Merge Heap Roots: 0.6ms
[409.921s][info][gc,phases   ] GC(182)   Evacuate Collection Set: 26.8ms
[409.921s][info][gc,phases   ] GC(182)   Post Evacuate Collection Set: 2.2ms
[409.921s][info][gc,phases   ] GC(182)   Other: 0.4ms
[409.921s][info][gc,heap     ] GC(182) Eden regions: 419->0(453)
[409.922s][info][gc,heap     ] GC(182) Survivor regions: 45->11(58)
[409.922s][info][gc,heap     ] GC(182) Old regions: 190->198
[409.922s][info][gc,heap     ] GC(182) Humongous regions: 10->8
[409.922s][info][gc,metaspace] GC(182) Metaspace: 219118K(221888K)->219118K(221888K) NonClass: 192365K(193920K)->192365K(193920K) Class: 26753K(27968K)->26753K(27968K)
[409.923s][info][gc          ] GC(182) Pause Young (Mixed) (G1 Evacuation Pause) 1326M->431M(1548M) 34.314ms
[409.923s][info][gc,cpu      ] GC(182) User=0.33s Sys=0.01s Real=0.04s
[410.324s][info][gc,start    ] GC(183) Pause Young (Concurrent Start) (G1 Humongous Allocation)
[410.324s][info][gc,task     ] GC(183) Using 13 workers of 13 for evacuation
[410.335s][info][gc,phases   ] GC(183)   Pre Evacuate Collection Set: 0.8ms
[410.336s][info][gc,phases   ] GC(183)   Merge Heap Roots: 0.4ms
[410.336s][info][gc,phases   ] GC(183)   Evacuate Collection Set: 6.7ms
[410.336s][info][gc,phases   ] GC(183)   Post Evacuate Collection Set: 2.4ms
[410.337s][info][gc,phases   ] GC(183)   Other: 0.7ms
[410.337s][info][gc,heap     ] GC(183) Eden regions: 150->0(457)
[410.337s][info][gc,heap     ] GC(183) Survivor regions: 11->7(58)
[410.338s][info][gc,heap     ] GC(183) Old regions: 198->198
[410.338s][info][gc,heap     ] GC(183) Humongous regions: 8->8
[410.338s][info][gc,metaspace] GC(183) Metaspace: 219119K(221888K)->219119K(221888K) NonClass: 192366K(193920K)->192366K(193920K) Class: 26753K(27968K)->26753K(27968K)
[410.339s][info][gc          ] GC(183) Pause Young (Concurrent Start) (G1 Humongous Allocation) 731M->424M(1548M) 15.068ms
[410.339s][info][gc,cpu      ] GC(183) User=0.07s Sys=0.01s Real=0.02s
[410.339s][info][gc          ] GC(184) Concurrent Mark Cycle
[410.340s][info][gc,marking  ] GC(184) Concurrent Scan Root Regions
[410.348s][info][gc,marking  ] GC(184) Concurrent Scan Root Regions 7.651ms
[410.349s][info][gc,marking  ] GC(184) Concurrent Mark
[410.350s][info][gc,marking  ] GC(184) Concurrent Mark From Roots
[410.351s][info][gc,task     ] GC(184) Using 3 workers of 3 for marking
[410.763s][info][gc,marking  ] GC(184) Concurrent Mark From Roots 412.981ms
[410.764s][info][gc,marking  ] GC(184) Concurrent Preclean
[410.768s][info][gc,marking  ] GC(184) Concurrent Preclean 3.839ms
[410.775s][info][gc,start    ] GC(184) Pause Remark
[410.789s][info][gc          ] GC(184) Pause Remark 824M->824M(1428M) 14.195ms
[410.790s][info][gc,cpu      ] GC(184) User=0.13s Sys=0.00s Real=0.01s
[410.793s][info][gc,marking  ] GC(184) Concurrent Mark 443.938ms
[410.794s][info][gc,marking  ] GC(184) Concurrent Rebuild Remembered Sets and Scrub Regions
[411.024s][info][gc,marking  ] GC(184) Concurrent Rebuild Remembered Sets and Scrub Regions 229.853ms
[411.026s][info][gc,start    ] GC(184) Pause Cleanup
[411.027s][info][gc          ] GC(184) Pause Cleanup 1003M->1003M(1428M) 1.093ms
[411.027s][info][gc,cpu      ] GC(184) User=0.01s Sys=0.00s Real=0.00s
[411.032s][info][gc,marking  ] GC(184) Concurrent Clear Claimed Marks
[411.036s][info][gc,marking  ] GC(184) Concurrent Clear Claimed Marks 3.406ms
[411.042s][info][gc,marking  ] GC(184) Concurrent Cleanup for Next Mark
[411.051s][info][gc,marking  ] GC(184) Concurrent Cleanup for Next Mark 8.449ms
[411.053s][info][gc          ] GC(184) Concurrent Mark Cycle 713.783ms
[411.305s][info][gc,start    ] GC(185) Pause Young (Prepare Mixed) (G1 Evacuation Pause)
[411.305s][info][gc,task     ] GC(185) Using 13 workers of 13 for evacuation
[411.338s][info][gc,phases   ] GC(185)   Pre Evacuate Collection Set: 0.6ms
[411.339s][info][gc,phases   ] GC(185)   Merge Heap Roots: 0.4ms
[411.339s][info][gc,phases   ] GC(185)   Evacuate Collection Set: 28.5ms
[411.340s][info][gc,phases   ] GC(185)   Post Evacuate Collection Set: 2.9ms
[411.340s][info][gc,phases   ] GC(185)   Other: 0.5ms
[411.340s][info][gc,heap     ] GC(185) Eden regions: 421->0(387)
[411.340s][info][gc,heap     ] GC(185) Survivor regions: 7->41(54)
[411.341s][info][gc,heap     ] GC(185) Old regions: 198->198
[411.341s][info][gc,heap     ] GC(185) Humongous regions: 9->8
[411.341s][info][gc,metaspace] GC(185) Metaspace: 219121K(221888K)->219121K(221888K) NonClass: 192368K(193920K)->192368K(193920K) Class: 26753K(27968K)->26753K(27968K)
[411.341s][info][gc          ] GC(185) Pause Young (Prepare Mixed) (G1 Evacuation Pause) 1268M->492M(1428M) 36.785ms
[411.342s][info][gc,cpu      ] GC(185) User=0.35s Sys=0.00s Real=0.04s
[412.214s][info][gc,start    ] GC(186) Pause Young (Mixed) (G1 Evacuation Pause)
[412.215s][info][gc,task     ] GC(186) Using 13 workers of 13 for evacuation
[412.235s][info][gc,phases   ] GC(186)   Pre Evacuate Collection Set: 0.6ms
[412.236s][info][gc,phases   ] GC(186)   Merge Heap Roots: 0.5ms
[412.236s][info][gc,phases   ] GC(186)   Evacuate Collection Set: 14.9ms
[412.237s][info][gc,phases   ] GC(186)   Post Evacuate Collection Set: 3.8ms
[412.237s][info][gc,phases   ] GC(186)   Other: 0.7ms
[412.238s][info][gc,heap     ] GC(186) Eden regions: 387->0(411)
[412.238s][info][gc,heap     ] GC(186) Survivor regions: 41->17(54)
[412.238s][info][gc,heap     ] GC(186) Old regions: 198->192
[412.239s][info][gc,heap     ] GC(186) Humongous regions: 8->8
[412.239s][info][gc,metaspace] GC(186) Metaspace: 219127K(221952K)->219127K(221952K) NonClass: 192374K(193984K)->192374K(193984K) Class: 26753K(27968K)->26753K(27968K)
[412.239s][info][gc          ] GC(186) Pause Young (Mixed) (G1 Evacuation Pause) 1266M->432M(1428M) 25.092ms
[412.239s][info][gc,cpu      ] GC(186) User=0.20s Sys=0.01s Real=0.03s
[413.111s][info][gc,start    ] GC(187) Pause Young (Concurrent Start) (G1 Evacuation Pause)
[413.111s][info][gc,task     ] GC(187) Using 13 workers of 13 for evacuation
[413.125s][info][gc,phases   ] GC(187)   Pre Evacuate Collection Set: 0.6ms
[413.126s][info][gc,phases   ] GC(187)   Merge Heap Roots: 0.4ms
[413.126s][info][gc,phases   ] GC(187)   Evacuate Collection Set: 10.7ms
[413.126s][info][gc,phases   ] GC(187)   Post Evacuate Collection Set: 2.1ms
[413.127s][info][gc,phases   ] GC(187)   Other: 0.5ms
[413.127s][info][gc,heap     ] GC(187) Eden regions: 411->0(412)
[413.127s][info][gc,heap     ] GC(187) Survivor regions: 17->16(54)
[413.128s][info][gc,heap     ] GC(187) Old regions: 192->192
[413.128s][info][gc,heap     ] GC(187) Humongous regions: 8->8
[413.128s][info][gc,metaspace] GC(187) Metaspace: 219129K(221952K)->219129K(221952K) NonClass: 192375K(193984K)->192375K(193984K) Class: 26753K(27968K)->26753K(27968K)
[413.128s][info][gc          ] GC(187) Pause Young (Concurrent Start) (G1 Evacuation Pause) 1254M->429M(1428M) 17.834ms
[413.129s][info][gc,cpu      ] GC(187) User=0.15s Sys=0.01s Real=0.02s
[413.129s][info][gc          ] GC(188) Concurrent Mark Cycle
[413.139s][info][gc,marking  ] GC(188) Concurrent Scan Root Regions
[413.165s][info][gc,marking  ] GC(188) Concurrent Scan Root Regions 25.705ms
[413.167s][info][gc,marking  ] GC(188) Concurrent Mark
[413.167s][info][gc,marking  ] GC(188) Concurrent Mark From Roots
[413.168s][info][gc,task     ] GC(188) Using 3 workers of 3 for marking
[413.576s][info][gc,marking  ] GC(188) Concurrent Mark From Roots 409.040ms
[413.577s][info][gc,marking  ] GC(188) Concurrent Preclean
[413.578s][info][gc,marking  ] GC(188) Concurrent Preclean 1.283ms
[413.583s][info][gc,start    ] GC(188) Pause Remark
[413.598s][info][gc          ] GC(188) Pause Remark 837M->837M(1428M) 15.107ms
[413.599s][info][gc,cpu      ] GC(188) User=0.11s Sys=0.00s Real=0.02s
[413.607s][info][gc,marking  ] GC(188) Concurrent Mark 440.238ms
[413.612s][info][gc,marking  ] GC(188) Concurrent Rebuild Remembered Sets and Scrub Regions
[413.793s][info][gc,marking  ] GC(188) Concurrent Rebuild Remembered Sets and Scrub Regions 180.811ms
[413.795s][info][gc,start    ] GC(188) Pause Cleanup
[413.797s][info][gc          ] GC(188) Pause Cleanup 1023M->1023M(1428M) 1.379ms
[413.797s][info][gc,cpu      ] GC(188) User=0.00s Sys=0.00s Real=0.00s
[413.799s][info][gc,marking  ] GC(188) Concurrent Clear Claimed Marks
[413.808s][info][gc,marking  ] GC(188) Concurrent Clear Claimed Marks 8.537ms
[413.808s][info][gc,marking  ] GC(188) Concurrent Cleanup for Next Mark
[413.819s][info][gc,marking  ] GC(188) Concurrent Cleanup for Next Mark 10.737ms
[413.820s][info][gc          ] GC(188) Concurrent Mark Cycle 690.754ms
[413.992s][info][gc,start    ] GC(189) Pause Young (Prepare Mixed) (G1 Evacuation Pause)
[413.993s][info][gc,task     ] GC(189) Using 13 workers of 13 for evacuation
[414.007s][info][gc,phases   ] GC(189)   Pre Evacuate Collection Set: 0.6ms
[414.008s][info][gc,phases   ] GC(189)   Merge Heap Roots: 0.4ms
[414.008s][info][gc,phases   ] GC(189)   Evacuate Collection Set: 10.3ms
[414.008s][info][gc,phases   ] GC(189)   Post Evacuate Collection Set: 2.7ms
[414.008s][info][gc,phases   ] GC(189)   Other: 0.4ms
[414.008s][info][gc,heap     ] GC(189) Eden regions: 412->0(416)
[414.009s][info][gc,heap     ] GC(189) Survivor regions: 16->12(54)
[414.009s][info][gc,heap     ] GC(189) Old regions: 192->192
[414.009s][info][gc,heap     ] GC(189) Humongous regions: 8->8
[414.009s][info][gc,metaspace] GC(189) Metaspace: 219129K(221952K)->219129K(221952K) NonClass: 192375K(193984K)->192375K(193984K) Class: 26753K(27968K)->26753K(27968K)
[414.009s][info][gc          ] GC(189) Pause Young (Prepare Mixed) (G1 Evacuation Pause) 1253M->422M(1428M) 17.071ms
[414.010s][info][gc,cpu      ] GC(189) User=0.13s Sys=0.01s Real=0.01s
[414.809s][info][gc,start    ] GC(190) Pause Young (Mixed) (G1 Evacuation Pause)
[414.810s][info][gc,task     ] GC(190) Using 13 workers of 13 for evacuation
[414.830s][info][gc,phases   ] GC(190)   Pre Evacuate Collection Set: 0.6ms
[414.831s][info][gc,phases   ] GC(190)   Merge Heap Roots: 0.4ms
[414.832s][info][gc,phases   ] GC(190)   Evacuate Collection Set: 16.1ms
[414.832s][info][gc,phases   ] GC(190)   Post Evacuate Collection Set: 3.3ms
[414.832s][info][gc,phases   ] GC(190)   Other: 0.5ms
[414.832s][info][gc,heap     ] GC(190) Eden regions: 416->0(408)
[414.833s][info][gc,heap     ] GC(190) Survivor regions: 12->20(54)
[414.833s][info][gc,heap     ] GC(190) Old regions: 192->187
[414.833s][info][gc,heap     ] GC(190) Humongous regions: 8->8
[414.833s][info][gc,metaspace] GC(190) Metaspace: 219132K(221952K)->219132K(221952K) NonClass: 192379K(193984K)->192379K(193984K) Class: 26753K(27968K)->26753K(27968K)
[414.834s][info][gc          ] GC(190) Pause Young (Mixed) (G1 Evacuation Pause) 1254M->426M(1428M) 24.371ms
[414.834s][info][gc,cpu      ] GC(190) User=0.20s Sys=0.01s Real=0.03s
[415.588s][info][gc,start    ] GC(191) Pause Young (Concurrent Start) (G1 Evacuation Pause)
[415.589s][info][gc,task     ] GC(191) Using 13 workers of 13 for evacuation
[415.610s][info][gc,phases   ] GC(191)   Pre Evacuate Collection Set: 0.7ms
[415.610s][info][gc,phases   ] GC(191)   Merge Heap Roots: 0.4ms
[415.610s][info][gc,phases   ] GC(191)   Evacuate Collection Set: 15.3ms
[415.611s][info][gc,phases   ] GC(191)   Post Evacuate Collection Set: 4.0ms
[415.611s][info][gc,phases   ] GC(191)   Other: 0.5ms
[415.611s][info][gc,heap     ] GC(191) Eden regions: 408->0(407)
[415.611s][info][gc,heap     ] GC(191) Survivor regions: 20->21(54)
[415.611s][info][gc,heap     ] GC(191) Old regions: 187->187
[415.612s][info][gc,heap     ] GC(191) Humongous regions: 8->8
[415.612s][info][gc,metaspace] GC(191) Metaspace: 219136K(221952K)->219136K(221952K) NonClass: 192383K(193984K)->192383K(193984K) Class: 26753K(27968K)->26753K(27968K)
[415.612s][info][gc          ] GC(191) Pause Young (Concurrent Start) (G1 Evacuation Pause) 1242M->428M(1428M) 24.096ms
[415.613s][info][gc,cpu      ] GC(191) User=0.20s Sys=0.00s Real=0.03s
[415.613s][info][gc          ] GC(192) Concurrent Mark Cycle
[415.613s][info][gc,marking  ] GC(192) Concurrent Scan Root Regions
[415.631s][info][gc,marking  ] GC(192) Concurrent Scan Root Regions 18.057ms
[415.633s][info][gc,marking  ] GC(192) Concurrent Mark
[415.640s][info][gc,marking  ] GC(192) Concurrent Mark From Roots
[415.641s][info][gc,task     ] GC(192) Using 3 workers of 3 for marking
[416.068s][info][gc,marking  ] GC(192) Concurrent Mark From Roots 428.909ms
[416.070s][info][gc,marking  ] GC(192) Concurrent Preclean
[416.077s][info][gc,marking  ] GC(192) Concurrent Preclean 6.157ms
[416.078s][info][gc,start    ] GC(192) Pause Remark
[416.091s][info][gc          ] GC(192) Pause Remark 860M->860M(1428M) 12.952ms
[416.091s][info][gc,cpu      ] GC(192) User=0.09s Sys=0.02s Real=0.02s
[416.093s][info][gc,marking  ] GC(192) Concurrent Mark 459.729ms
[416.093s][info][gc,marking  ] GC(192) Concurrent Rebuild Remembered Sets and Scrub Regions
[416.304s][info][gc,marking  ] GC(192) Concurrent Rebuild Remembered Sets and Scrub Regions 210.764ms
[416.306s][info][gc,start    ] GC(192) Pause Cleanup
[416.307s][info][gc          ] GC(192) Pause Cleanup 1056M->1056M(1428M) 1.131ms
[416.307s][info][gc,cpu      ] GC(192) User=0.00s Sys=0.00s Real=0.00s
[416.308s][info][gc,marking  ] GC(192) Concurrent Clear Claimed Marks
[416.312s][info][gc,marking  ] GC(192) Concurrent Clear Claimed Marks 3.779ms
[416.315s][info][gc,marking  ] GC(192) Concurrent Cleanup for Next Mark
[416.321s][info][gc,marking  ] GC(192) Concurrent Cleanup for Next Mark 6.143ms
[416.323s][info][gc          ] GC(192) Concurrent Mark Cycle 710.092ms
[416.443s][info][gc,start    ] GC(193) Pause Young (Prepare Mixed) (G1 Evacuation Pause)
[416.443s][info][gc,task     ] GC(193) Using 13 workers of 13 for evacuation
[416.472s][info][gc,phases   ] GC(193)   Pre Evacuate Collection Set: 0.7ms
[416.473s][info][gc,phases   ] GC(193)   Merge Heap Roots: 0.4ms
[416.473s][info][gc,phases   ] GC(193)   Evacuate Collection Set: 23.6ms
[416.473s][info][gc,phases   ] GC(193)   Post Evacuate Collection Set: 3.5ms
[416.474s][info][gc,phases   ] GC(193)   Other: 0.5ms
[416.474s][info][gc,heap     ] GC(193) Eden regions: 407->0(389)
[416.474s][info][gc,heap     ] GC(193) Survivor regions: 21->39(54)
[416.474s][info][gc,heap     ] GC(193) Old regions: 187->187
[416.475s][info][gc,heap     ] GC(193) Humongous regions: 8->8
[416.475s][info][gc,metaspace] GC(193) Metaspace: 219136K(221952K)->219136K(221952K) NonClass: 192383K(193984K)->192383K(193984K) Class: 26753K(27968K)->26753K(27968K)
[416.475s][info][gc          ] GC(193) Pause Young (Prepare Mixed) (G1 Evacuation Pause) 1242M->464M(1428M) 32.554ms
[416.476s][info][gc,cpu      ] GC(193) User=0.30s Sys=0.01s Real=0.03s
[417.233s][info][gc,start    ] GC(194) Pause Young (Mixed) (G1 Evacuation Pause)
[417.234s][info][gc,task     ] GC(194) Using 13 workers of 13 for evacuation
[417.257s][info][gc,phases   ] GC(194)   Pre Evacuate Collection Set: 0.7ms
[417.257s][info][gc,phases   ] GC(194)   Merge Heap Roots: 0.4ms
[417.257s][info][gc,phases   ] GC(194)   Evacuate Collection Set: 17.0ms
[417.258s][info][gc,phases   ] GC(194)   Post Evacuate Collection Set: 3.4ms
[417.258s][info][gc,phases   ] GC(194)   Other: 0.9ms
[417.258s][info][gc,heap     ] GC(194) Eden regions: 389->0(415)
[417.258s][info][gc,heap     ] GC(194) Survivor regions: 39->13(54)
[417.259s][info][gc,heap     ] GC(194) Old regions: 187->193
[417.259s][info][gc,heap     ] GC(194) Humongous regions: 8->8
[417.259s][info][gc,metaspace] GC(194) Metaspace: 219136K(221952K)->219136K(221952K) NonClass: 192383K(193984K)->192383K(193984K) Class: 26753K(27968K)->26753K(27968K)
[417.259s][info][gc          ] GC(194) Pause Young (Mixed) (G1 Evacuation Pause) 1242M->424M(1428M) 26.139ms
[417.260s][info][gc,cpu      ] GC(194) User=0.22s Sys=0.01s Real=0.03s
[417.983s][info][gc,start    ] GC(195) Pause Young (Concurrent Start) (G1 Evacuation Pause)
[417.984s][info][gc,task     ] GC(195) Using 13 workers of 13 for evacuation
[418.005s][info][gc,phases   ] GC(195)   Pre Evacuate Collection Set: 0.7ms
[418.005s][info][gc,phases   ] GC(195)   Merge Heap Roots: 0.3ms
[418.005s][info][gc,phases   ] GC(195)   Evacuate Collection Set: 15.1ms
[418.006s][info][gc,phases   ] GC(195)   Post Evacuate Collection Set: 4.2ms
[418.006s][info][gc,phases   ] GC(195)   Other: 0.6ms
[418.006s][info][gc,heap     ] GC(195) Eden regions: 415->0(408)
[418.006s][info][gc,heap     ] GC(195) Survivor regions: 13->20(54)
[418.006s][info][gc,heap     ] GC(195) Old regions: 193->193
[418.007s][info][gc,heap     ] GC(195) Humongous regions: 8->8
[418.007s][info][gc,metaspace] GC(195) Metaspace: 219136K(221952K)->219136K(221952K) NonClass: 192383K(193984K)->192383K(193984K) Class: 26753K(27968K)->26753K(27968K)
[418.007s][info][gc          ] GC(195) Pause Young (Concurrent Start) (G1 Evacuation Pause) 1254M->439M(1428M) 24.197ms
[418.008s][info][gc,cpu      ] GC(195) User=0.19s Sys=0.01s Real=0.02s
[418.008s][info][gc          ] GC(196) Concurrent Mark Cycle
[418.009s][info][gc,marking  ] GC(196) Concurrent Scan Root Regions
[418.024s][info][gc,marking  ] GC(196) Concurrent Scan Root Regions 15.713ms
[418.031s][info][gc,marking  ] GC(196) Concurrent Mark
[418.032s][info][gc,marking  ] GC(196) Concurrent Mark From Roots
[418.033s][info][gc,task     ] GC(196) Using 3 workers of 3 for marking
[418.449s][info][gc,marking  ] GC(196) Concurrent Mark From Roots 417.096ms
[418.450s][info][gc,marking  ] GC(196) Concurrent Preclean
[418.451s][info][gc,marking  ] GC(196) Concurrent Preclean 1.136ms
[418.455s][info][gc,start    ] GC(196) Pause Remark
[418.470s][info][gc          ] GC(196) Pause Remark 923M->923M(1428M) 14.840ms
[418.470s][info][gc,cpu      ] GC(196) User=0.12s Sys=0.00s Real=0.01s
[418.472s][info][gc,marking  ] GC(196) Concurrent Mark 440.884ms
[418.476s][info][gc,marking  ] GC(196) Concurrent Rebuild Remembered Sets and Scrub Regions
[418.684s][info][gc,marking  ] GC(196) Concurrent Rebuild Remembered Sets and Scrub Regions 208.101ms
[418.687s][info][gc,start    ] GC(196) Pause Cleanup
[418.689s][info][gc          ] GC(196) Pause Cleanup 1164M->1164M(1428M) 1.402ms
[418.692s][info][gc,cpu      ] GC(196) User=0.01s Sys=0.00s Real=0.01s
[418.693s][info][gc,marking  ] GC(196) Concurrent Clear Claimed Marks
[418.702s][info][gc,marking  ] GC(196) Concurrent Clear Claimed Marks 8.813ms
[418.703s][info][gc,marking  ] GC(196) Concurrent Cleanup for Next Mark
[418.713s][info][gc,marking  ] GC(196) Concurrent Cleanup for Next Mark 9.641ms
[418.715s][info][gc          ] GC(196) Concurrent Mark Cycle 706.704ms
[418.780s][info][gc,start    ] GC(197) Pause Young (Prepare Mixed) (G1 Evacuation Pause)
[418.780s][info][gc,task     ] GC(197) Using 13 workers of 13 for evacuation
[418.793s][info][gc,phases   ] GC(197)   Pre Evacuate Collection Set: 0.5ms
[418.794s][info][gc,phases   ] GC(197)   Merge Heap Roots: 0.4ms
[418.794s][info][gc,phases   ] GC(197)   Evacuate Collection Set: 8.9ms
[418.794s][info][gc,phases   ] GC(197)   Post Evacuate Collection Set: 2.8ms
[418.795s][info][gc,phases   ] GC(197)   Other: 0.4ms
[418.795s][info][gc,heap     ] GC(197) Eden regions: 408->0(413)
[418.796s][info][gc,heap     ] GC(197) Survivor regions: 20->15(54)
[418.796s][info][gc,heap     ] GC(197) Old regions: 193->193
[418.797s][info][gc,heap     ] GC(197) Humongous regions: 8->8
[418.797s][info][gc,metaspace] GC(197) Metaspace: 219136K(221952K)->219136K(221952K) NonClass: 192383K(193984K)->192383K(193984K) Class: 26753K(27968K)->26753K(27968K)
[418.798s][info][gc          ] GC(197) Pause Young (Prepare Mixed) (G1 Evacuation Pause) 1255M->427M(1428M) 17.668ms
[418.798s][info][gc,cpu      ] GC(197) User=0.11s Sys=0.01s Real=0.01s
[419.700s][info][gc,start    ] GC(198) Pause Young (Mixed) (G1 Evacuation Pause)
[419.701s][info][gc,task     ] GC(198) Using 13 workers of 13 for evacuation
[419.722s][info][gc,phases   ] GC(198)   Pre Evacuate Collection Set: 0.6ms
[419.722s][info][gc,phases   ] GC(198)   Merge Heap Roots: 0.5ms
[419.722s][info][gc,phases   ] GC(198)   Evacuate Collection Set: 15.5ms
[419.723s][info][gc,phases   ] GC(198)   Post Evacuate Collection Set: 3.0ms
[419.723s][info][gc,phases   ] GC(198)   Other: 1.1ms
[419.724s][info][gc,heap     ] GC(198) Eden regions: 413->0(414)
[419.724s][info][gc,heap     ] GC(198) Survivor regions: 15->14(54)
[419.724s][info][gc,heap     ] GC(198) Old regions: 193->189
[419.725s][info][gc,heap     ] GC(198) Humongous regions: 8->8
[419.725s][info][gc,metaspace] GC(198) Metaspace: 219140K(221952K)->219140K(221952K) NonClass: 192386K(193984K)->192386K(193984K) Class: 26753K(27968K)->26753K(27968K)
[419.725s][info][gc          ] GC(198) Pause Young (Mixed) (G1 Evacuation Pause) 1253M->418M(1428M) 25.486ms
[419.726s][info][gc,cpu      ] GC(198) User=0.19s Sys=0.00s Real=0.02s
[420.839s][info][gc,start    ] GC(199) Pause Young (Concurrent Start) (G1 Evacuation Pause)
[420.839s][info][gc,task     ] GC(199) Using 13 workers of 13 for evacuation
[420.855s][info][gc,phases   ] GC(199)   Pre Evacuate Collection Set: 0.7ms
[420.855s][info][gc,phases   ] GC(199)   Merge Heap Roots: 0.6ms
[420.855s][info][gc,phases   ] GC(199)   Evacuate Collection Set: 11.2ms
[420.855s][info][gc,phases   ] GC(199)   Post Evacuate Collection Set: 2.4ms
[420.856s][info][gc,phases   ] GC(199)   Other: 0.6ms
[420.856s][info][gc,heap     ] GC(199) Eden regions: 414->0(413)
[420.857s][info][gc,heap     ] GC(199) Survivor regions: 14->15(54)
[420.857s][info][gc,heap     ] GC(199) Old regions: 189->189
[420.857s][info][gc,heap     ] GC(199) Humongous regions: 8->8
[420.857s][info][gc,metaspace] GC(199) Metaspace: 219141K(221952K)->219141K(221952K) NonClass: 192387K(193984K)->192387K(193984K) Class: 26753K(27968K)->26753K(27968K)
[420.858s][info][gc          ] GC(199) Pause Young (Concurrent Start) (G1 Evacuation Pause) 1246M->421M(1428M) 19.241ms
[420.858s][info][gc,cpu      ] GC(199) User=0.15s Sys=0.00s Real=0.02s
[420.858s][info][gc          ] GC(200) Concurrent Mark Cycle
[420.859s][info][gc,marking  ] GC(200) Concurrent Scan Root Regions
[420.891s][info][gc,marking  ] GC(200) Concurrent Scan Root Regions 32.275ms
[420.892s][info][gc,marking  ] GC(200) Concurrent Mark
[420.893s][info][gc,marking  ] GC(200) Concurrent Mark From Roots
[420.894s][info][gc,task     ] GC(200) Using 3 workers of 3 for marking
[421.311s][info][gc,marking  ] GC(200) Concurrent Mark From Roots 417.910ms
[421.311s][info][gc,marking  ] GC(200) Concurrent Preclean
[421.312s][info][gc,marking  ] GC(200) Concurrent Preclean 0.707ms
[421.319s][info][gc,start    ] GC(200) Pause Remark
[421.355s][info][gc          ] GC(200) Pause Remark 685M->685M(1414M) 35.989ms
[421.356s][info][gc,cpu      ] GC(200) User=0.09s Sys=0.01s Real=0.03s
[421.357s][info][gc,marking  ] GC(200) Concurrent Mark 464.742ms
[421.359s][info][gc,marking  ] GC(200) Concurrent Rebuild Remembered Sets and Scrub Regions
[421.518s][info][gc,marking  ] GC(200) Concurrent Rebuild Remembered Sets and Scrub Regions 159.019ms
[421.523s][info][gc,start    ] GC(200) Pause Cleanup
[421.524s][info][gc          ] GC(200) Pause Cleanup 801M->801M(1414M) 1.334ms
[421.525s][info][gc,cpu      ] GC(200) User=0.00s Sys=0.00s Real=0.00s
[421.527s][info][gc,marking  ] GC(200) Concurrent Clear Claimed Marks
[421.535s][info][gc,marking  ] GC(200) Concurrent Clear Claimed Marks 8.175ms
[421.536s][info][gc,marking  ] GC(200) Concurrent Cleanup for Next Mark
[421.547s][info][gc,marking  ] GC(200) Concurrent Cleanup for Next Mark 10.772ms
[421.548s][info][gc          ] GC(200) Concurrent Mark Cycle 689.523ms
[422.043s][info][gc,start    ] GC(201) Pause Young (Prepare Mixed) (G1 Evacuation Pause)
[422.044s][info][gc,task     ] GC(201) Using 13 workers of 13 for evacuation
[422.061s][info][gc,phases   ] GC(201)   Pre Evacuate Collection Set: 0.5ms
[422.062s][info][gc,phases   ] GC(201)   Merge Heap Roots: 0.5ms
[422.063s][info][gc,phases   ] GC(201)   Evacuate Collection Set: 13.9ms
[422.063s][info][gc,phases   ] GC(201)   Post Evacuate Collection Set: 2.4ms
[422.063s][info][gc,phases   ] GC(201)   Other: 0.5ms
[422.064s][info][gc,heap     ] GC(201) Eden regions: 409->0(405)
[422.064s][info][gc,heap     ] GC(201) Survivor regions: 15->19(53)
[422.064s][info][gc,heap     ] GC(201) Old regions: 189->189
[422.065s][info][gc,heap     ] GC(201) Humongous regions: 8->8
[422.065s][info][gc,metaspace] GC(201) Metaspace: 219141K(221952K)->219141K(221952K) NonClass: 192387K(193984K)->192387K(193984K) Class: 26753K(27968K)->26753K(27968K)
[422.065s][info][gc          ] GC(201) Pause Young (Prepare Mixed) (G1 Evacuation Pause) 1239M->429M(1414M) 21.712ms
[422.065s][info][gc,cpu      ] GC(201) User=0.15s Sys=0.01s Real=0.02s
[423.179s][info][gc,start    ] GC(202) Pause Young (Mixed) (G1 Evacuation Pause)
[423.180s][info][gc,task     ] GC(202) Using 13 workers of 13 for evacuation
[423.222s][info][gc,phases   ] GC(202)   Pre Evacuate Collection Set: 0.7ms
[423.223s][info][gc,phases   ] GC(202)   Merge Heap Roots: 0.5ms
[423.223s][info][gc,phases   ] GC(202)   Evacuate Collection Set: 38.3ms
[423.224s][info][gc,phases   ] GC(202)   Post Evacuate Collection Set: 2.6ms
[423.224s][info][gc,phases   ] GC(202)   Other: 0.5ms
[423.224s][info][gc,heap     ] GC(202) Eden regions: 405->0(385)
[423.224s][info][gc,heap     ] GC(202) Survivor regions: 19->39(53)
[423.225s][info][gc,heap     ] GC(202) Old regions: 189->187
[423.225s][info][gc,heap     ] GC(202) Humongous regions: 18->16
[423.225s][info][gc,metaspace] GC(202) Metaspace: 219151K(221952K)->219151K(221952K) NonClass: 192397K(193984K)->192397K(193984K) Class: 26753K(27968K)->26753K(27968K)
[423.225s][info][gc          ] GC(202) Pause Young (Mixed) (G1 Evacuation Pause) 1259M->481M(1414M) 46.040ms
[423.226s][info][gc,cpu      ] GC(202) User=0.49s Sys=0.01s Real=0.04s
[424.128s][info][gc,start    ] GC(203) Pause Young (Concurrent Start) (G1 Humongous Allocation)
[424.128s][info][gc,task     ] GC(203) Using 13 workers of 13 for evacuation
[424.173s][info][gc,phases   ] GC(203)   Pre Evacuate Collection Set: 0.9ms
[424.173s][info][gc,phases   ] GC(203)   Merge Heap Roots: 0.6ms
[424.174s][info][gc,phases   ] GC(203)   Evacuate Collection Set: 39.2ms
[424.174s][info][gc,phases   ] GC(203)   Post Evacuate Collection Set: 2.9ms
[424.174s][info][gc,phases   ] GC(203)   Other: 0.7ms
[424.175s][info][gc,heap     ] GC(203) Eden regions: 325->0(372)
[424.175s][info][gc,heap     ] GC(203) Survivor regions: 39->41(53)
[424.175s][info][gc,heap     ] GC(203) Old regions: 187->192
[424.176s][info][gc,heap     ] GC(203) Humongous regions: 16->15
[424.176s][info][gc,metaspace] GC(203) Metaspace: 219151K(221952K)->219151K(221952K) NonClass: 192397K(193984K)->192397K(193984K) Class: 26753K(27968K)->26753K(27968K)
[424.177s][info][gc          ] GC(203) Pause Young (Concurrent Start) (G1 Humongous Allocation) 1129M->493M(1414M) 48.878ms
[424.177s][info][gc,cpu      ] GC(203) User=0.51s Sys=0.00s Real=0.05s
[424.177s][info][gc          ] GC(204) Concurrent Mark Cycle
[424.178s][info][gc,marking  ] GC(204) Concurrent Scan Root Regions
[424.223s][info][gc,marking  ] GC(204) Concurrent Scan Root Regions 45.015ms
[424.224s][info][gc,marking  ] GC(204) Concurrent Mark
[424.224s][info][gc,marking  ] GC(204) Concurrent Mark From Roots
[424.224s][info][gc,task     ] GC(204) Using 3 workers of 3 for marking
[424.699s][info][gc,marking  ] GC(204) Concurrent Mark From Roots 474.909ms
[424.704s][info][gc,marking  ] GC(204) Concurrent Preclean
[424.712s][info][gc,marking  ] GC(204) Concurrent Preclean 7.628ms
[424.714s][info][gc,start    ] GC(204) Pause Remark
[424.727s][info][gc          ] GC(204) Pause Remark 852M->848M(1414M) 13.085ms
[424.728s][info][gc,cpu      ] GC(204) User=0.09s Sys=0.01s Real=0.01s
[424.728s][info][gc,marking  ] GC(204) Concurrent Mark 504.723ms
[424.735s][info][gc,marking  ] GC(204) Concurrent Rebuild Remembered Sets and Scrub Regions
[424.970s][info][gc,marking  ] GC(204) Concurrent Rebuild Remembered Sets and Scrub Regions 234.629ms
[424.971s][info][gc,start    ] GC(204) Pause Cleanup
[424.972s][info][gc          ] GC(204) Pause Cleanup 1015M->1015M(1414M) 0.737ms
[424.972s][info][gc,cpu      ] GC(204) User=0.00s Sys=0.00s Real=0.00s
[424.983s][info][gc,marking  ] GC(204) Concurrent Clear Claimed Marks
[424.984s][info][gc,marking  ] GC(204) Concurrent Clear Claimed Marks 0.801ms
[424.984s][info][gc,marking  ] GC(204) Concurrent Cleanup for Next Mark
[424.991s][info][gc,marking  ] GC(204) Concurrent Cleanup for Next Mark 6.572ms
[424.995s][info][gc          ] GC(204) Concurrent Mark Cycle 817.832ms
[425.271s][info][gc,start    ] GC(205) Pause Young (Prepare Mixed) (G1 Evacuation Pause)
[425.271s][info][gc,task     ] GC(205) Using 13 workers of 13 for evacuation
[425.295s][info][gc,phases   ] GC(205)   Pre Evacuate Collection Set: 0.7ms
[425.295s][info][gc,phases   ] GC(205)   Merge Heap Roots: 0.4ms
[425.296s][info][gc,phases   ] GC(205)   Evacuate Collection Set: 20.0ms
[425.296s][info][gc,phases   ] GC(205)   Post Evacuate Collection Set: 2.2ms
[425.297s][info][gc,phases   ] GC(205)   Other: 0.5ms
[425.297s][info][gc,heap     ] GC(205) Eden regions: 372->0(393)
[425.297s][info][gc,heap     ] GC(205) Survivor regions: 41->14(52)
[425.298s][info][gc,heap     ] GC(205) Old regions: 192->212
[425.298s][info][gc,heap     ] GC(205) Humongous regions: 20->13
[425.298s][info][gc,metaspace] GC(205) Metaspace: 219152K(221952K)->219152K(221952K) NonClass: 192398K(193984K)->192398K(193984K) Class: 26753K(27968K)->26753K(27968K)
[425.298s][info][gc          ] GC(205) Pause Young (Prepare Mixed) (G1 Evacuation Pause) 1247M->475M(1414M) 27.610ms
[425.299s][info][gc,cpu      ] GC(205) User=0.26s Sys=0.01s Real=0.03s
[426.516s][info][gc,start    ] GC(206) Pause Young (Mixed) (G1 Evacuation Pause)
[426.517s][info][gc,task     ] GC(206) Using 13 workers of 13 for evacuation
[426.543s][info][gc,phases   ] GC(206)   Pre Evacuate Collection Set: 0.7ms
[426.544s][info][gc,phases   ] GC(206)   Merge Heap Roots: 0.4ms
[426.544s][info][gc,phases   ] GC(206)   Evacuate Collection Set: 22.1ms
[426.544s][info][gc,phases   ] GC(206)   Post Evacuate Collection Set: 2.7ms
[426.545s][info][gc,phases   ] GC(206)   Other: 0.4ms
[426.545s][info][gc,heap     ] GC(206) Eden regions: 393->0(398)
[426.546s][info][gc,heap     ] GC(206) Survivor regions: 14->17(51)
[426.546s][info][gc,heap     ] GC(206) Old regions: 212->211
[426.546s][info][gc,heap     ] GC(206) Humongous regions: 13->13
[426.547s][info][gc,metaspace] GC(206) Metaspace: 219154K(221952K)->219154K(221952K) NonClass: 192400K(193984K)->192400K(193984K) Class: 26753K(27968K)->26753K(27968K)
[426.547s][info][gc          ] GC(206) Pause Young (Mixed) (G1 Evacuation Pause) 1261M->479M(1414M) 30.514ms
[426.547s][info][gc,cpu      ] GC(206) User=0.27s Sys=0.01s Real=0.03s
[427.566s][info][gc,start    ] GC(207) Pause Young (Concurrent Start) (G1 Evacuation Pause)
[427.566s][info][gc,task     ] GC(207) Using 13 workers of 13 for evacuation
[427.581s][info][gc,phases   ] GC(207)   Pre Evacuate Collection Set: 0.8ms
[427.581s][info][gc,phases   ] GC(207)   Merge Heap Roots: 0.6ms
[427.581s][info][gc,phases   ] GC(207)   Evacuate Collection Set: 9.4ms
[427.582s][info][gc,phases   ] GC(207)   Post Evacuate Collection Set: 2.6ms
[427.582s][info][gc,phases   ] GC(207)   Other: 0.7ms
[427.583s][info][gc,heap     ] GC(207) Eden regions: 398->0(412)
[427.583s][info][gc,heap     ] GC(207) Survivor regions: 17->12(52)
[427.583s][info][gc,heap     ] GC(207) Old regions: 211->211
[427.584s][info][gc,heap     ] GC(207) Humongous regions: 13->13
[427.584s][info][gc,metaspace] GC(207) Metaspace: 219154K(221952K)->219154K(221952K) NonClass: 192401K(193984K)->192401K(193984K) Class: 26753K(27968K)->26753K(27968K)
[427.584s][info][gc          ] GC(207) Pause Young (Concurrent Start) (G1 Evacuation Pause) 1275M->469M(1414M) 18.550ms
[427.585s][info][gc,cpu      ] GC(207) User=0.12s Sys=0.00s Real=0.02s
[427.585s][info][gc          ] GC(208) Concurrent Mark Cycle
[427.586s][info][gc,marking  ] GC(208) Concurrent Scan Root Regions
[427.605s][info][gc,marking  ] GC(208) Concurrent Scan Root Regions 19.274ms
[427.607s][info][gc,marking  ] GC(208) Concurrent Mark
[427.609s][info][gc,marking  ] GC(208) Concurrent Mark From Roots
[427.610s][info][gc,task     ] GC(208) Using 3 workers of 3 for marking
[428.084s][info][gc,marking  ] GC(208) Concurrent Mark From Roots 475.957ms
[428.087s][info][gc,marking  ] GC(208) Concurrent Preclean
[428.090s][info][gc,marking  ] GC(208) Concurrent Preclean 2.220ms
[428.092s][info][gc,start    ] GC(208) Pause Remark
[428.108s][info][gc          ] GC(208) Pause Remark 837M->817M(1414M) 15.779ms
[428.108s][info][gc,cpu      ] GC(208) User=0.14s Sys=0.01s Real=0.01s
[428.110s][info][gc,marking  ] GC(208) Concurrent Mark 503.066ms
[428.115s][info][gc,marking  ] GC(208) Concurrent Rebuild Remembered Sets and Scrub Regions
[428.380s][info][gc,marking  ] GC(208) Concurrent Rebuild Remembered Sets and Scrub Regions 264.581ms
[428.381s][info][gc,start    ] GC(208) Pause Cleanup
[428.382s][info][gc          ] GC(208) Pause Cleanup 1019M->1019M(1414M) 0.939ms
[428.382s][info][gc,cpu      ] GC(208) User=0.00s Sys=0.00s Real=0.00s
[428.387s][info][gc,marking  ] GC(208) Concurrent Clear Claimed Marks
[428.391s][info][gc,marking  ] GC(208) Concurrent Clear Claimed Marks 4.408ms
[428.392s][info][gc,marking  ] GC(208) Concurrent Cleanup for Next Mark
[428.402s][info][gc,marking  ] GC(208) Concurrent Cleanup for Next Mark 10.369ms
[428.405s][info][gc          ] GC(208) Concurrent Mark Cycle 819.881ms
[428.647s][info][gc,start    ] GC(209) Pause Young (Prepare Mixed) (G1 Evacuation Pause)
[428.648s][info][gc,task     ] GC(209) Using 13 workers of 13 for evacuation
[428.665s][info][gc,phases   ] GC(209)   Pre Evacuate Collection Set: 1.0ms
[428.666s][info][gc,phases   ] GC(209)   Merge Heap Roots: 0.5ms
[428.666s][info][gc,phases   ] GC(209)   Evacuate Collection Set: 11.1ms
[428.667s][info][gc,phases   ] GC(209)   Post Evacuate Collection Set: 3.4ms
[428.667s][info][gc,phases   ] GC(209)   Other: 1.0ms
[428.667s][info][gc,heap     ] GC(209) Eden regions: 412->0(410)
[428.668s][info][gc,heap     ] GC(209) Survivor regions: 12->14(53)
[428.668s][info][gc,heap     ] GC(209) Old regions: 203->203
[428.668s][info][gc,heap     ] GC(209) Humongous regions: 11->11
[428.669s][info][gc,metaspace] GC(209) Metaspace: 219161K(221952K)->219161K(221952K) NonClass: 192406K(193984K)->192406K(193984K) Class: 26754K(27968K)->26754K(27968K)
[428.669s][info][gc          ] GC(209) Pause Young (Prepare Mixed) (G1 Evacuation Pause) 1273M->452M(1414M) 21.659ms
[428.669s][info][gc,cpu      ] GC(209) User=0.16s Sys=0.00s Real=0.02s
[429.618s][info][gc,start    ] GC(210) Pause Young (Mixed) (G1 Evacuation Pause)
[429.618s][info][gc,task     ] GC(210) Using 13 workers of 13 for evacuation
[429.635s][info][gc,phases   ] GC(210)   Pre Evacuate Collection Set: 0.7ms
[429.636s][info][gc,phases   ] GC(210)   Merge Heap Roots: 0.5ms
[429.637s][info][gc,phases   ] GC(210)   Evacuate Collection Set: 12.7ms
[429.637s][info][gc,phases   ] GC(210)   Post Evacuate Collection Set: 3.1ms
[429.637s][info][gc,phases   ] GC(210)   Other: 0.5ms
[429.638s][info][gc,heap     ] GC(210) Eden regions: 410->0(409)
[429.638s][info][gc,heap     ] GC(210) Survivor regions: 14->15(53)
[429.638s][info][gc,heap     ] GC(210) Old regions: 203->198
[429.639s][info][gc,heap     ] GC(210) Humongous regions: 11->11
[429.639s][info][gc,metaspace] GC(210) Metaspace: 219170K(221952K)->219170K(221952K) NonClass: 192413K(193984K)->192413K(193984K) Class: 26756K(27968K)->26756K(27968K)
[429.639s][info][gc          ] GC(210) Pause Young (Mixed) (G1 Evacuation Pause) 1272M->444M(1414M) 21.649ms
[429.640s][info][gc,cpu      ] GC(210) User=0.12s Sys=0.04s Real=0.03s
[430.488s][info][gc,start    ] GC(211) Pause Young (Concurrent Start) (G1 Evacuation Pause)
[430.489s][info][gc,task     ] GC(211) Using 13 workers of 13 for evacuation
[430.501s][info][gc,phases   ] GC(211)   Pre Evacuate Collection Set: 0.6ms
[430.502s][info][gc,phases   ] GC(211)   Merge Heap Roots: 0.4ms
[430.503s][info][gc,phases   ] GC(211)   Evacuate Collection Set: 8.2ms
[430.503s][info][gc,phases   ] GC(211)   Post Evacuate Collection Set: 2.8ms
[430.503s][info][gc,phases   ] GC(211)   Other: 0.7ms
[430.503s][info][gc,heap     ] GC(211) Eden regions: 409->0(413)
[430.504s][info][gc,heap     ] GC(211) Survivor regions: 15->11(53)
[430.504s][info][gc,heap     ] GC(211) Old regions: 198->198
[430.504s][info][gc,heap     ] GC(211) Humongous regions: 11->11
[430.504s][info][gc,metaspace] GC(211) Metaspace: 219170K(221952K)->219170K(221952K) NonClass: 192413K(193984K)->192413K(193984K) Class: 26756K(27968K)->26756K(27968K)
[430.504s][info][gc          ] GC(211) Pause Young (Concurrent Start) (G1 Evacuation Pause) 1262M->438M(1414M) 16.088ms
[430.505s][info][gc          ] GC(212) Concurrent Mark Cycle
[430.505s][info][gc,cpu      ] GC(211) User=0.11s Sys=0.01s Real=0.02s
[430.505s][info][gc,marking  ] GC(212) Concurrent Scan Root Regions
[430.516s][info][gc,marking  ] GC(212) Concurrent Scan Root Regions 10.434ms
[430.519s][info][gc,marking  ] GC(212) Concurrent Mark
[430.520s][info][gc,marking  ] GC(212) Concurrent Mark From Roots
[430.520s][info][gc,task     ] GC(212) Using 3 workers of 3 for marking
[430.961s][info][gc,marking  ] GC(212) Concurrent Mark From Roots 441.131ms
[430.964s][info][gc,marking  ] GC(212) Concurrent Preclean
[430.967s][info][gc,marking  ] GC(212) Concurrent Preclean 3.048ms
[430.970s][info][gc,start    ] GC(212) Pause Remark
[430.987s][info][gc          ] GC(212) Pause Remark 786M->784M(1414M) 17.049ms
[430.988s][info][gc,cpu      ] GC(212) User=0.12s Sys=0.01s Real=0.02s
[430.989s][info][gc,marking  ] GC(212) Concurrent Mark 470.144ms
[430.990s][info][gc,marking  ] GC(212) Concurrent Rebuild Remembered Sets and Scrub Regions
[431.189s][info][gc,marking  ] GC(212) Concurrent Rebuild Remembered Sets and Scrub Regions 198.983ms
[431.195s][info][gc,start    ] GC(212) Pause Cleanup
[431.197s][info][gc          ] GC(212) Pause Cleanup 874M->874M(1414M) 2.492ms
[431.198s][info][gc,cpu      ] GC(212) User=0.00s Sys=0.01s Real=0.00s
[431.203s][info][gc,marking  ] GC(212) Concurrent Clear Claimed Marks
[431.207s][info][gc,marking  ] GC(212) Concurrent Clear Claimed Marks 4.869ms
[431.208s][info][gc,marking  ] GC(212) Concurrent Cleanup for Next Mark
[431.217s][info][gc,marking  ] GC(212) Concurrent Cleanup for Next Mark 8.831ms
[431.221s][info][gc          ] GC(212) Concurrent Mark Cycle 716.206ms
[431.656s][info][gc,start    ] GC(213) Pause Young (Prepare Mixed) (G1 Evacuation Pause)
[431.657s][info][gc,task     ] GC(213) Using 13 workers of 13 for evacuation
[431.667s][info][gc,phases   ] GC(213)   Pre Evacuate Collection Set: 0.7ms
[431.668s][info][gc,phases   ] GC(213)   Merge Heap Roots: 0.4ms
[431.668s][info][gc,phases   ] GC(213)   Evacuate Collection Set: 5.5ms
[431.669s][info][gc,phases   ] GC(213)   Post Evacuate Collection Set: 3.0ms
[431.669s][info][gc,phases   ] GC(213)   Other: 0.8ms
[431.669s][info][gc,heap     ] GC(213) Eden regions: 413->0(417)
[431.670s][info][gc,heap     ] GC(213) Survivor regions: 11->7(53)
[431.670s][info][gc,heap     ] GC(213) Old regions: 198->198
[431.670s][info][gc,heap     ] GC(213) Humongous regions: 10->10
[431.671s][info][gc,metaspace] GC(213) Metaspace: 219173K(221952K)->219173K(221952K) NonClass: 192416K(193984K)->192416K(193984K) Class: 26756K(27968K)->26756K(27968K)
[431.671s][info][gc          ] GC(213) Pause Young (Prepare Mixed) (G1 Evacuation Pause) 1262M->427M(1414M) 15.501ms
[431.671s][info][gc,cpu      ] GC(213) User=0.07s Sys=0.01s Real=0.02s
[432.711s][info][gc,start    ] GC(214) Pause Young (Mixed) (G1 Evacuation Pause)
[432.711s][info][gc,task     ] GC(214) Using 13 workers of 13 for evacuation
[432.728s][info][gc,phases   ] GC(214)   Pre Evacuate Collection Set: 0.6ms
[432.729s][info][gc,phases   ] GC(214)   Merge Heap Roots: 0.3ms
[432.729s][info][gc,phases   ] GC(214)   Evacuate Collection Set: 13.3ms
[432.730s][info][gc,phases   ] GC(214)   Post Evacuate Collection Set: 2.6ms
[432.730s][info][gc,phases   ] GC(214)   Other: 0.4ms
[432.730s][info][gc,heap     ] GC(214) Eden regions: 417->0(415)
[432.730s][info][gc,heap     ] GC(214) Survivor regions: 7->9(53)
[432.731s][info][gc,heap     ] GC(214) Old regions: 198->196
[432.731s][info][gc,heap     ] GC(214) Humongous regions: 10->10
[432.731s][info][gc,metaspace] GC(214) Metaspace: 219173K(221952K)->219173K(221952K) NonClass: 192416K(193984K)->192416K(193984K) Class: 26756K(27968K)->26756K(27968K)
[432.732s][info][gc          ] GC(214) Pause Young (Mixed) (G1 Evacuation Pause) 1261M->426M(1414M) 21.216ms
[432.732s][info][gc,cpu      ] GC(214) User=0.17s Sys=0.01s Real=0.03s
[433.822s][info][gc,start    ] GC(215) Pause Young (Concurrent Start) (G1 Evacuation Pause)
[433.822s][info][gc,task     ] GC(215) Using 13 workers of 13 for evacuation
[433.844s][info][gc,phases   ] GC(215)   Pre Evacuate Collection Set: 0.9ms
[433.844s][info][gc,phases   ] GC(215)   Merge Heap Roots: 0.5ms
[433.845s][info][gc,phases   ] GC(215)   Evacuate Collection Set: 16.3ms
[433.845s][info][gc,phases   ] GC(215)   Post Evacuate Collection Set: 3.0ms
[433.845s][info][gc,phases   ] GC(215)   Other: 0.8ms
[433.846s][info][gc,heap     ] GC(215) Eden regions: 415->0(405)
[433.846s][info][gc,heap     ] GC(215) Survivor regions: 9->19(53)
[433.846s][info][gc,heap     ] GC(215) Old regions: 196->196
[433.847s][info][gc,heap     ] GC(215) Humongous regions: 10->10
[433.847s][info][gc,metaspace] GC(215) Metaspace: 219173K(221952K)->219173K(221952K) NonClass: 192416K(193984K)->192416K(193984K) Class: 26756K(27968K)->26756K(27968K)
[433.848s][info][gc          ] GC(215) Pause Young (Concurrent Start) (G1 Evacuation Pause) 1256M->446M(1414M) 25.935ms
[433.848s][info][gc,cpu      ] GC(215) User=0.20s Sys=0.01s Real=0.02s
[433.848s][info][gc          ] GC(216) Concurrent Mark Cycle
[433.849s][info][gc,marking  ] GC(216) Concurrent Scan Root Regions
[433.871s][info][gc,marking  ] GC(216) Concurrent Scan Root Regions 22.282ms
[433.874s][info][gc,marking  ] GC(216) Concurrent Mark
[433.878s][info][gc,marking  ] GC(216) Concurrent Mark From Roots
[433.878s][info][gc,task     ] GC(216) Using 3 workers of 3 for marking
[434.393s][info][gc,marking  ] GC(216) Concurrent Mark From Roots 515.762ms
[434.396s][info][gc,marking  ] GC(216) Concurrent Preclean
[434.400s][info][gc,marking  ] GC(216) Concurrent Preclean 3.923ms
[434.406s][info][gc,start    ] GC(216) Pause Remark
[434.422s][info][gc          ] GC(216) Pause Remark 776M->776M(1414M) 15.147ms
[434.422s][info][gc,cpu      ] GC(216) User=0.13s Sys=0.01s Real=0.02s
[434.423s][info][gc,marking  ] GC(216) Concurrent Mark 549.452ms
[434.425s][info][gc,marking  ] GC(216) Concurrent Rebuild Remembered Sets and Scrub Regions
[434.636s][info][gc,marking  ] GC(216) Concurrent Rebuild Remembered Sets and Scrub Regions 211.506ms
[434.637s][info][gc,start    ] GC(216) Pause Cleanup
[434.639s][info][gc          ] GC(216) Pause Cleanup 902M->902M(1414M) 2.001ms
[434.640s][info][gc,cpu      ] GC(216) User=0.00s Sys=0.00s Real=0.01s
[434.641s][info][gc,marking  ] GC(216) Concurrent Clear Claimed Marks
[434.641s][info][gc,marking  ] GC(216) Concurrent Clear Claimed Marks 0.784ms
[434.642s][info][gc,marking  ] GC(216) Concurrent Cleanup for Next Mark
[434.647s][info][gc,marking  ] GC(216) Concurrent Cleanup for Next Mark 4.720ms
[434.647s][info][gc          ] GC(216) Concurrent Mark Cycle 799.276ms
[435.189s][info][gc,start    ] GC(217) Pause Young (Prepare Mixed) (G1 Evacuation Pause)
[435.189s][info][gc,task     ] GC(217) Using 13 workers of 13 for evacuation
[435.208s][info][gc,phases   ] GC(217)   Pre Evacuate Collection Set: 0.7ms
[435.208s][info][gc,phases   ] GC(217)   Merge Heap Roots: 0.6ms
[435.209s][info][gc,phases   ] GC(217)   Evacuate Collection Set: 12.6ms
[435.209s][info][gc,phases   ] GC(217)   Post Evacuate Collection Set: 4.3ms
[435.209s][info][gc,phases   ] GC(217)   Other: 0.4ms
[435.210s][info][gc,heap     ] GC(217) Eden regions: 405->0(411)
[435.210s][info][gc,heap     ] GC(217) Survivor regions: 19->13(53)
[435.210s][info][gc,heap     ] GC(217) Old regions: 196->196
[435.211s][info][gc,heap     ] GC(217) Humongous regions: 10->10
[435.211s][info][gc,metaspace] GC(217) Metaspace: 219596K(222400K)->219596K(222400K) NonClass: 192797K(194368K)->192797K(194368K) Class: 26799K(28032K)->26799K(28032K)
[435.211s][info][gc          ] GC(217) Pause Young (Prepare Mixed) (G1 Evacuation Pause) 1256M->435M(1414M) 22.491ms
[435.211s][info][gc,cpu      ] GC(217) User=0.14s Sys=0.02s Real=0.03s
[436.203s][info][gc,start    ] GC(218) Pause Young (Mixed) (G1 Evacuation Pause)
[436.204s][info][gc,task     ] GC(218) Using 13 workers of 13 for evacuation
[436.224s][info][gc,phases   ] GC(218)   Pre Evacuate Collection Set: 0.7ms
[436.224s][info][gc,phases   ] GC(218)   Merge Heap Roots: 0.4ms
[436.225s][info][gc,phases   ] GC(218)   Evacuate Collection Set: 15.5ms
[436.225s][info][gc,phases   ] GC(218)   Post Evacuate Collection Set: 2.7ms
[436.225s][info][gc,phases   ] GC(218)   Other: 0.6ms
[436.226s][info][gc,heap     ] GC(218) Eden regions: 411->0(409)
[436.226s][info][gc,heap     ] GC(218) Survivor regions: 13->15(53)
[436.226s][info][gc,heap     ] GC(218) Old regions: 196->194
[436.227s][info][gc,heap     ] GC(218) Humongous regions: 10->10
[436.227s][info][gc,metaspace] GC(218) Metaspace: 219905K(222720K)->219905K(222720K) NonClass: 193076K(194688K)->193076K(194688K) Class: 26828K(28032K)->26828K(28032K)
[436.227s][info][gc          ] GC(218) Pause Young (Mixed) (G1 Evacuation Pause) 1257M->435M(1414M) 23.841ms
[436.228s][info][gc,cpu      ] GC(218) User=0.23s Sys=0.00s Real=0.02s
[437.352s][info][gc,start    ] GC(219) Pause Young (Concurrent Start) (G1 Evacuation Pause)
[437.353s][info][gc,task     ] GC(219) Using 13 workers of 13 for evacuation
[437.376s][info][gc,phases   ] GC(219)   Pre Evacuate Collection Set: 0.7ms
[437.377s][info][gc,phases   ] GC(219)   Merge Heap Roots: 0.4ms
[437.377s][info][gc,phases   ] GC(219)   Evacuate Collection Set: 17.3ms
[437.378s][info][gc,phases   ] GC(219)   Post Evacuate Collection Set: 4.5ms
[437.378s][info][gc,phases   ] GC(219)   Other: 0.6ms
[437.378s][info][gc,heap     ] GC(219) Eden regions: 409->0(410)
[437.379s][info][gc,heap     ] GC(219) Survivor regions: 15->14(53)
[437.379s][info][gc,heap     ] GC(219) Old regions: 194->194
[437.379s][info][gc,heap     ] GC(219) Humongous regions: 10->10
[437.379s][info][gc,metaspace] GC(219) Metaspace: 220105K(222912K)->220105K(222912K) NonClass: 193248K(194816K)->193248K(194816K) Class: 26856K(28096K)->26856K(28096K)
[437.380s][info][gc          ] GC(219) Pause Young (Concurrent Start) (G1 Evacuation Pause) 1253M->432M(1414M) 27.467ms
[437.380s][info][gc,cpu      ] GC(219) User=0.25s Sys=0.01s Real=0.03s
[437.380s][info][gc          ] GC(220) Concurrent Mark Cycle
[437.381s][info][gc,marking  ] GC(220) Concurrent Scan Root Regions
[437.409s][info][gc,marking  ] GC(220) Concurrent Scan Root Regions 27.598ms
[437.409s][info][gc,marking  ] GC(220) Concurrent Mark
[437.411s][info][gc,marking  ] GC(220) Concurrent Mark From Roots
[437.412s][info][gc,task     ] GC(220) Using 3 workers of 3 for marking
[438.114s][info][gc,marking  ] GC(220) Concurrent Mark From Roots 703.177ms
[438.119s][info][gc,marking  ] GC(220) Concurrent Preclean
[438.121s][info][gc,marking  ] GC(220) Concurrent Preclean 1.356ms
[438.122s][info][gc,start    ] GC(220) Pause Remark
[438.145s][info][gc          ] GC(220) Pause Remark 807M->807M(1414M) 23.584ms
[438.146s][info][gc,cpu      ] GC(220) User=0.23s Sys=0.01s Real=0.02s
[438.147s][info][gc,marking  ] GC(220) Concurrent Mark 737.840ms
[438.151s][info][gc,marking  ] GC(220) Concurrent Rebuild Remembered Sets and Scrub Regions
[438.459s][info][gc,marking  ] GC(220) Concurrent Rebuild Remembered Sets and Scrub Regions 307.784ms
[438.460s][info][gc,start    ] GC(220) Pause Cleanup
[438.461s][info][gc          ] GC(220) Pause Cleanup 971M->971M(1414M) 0.981ms
[438.461s][info][gc,cpu      ] GC(220) User=0.00s Sys=0.00s Real=0.00s
[438.462s][info][gc,marking  ] GC(220) Concurrent Clear Claimed Marks
[438.471s][info][gc,marking  ] GC(220) Concurrent Clear Claimed Marks 8.478ms
[438.473s][info][gc,marking  ] GC(220) Concurrent Cleanup for Next Mark
[438.482s][info][gc,marking  ] GC(220) Concurrent Cleanup for Next Mark 8.298ms
[438.485s][info][gc          ] GC(220) Concurrent Mark Cycle 1104.931ms
[438.988s][info][gc,start    ] GC(221) Pause Young (Prepare Mixed) (G1 Evacuation Pause)
[438.988s][info][gc,task     ] GC(221) Using 13 workers of 13 for evacuation
[439.004s][info][gc,phases   ] GC(221)   Pre Evacuate Collection Set: 1.0ms
[439.004s][info][gc,phases   ] GC(221)   Merge Heap Roots: 0.9ms
[439.005s][info][gc,phases   ] GC(221)   Evacuate Collection Set: 10.2ms
[439.005s][info][gc,phases   ] GC(221)   Post Evacuate Collection Set: 2.8ms
[439.005s][info][gc,phases   ] GC(221)   Other: 0.8ms
[439.006s][info][gc,heap     ] GC(221) Eden regions: 410->0(411)
[439.006s][info][gc,heap     ] GC(221) Survivor regions: 14->13(53)
[439.006s][info][gc,heap     ] GC(221) Old regions: 194->194
[439.006s][info][gc,heap     ] GC(221) Humongous regions: 10->10
[439.006s][info][gc,metaspace] GC(221) Metaspace: 220134K(222976K)->220134K(222976K) NonClass: 193278K(194880K)->193278K(194880K) Class: 26856K(28096K)->26856K(28096K)
[439.007s][info][gc          ] GC(221) Pause Young (Prepare Mixed) (G1 Evacuation Pause) 1252M->431M(1414M) 18.945ms
[439.007s][info][gc,cpu      ] GC(221) User=0.13s Sys=0.01s Real=0.02s
[439.796s][info][gc,start    ] GC(222) Pause Young (Mixed) (G1 Evacuation Pause)
[439.797s][info][gc,task     ] GC(222) Using 13 workers of 13 for evacuation
[439.817s][info][gc,phases   ] GC(222)   Pre Evacuate Collection Set: 0.7ms
[439.817s][info][gc,phases   ] GC(222)   Merge Heap Roots: 0.5ms
[439.818s][info][gc,phases   ] GC(222)   Evacuate Collection Set: 16.2ms
[439.818s][info][gc,phases   ] GC(222)   Post Evacuate Collection Set: 2.4ms
[439.818s][info][gc,phases   ] GC(222)   Other: 0.4ms
[439.818s][info][gc,heap     ] GC(222) Eden regions: 411->0(408)
[439.818s][info][gc,heap     ] GC(222) Survivor regions: 13->16(53)
[439.819s][info][gc,heap     ] GC(222) Old regions: 194->192
[439.819s][info][gc,heap     ] GC(222) Humongous regions: 10->10
[439.819s][info][gc,metaspace] GC(222) Metaspace: 220134K(222976K)->220134K(222976K) NonClass: 193278K(194880K)->193278K(194880K) Class: 26856K(28096K)->26856K(28096K)
[439.820s][info][gc          ] GC(222) Pause Young (Mixed) (G1 Evacuation Pause) 1253M->432M(1414M) 23.312ms
[439.820s][info][gc,cpu      ] GC(222) User=0.21s Sys=0.00s Real=0.03s
[440.593s][info][gc,start    ] GC(223) Pause Young (Concurrent Start) (G1 Evacuation Pause)
[440.593s][info][gc,task     ] GC(223) Using 13 workers of 13 for evacuation
[440.611s][info][gc,phases   ] GC(223)   Pre Evacuate Collection Set: 0.6ms
[440.612s][info][gc,phases   ] GC(223)   Merge Heap Roots: 0.5ms
[440.612s][info][gc,phases   ] GC(223)   Evacuate Collection Set: 13.6ms
[440.612s][info][gc,phases   ] GC(223)   Post Evacuate Collection Set: 2.7ms
[440.612s][info][gc,phases   ] GC(223)   Other: 0.6ms
[440.613s][info][gc,heap     ] GC(223) Eden regions: 408->0(406)
[440.613s][info][gc,heap     ] GC(223) Survivor regions: 16->18(53)
[440.613s][info][gc,heap     ] GC(223) Old regions: 192->192
[440.613s][info][gc,heap     ] GC(223) Humongous regions: 10->10
[440.614s][info][gc,metaspace] GC(223) Metaspace: 220134K(222976K)->220134K(222976K) NonClass: 193278K(194880K)->193278K(194880K) Class: 26856K(28096K)->26856K(28096K)
[440.614s][info][gc          ] GC(223) Pause Young (Concurrent Start) (G1 Evacuation Pause) 1248M->436M(1414M) 21.330ms
[440.614s][info][gc          ] GC(224) Concurrent Mark Cycle
[440.614s][info][gc,cpu      ] GC(223) User=0.17s Sys=0.00s Real=0.02s
[440.615s][info][gc,marking  ] GC(224) Concurrent Scan Root Regions
[440.628s][info][gc,marking  ] GC(224) Concurrent Scan Root Regions 13.031ms
[440.628s][info][gc,marking  ] GC(224) Concurrent Mark
[440.629s][info][gc,marking  ] GC(224) Concurrent Mark From Roots
[440.630s][info][gc,task     ] GC(224) Using 3 workers of 3 for marking
[441.061s][info][gc,marking  ] GC(224) Concurrent Mark From Roots 431.721ms
[441.061s][info][gc,marking  ] GC(224) Concurrent Preclean
[441.062s][info][gc,marking  ] GC(224) Concurrent Preclean 1.059ms
[441.063s][info][gc,start    ] GC(224) Pause Remark
[441.078s][info][gc          ] GC(224) Pause Remark 808M->808M(1414M) 14.576ms
[441.078s][info][gc,cpu      ] GC(224) User=0.12s Sys=0.01s Real=0.01s
[441.079s][info][gc,marking  ] GC(224) Concurrent Mark 451.091ms
[441.083s][info][gc,marking  ] GC(224) Concurrent Rebuild Remembered Sets and Scrub Regions
[441.271s][info][gc,marking  ] GC(224) Concurrent Rebuild Remembered Sets and Scrub Regions 188.218ms
[441.273s][info][gc,start    ] GC(224) Pause Cleanup
[441.274s][info][gc          ] GC(224) Pause Cleanup 963M->963M(1414M) 0.952ms
[441.274s][info][gc,cpu      ] GC(224) User=0.01s Sys=0.00s Real=0.00s
[441.275s][info][gc,marking  ] GC(224) Concurrent Clear Claimed Marks
[441.280s][info][gc,marking  ] GC(224) Concurrent Clear Claimed Marks 4.722ms
[441.281s][info][gc,marking  ] GC(224) Concurrent Cleanup for Next Mark
[441.288s][info][gc,marking  ] GC(224) Concurrent Cleanup for Next Mark 7.252ms
[441.290s][info][gc          ] GC(224) Concurrent Mark Cycle 675.747ms
[441.554s][info][gc,start    ] GC(225) Pause Young (Prepare Mixed) (G1 Evacuation Pause)
[441.554s][info][gc,task     ] GC(225) Using 13 workers of 13 for evacuation
[441.569s][info][gc,phases   ] GC(225)   Pre Evacuate Collection Set: 0.6ms
[441.570s][info][gc,phases   ] GC(225)   Merge Heap Roots: 0.4ms
[441.571s][info][gc,phases   ] GC(225)   Evacuate Collection Set: 10.2ms
[441.571s][info][gc,phases   ] GC(225)   Post Evacuate Collection Set: 3.5ms
[441.571s][info][gc,phases   ] GC(225)   Other: 0.4ms
[441.572s][info][gc,heap     ] GC(225) Eden regions: 406->0(412)
[441.572s][info][gc,heap     ] GC(225) Survivor regions: 18->12(53)
[441.572s][info][gc,heap     ] GC(225) Old regions: 192->194
[441.572s][info][gc,heap     ] GC(225) Humongous regions: 10->10
[441.573s][info][gc,metaspace] GC(225) Metaspace: 220134K(222976K)->220134K(222976K) NonClass: 193278K(194880K)->193278K(194880K) Class: 26856K(28096K)->26856K(28096K)
[441.573s][info][gc          ] GC(225) Pause Young (Prepare Mixed) (G1 Evacuation Pause) 1248M->429M(1414M) 18.875ms
[441.573s][info][gc,cpu      ] GC(225) User=0.13s Sys=0.01s Real=0.02s
[442.346s][info][gc,start    ] GC(226) Pause Young (Mixed) (G1 Evacuation Pause)
[442.347s][info][gc,task     ] GC(226) Using 13 workers of 13 for evacuation
[442.367s][info][gc,phases   ] GC(226)   Pre Evacuate Collection Set: 0.6ms
[442.368s][info][gc,phases   ] GC(226)   Merge Heap Roots: 0.3ms
[442.368s][info][gc,phases   ] GC(226)   Evacuate Collection Set: 15.8ms
[442.368s][info][gc,phases   ] GC(226)   Post Evacuate Collection Set: 3.0ms
[442.369s][info][gc,phases   ] GC(226)   Other: 0.5ms
[442.369s][info][gc,heap     ] GC(226) Eden regions: 412->0(401)
[442.369s][info][gc,heap     ] GC(226) Survivor regions: 12->23(53)
[442.370s][info][gc,heap     ] GC(226) Old regions: 194->193
[442.370s][info][gc,heap     ] GC(226) Humongous regions: 10->10
[442.370s][info][gc,metaspace] GC(226) Metaspace: 220134K(222976K)->220134K(222976K) NonClass: 193278K(194880K)->193278K(194880K) Class: 26856K(28096K)->26856K(28096K)
[442.370s][info][gc          ] GC(226) Pause Young (Mixed) (G1 Evacuation Pause) 1253M->449M(1414M) 24.097ms
[442.371s][info][gc,cpu      ] GC(226) User=0.20s Sys=0.00s Real=0.02s
[443.134s][info][gc,start    ] GC(227) Pause Young (Concurrent Start) (G1 Evacuation Pause)
[443.134s][info][gc,task     ] GC(227) Using 13 workers of 13 for evacuation
[443.148s][info][gc,phases   ] GC(227)   Pre Evacuate Collection Set: 1.2ms
[443.148s][info][gc,phases   ] GC(227)   Merge Heap Roots: 0.5ms
[443.148s][info][gc,phases   ] GC(227)   Evacuate Collection Set: 8.5ms
[443.149s][info][gc,phases   ] GC(227)   Post Evacuate Collection Set: 2.5ms
[443.149s][info][gc,phases   ] GC(227)   Other: 0.6ms
[443.149s][info][gc,heap     ] GC(227) Eden regions: 401->0(411)
[443.149s][info][gc,heap     ] GC(227) Survivor regions: 23->13(53)
[443.150s][info][gc,heap     ] GC(227) Old regions: 193->193
[443.150s][info][gc,heap     ] GC(227) Humongous regions: 10->10
[443.150s][info][gc,metaspace] GC(227) Metaspace: 220134K(222976K)->220134K(222976K) NonClass: 193278K(194880K)->193278K(194880K) Class: 26856K(28096K)->26856K(28096K)
[443.150s][info][gc          ] GC(227) Pause Young (Concurrent Start) (G1 Evacuation Pause) 1251M->430M(1414M) 16.340ms
[443.151s][info][gc          ] GC(228) Concurrent Mark Cycle
[443.151s][info][gc,marking  ] GC(228) Concurrent Scan Root Regions
[443.151s][info][gc,cpu      ] GC(227) User=0.10s Sys=0.01s Real=0.01s
[443.158s][info][gc,marking  ] GC(228) Concurrent Scan Root Regions 7.018ms
[443.158s][info][gc,marking  ] GC(228) Concurrent Mark
[443.159s][info][gc,marking  ] GC(228) Concurrent Mark From Roots
[443.163s][info][gc,task     ] GC(228) Using 3 workers of 3 for marking
[443.518s][info][gc,marking  ] GC(228) Concurrent Mark From Roots 358.974ms
[443.519s][info][gc,marking  ] GC(228) Concurrent Preclean
[443.520s][info][gc,marking  ] GC(228) Concurrent Preclean 1.639ms
[443.522s][info][gc,start    ] GC(228) Pause Remark
[443.535s][info][gc          ] GC(228) Pause Remark 758M->718M(1314M) 13.509ms
[443.536s][info][gc,cpu      ] GC(228) User=0.08s Sys=0.02s Real=0.01s
[443.537s][info][gc,marking  ] GC(228) Concurrent Mark 378.730ms
[443.539s][info][gc,marking  ] GC(228) Concurrent Rebuild Remembered Sets and Scrub Regions
[443.683s][info][gc,marking  ] GC(228) Concurrent Rebuild Remembered Sets and Scrub Regions 144.144ms
[443.684s][info][gc,start    ] GC(228) Pause Cleanup
[443.686s][info][gc          ] GC(228) Pause Cleanup 809M->809M(1314M) 1.191ms
[443.686s][info][gc,cpu      ] GC(228) User=0.00s Sys=0.00s Real=0.00s
[443.687s][info][gc,marking  ] GC(228) Concurrent Clear Claimed Marks
[443.688s][info][gc,marking  ] GC(228) Concurrent Clear Claimed Marks 1.228ms
[443.689s][info][gc,marking  ] GC(228) Concurrent Cleanup for Next Mark
[443.696s][info][gc,marking  ] GC(228) Concurrent Cleanup for Next Mark 7.139ms
[443.698s][info][gc          ] GC(228) Concurrent Mark Cycle 546.967ms
[444.690s][info][gc,start    ] GC(229) Pause Young (Prepare Mixed) (G1 Evacuation Pause)
[444.690s][info][gc,task     ] GC(229) Using 13 workers of 13 for evacuation
[444.705s][info][gc,phases   ] GC(229)   Pre Evacuate Collection Set: 0.6ms
[444.705s][info][gc,phases   ] GC(229)   Merge Heap Roots: 0.5ms
[444.706s][info][gc,phases   ] GC(229)   Evacuate Collection Set: 9.9ms
[444.706s][info][gc,phases   ] GC(229)   Post Evacuate Collection Set: 3.0ms
[444.706s][info][gc,phases   ] GC(229)   Other: 0.4ms
[444.707s][info][gc,heap     ] GC(229) Eden regions: 381->0(381)
[444.707s][info][gc,heap     ] GC(229) Survivor regions: 13->13(50)
[444.707s][info][gc,heap     ] GC(229) Old regions: 175->176
[444.708s][info][gc,heap     ] GC(229) Humongous regions: 14->10
[444.708s][info][gc,metaspace] GC(229) Metaspace: 220294K(223104K)->220294K(223104K) NonClass: 193430K(195008K)->193430K(195008K) Class: 26863K(28096K)->26863K(28096K)
[444.708s][info][gc          ] GC(229) Pause Young (Prepare Mixed) (G1 Evacuation Pause) 1164M->394M(1314M) 18.463ms
[444.708s][info][gc,cpu      ] GC(229) User=0.13s Sys=0.00s Real=0.02s
[450.246s][info][gc,start    ] GC(230) Pause Young (Mixed) (G1 Evacuation Pause)
[450.246s][info][gc,task     ] GC(230) Using 13 workers of 13 for evacuation
[450.277s][info][gc,phases   ] GC(230)   Pre Evacuate Collection Set: 0.9ms
[450.277s][info][gc,phases   ] GC(230)   Merge Heap Roots: 0.6ms
[450.278s][info][gc,phases   ] GC(230)   Evacuate Collection Set: 23.9ms
[450.278s][info][gc,phases   ] GC(230)   Post Evacuate Collection Set: 4.7ms
[450.278s][info][gc,phases   ] GC(230)   Other: 0.3ms
[450.278s][info][gc,heap     ] GC(230) Eden regions: 381->0(365)
[450.279s][info][gc,heap     ] GC(230) Survivor regions: 13->29(50)
[450.279s][info][gc,heap     ] GC(230) Old regions: 176->172
[450.279s][info][gc,heap     ] GC(230) Humongous regions: 30->8
[450.280s][info][gc,metaspace] GC(230) Metaspace: 241462K(244480K)->241462K(244480K) NonClass: 211577K(213248K)->211577K(213248K) Class: 29884K(31232K)->29884K(31232K)
[450.280s][info][gc          ] GC(230) Pause Young (Mixed) (G1 Evacuation Pause) 1196M->413M(1314M) 33.707ms
[450.280s][info][gc,cpu      ] GC(230) User=0.32s Sys=0.00s Real=0.04s
[494.981s][info][gc,start    ] GC(231) Pause Young (Concurrent Start) (G1 Evacuation Pause)
[494.981s][info][gc,task     ] GC(231) Using 13 workers of 13 for evacuation
[495.399s][info][gc,mmu      ] GC(231) MMU target violated: 201.0ms (200.0ms/201.0ms)
[495.399s][info][gc,phases   ] GC(231)   Pre Evacuate Collection Set: 0.7ms
[495.399s][info][gc,phases   ] GC(231)   Merge Heap Roots: 0.4ms
[495.399s][info][gc,phases   ] GC(231)   Evacuate Collection Set: 411.2ms
[495.399s][info][gc,phases   ] GC(231)   Post Evacuate Collection Set: 4.7ms
[495.400s][info][gc,phases   ] GC(231)   Other: 0.8ms
[495.400s][info][gc,heap     ] GC(231) Eden regions: 365->0(235)
[495.400s][info][gc,heap     ] GC(231) Survivor regions: 29->50(50)
[495.400s][info][gc,heap     ] GC(231) Old regions: 172->345
[495.400s][info][gc,heap     ] GC(231) Humongous regions: 8->8
[495.401s][info][gc,metaspace] GC(231) Metaspace: 254438K(257408K)->254438K(257408K) NonClass: 222106K(223744K)->222106K(223744K) Class: 32332K(33664K)->32332K(33664K)
[495.401s][info][gc          ] GC(231) Pause Young (Concurrent Start) (G1 Evacuation Pause) 1143M->804M(1594M) 420.047ms
[495.401s][info][gc,cpu      ] GC(231) User=2.32s Sys=1.98s Real=0.42s
[495.401s][info][gc          ] GC(232) Concurrent Mark Cycle
[495.402s][info][gc,marking  ] GC(232) Concurrent Scan Root Regions
[495.543s][info][gc,marking  ] GC(232) Concurrent Scan Root Regions 140.535ms
[495.543s][info][gc,marking  ] GC(232) Concurrent Mark
[495.543s][info][gc,marking  ] GC(232) Concurrent Mark From Roots
[495.544s][info][gc,task     ] GC(232) Using 3 workers of 3 for marking
[495.679s][info][gc,marking  ] GC(232) Concurrent Mark From Roots 135.191ms
[495.679s][info][gc,marking  ] GC(232) Concurrent Preclean
[495.680s][info][gc,marking  ] GC(232) Concurrent Preclean 0.947ms
[495.681s][info][gc,start    ] GC(232) Pause Remark
[495.697s][info][gc          ] GC(232) Pause Remark 815M->815M(1594M) 15.934ms
[495.697s][info][gc,cpu      ] GC(232) User=0.13s Sys=0.00s Real=0.01s
[495.697s][info][gc,marking  ] GC(232) Concurrent Mark 154.243ms
[495.698s][info][gc,marking  ] GC(232) Concurrent Rebuild Remembered Sets and Scrub Regions
[495.875s][info][gc,marking  ] GC(232) Concurrent Rebuild Remembered Sets and Scrub Regions 177.409ms
[495.876s][info][gc,start    ] GC(232) Pause Cleanup
[495.877s][info][gc          ] GC(232) Pause Cleanup 815M->815M(1594M) 1.040ms
[495.877s][info][gc,cpu      ] GC(232) User=0.01s Sys=0.00s Real=0.00s
[495.878s][info][gc,marking  ] GC(232) Concurrent Clear Claimed Marks
[495.878s][info][gc,marking  ] GC(232) Concurrent Clear Claimed Marks 0.736ms
[495.879s][info][gc,marking  ] GC(232) Concurrent Cleanup for Next Mark
[495.884s][info][gc,marking  ] GC(232) Concurrent Cleanup for Next Mark 5.206ms
[495.884s][info][gc          ] GC(232) Concurrent Mark Cycle 483.378ms
[530.956s][info][gc,start    ] GC(233) Pause Young (Prepare Mixed) (G1 Evacuation Pause)
[530.956s][info][gc,task     ] GC(233) Using 13 workers of 13 for evacuation
[531.063s][info][gc,phases   ] GC(233)   Pre Evacuate Collection Set: 0.8ms
[531.064s][info][gc,phases   ] GC(233)   Merge Heap Roots: 0.7ms
[531.064s][info][gc,phases   ] GC(233)   Evacuate Collection Set: 91.2ms
[531.065s][info][gc,phases   ] GC(233)   Post Evacuate Collection Set: 14.0ms
[531.065s][info][gc,phases   ] GC(233)   Other: 0.5ms
[531.066s][info][gc,heap     ] GC(233) Eden regions: 235->0(218)
[531.066s][info][gc,heap     ] GC(233) Survivor regions: 50->32(36)
[531.066s][info][gc,heap     ] GC(233) Old regions: 345->396
[531.067s][info][gc,heap     ] GC(233) Humongous regions: 20->18
[531.067s][info][gc,metaspace] GC(233) Metaspace: 269639K(273216K)->269639K(273216K) NonClass: 235276K(237248K)->235276K(237248K) Class: 34362K(35968K)->34362K(35968K)
[531.068s][info][gc          ] GC(233) Pause Young (Prepare Mixed) (G1 Evacuation Pause) 1298M->890M(1594M) 111.960ms
[531.068s][info][gc,cpu      ] GC(233) User=1.21s Sys=0.03s Real=0.11s
[608.868s][info][gc,start    ] GC(234) Pause Young (Mixed) (G1 Evacuation Pause)
[608.869s][info][gc,task     ] GC(234) Using 13 workers of 13 for evacuation
[608.913s][info][gc,phases   ] GC(234)   Pre Evacuate Collection Set: 0.9ms
[608.913s][info][gc,phases   ] GC(234)   Merge Heap Roots: 0.5ms
[608.913s][info][gc,phases   ] GC(234)   Evacuate Collection Set: 37.5ms
[608.913s][info][gc,phases   ] GC(234)   Post Evacuate Collection Set: 4.3ms
[608.914s][info][gc,phases   ] GC(234)   Other: 0.6ms
[608.914s][info][gc,heap     ] GC(234) Eden regions: 218->0(231)
[608.914s][info][gc,heap     ] GC(234) Survivor regions: 32->7(32)
[608.915s][info][gc,heap     ] GC(234) Old regions: 396->424
[608.915s][info][gc,heap     ] GC(234) Humongous regions: 26->18
[608.915s][info][gc,metaspace] GC(234) Metaspace: 271401K(275072K)->271401K(275072K) NonClass: 236769K(238784K)->236769K(238784K) Class: 34631K(36288K)->34631K(36288K)
[608.916s][info][gc          ] GC(234) Pause Young (Mixed) (G1 Evacuation Pause) 1342M->894M(1594M) 47.374ms
[608.916s][info][gc,cpu      ] GC(234) User=0.47s Sys=0.03s Real=0.05s
[610.416s][info][gc,start    ] GC(235) Pause Young (Concurrent Start) (G1 Humongous Allocation)
[610.417s][info][gc,task     ] GC(235) Using 13 workers of 13 for evacuation
[610.427s][info][gc,phases   ] GC(235)   Pre Evacuate Collection Set: 0.9ms
[610.427s][info][gc,phases   ] GC(235)   Merge Heap Roots: 0.3ms
[610.427s][info][gc,phases   ] GC(235)   Evacuate Collection Set: 6.8ms
[610.428s][info][gc,phases   ] GC(235)   Post Evacuate Collection Set: 1.7ms
[610.428s][info][gc,phases   ] GC(235)   Other: 0.4ms
[610.428s][info][gc,heap     ] GC(235) Eden regions: 16->0(243)
[610.428s][info][gc,heap     ] GC(235) Survivor regions: 7->5(30)
[610.429s][info][gc,heap     ] GC(235) Old regions: 424->424
[610.429s][info][gc,heap     ] GC(235) Humongous regions: 18->18
[610.429s][info][gc,metaspace] GC(235) Metaspace: 272109K(275776K)->272109K(275776K) NonClass: 237408K(239424K)->237408K(239424K) Class: 34701K(36352K)->34701K(36352K)
[610.429s][info][gc          ] GC(235) Pause Young (Concurrent Start) (G1 Humongous Allocation) 924M->890M(1594M) 13.114ms
[610.430s][info][gc,cpu      ] GC(235) User=0.06s Sys=0.00s Real=0.01s
[610.430s][info][gc          ] GC(236) Concurrent Mark Cycle
[610.431s][info][gc,marking  ] GC(236) Concurrent Scan Root Regions
[610.439s][info][gc,marking  ] GC(236) Concurrent Scan Root Regions 8.660ms
[610.440s][info][gc,marking  ] GC(236) Concurrent Mark
[610.440s][info][gc,marking  ] GC(236) Concurrent Mark From Roots
[610.441s][info][gc,task     ] GC(236) Using 3 workers of 3 for marking
[610.977s][info][gc,marking  ] GC(236) Concurrent Mark From Roots 536.741ms
[610.977s][info][gc,marking  ] GC(236) Concurrent Preclean
[610.979s][info][gc,marking  ] GC(236) Concurrent Preclean 1.268ms
[610.979s][info][gc,start    ] GC(236) Pause Remark
[611.019s][info][gc          ] GC(236) Pause Remark 985M->935M(1594M) 39.935ms
[611.020s][info][gc,cpu      ] GC(236) User=0.38s Sys=0.01s Real=0.04s
[611.021s][info][gc,marking  ] GC(236) Concurrent Mark 581.334ms
[611.023s][info][gc,marking  ] GC(236) Concurrent Rebuild Remembered Sets and Scrub Regions
[611.294s][info][gc,marking  ] GC(236) Concurrent Rebuild Remembered Sets and Scrub Regions 271.142ms
[611.295s][info][gc,start    ] GC(236) Pause Cleanup
[611.297s][info][gc          ] GC(236) Pause Cleanup 971M->971M(1594M) 1.222ms
[611.297s][info][gc,cpu      ] GC(236) User=0.01s Sys=0.00s Real=0.00s
[611.297s][info][gc,marking  ] GC(236) Concurrent Clear Claimed Marks
[611.298s][info][gc,marking  ] GC(236) Concurrent Clear Claimed Marks 0.806ms
[611.298s][info][gc,marking  ] GC(236) Concurrent Cleanup for Next Mark
[611.303s][info][gc,marking  ] GC(236) Concurrent Cleanup for Next Mark 4.909ms
[611.304s][info][gc          ] GC(236) Concurrent Mark Cycle 873.968ms
[635.383s][info][gc,start    ] GC(237) Pause Young (Prepare Mixed) (G1 Evacuation Pause)
[635.384s][info][gc,task     ] GC(237) Using 13 workers of 13 for evacuation
[635.398s][info][gc,phases   ] GC(237)   Pre Evacuate Collection Set: 0.7ms
[635.398s][info][gc,phases   ] GC(237)   Merge Heap Roots: 0.4ms
[635.398s][info][gc,phases   ] GC(237)   Evacuate Collection Set: 7.4ms
[635.399s][info][gc,phases   ] GC(237)   Post Evacuate Collection Set: 5.1ms
[635.399s][info][gc,phases   ] GC(237)   Other: 0.4ms
[635.399s][info][gc,heap     ] GC(237) Eden regions: 243->0(270)
[635.399s][info][gc,heap     ] GC(237) Survivor regions: 5->7(31)
[635.400s][info][gc,heap     ] GC(237) Old regions: 409->409
[635.400s][info][gc,heap     ] GC(237) Humongous regions: 11->9
[635.400s][info][gc,metaspace] GC(237) Metaspace: 275352K(278912K)->275352K(278912K) NonClass: 240337K(242304K)->240337K(242304K) Class: 35014K(36608K)->35014K(36608K)
[635.401s][info][gc          ] GC(237) Pause Young (Prepare Mixed) (G1 Evacuation Pause) 1332M->847M(1594M) 17.450ms
[635.401s][info][gc,cpu      ] GC(237) User=0.12s Sys=0.01s Real=0.02s
[710.109s][info][gc,start    ] GC(238) Pause Young (Mixed) (G1 Evacuation Pause)
[710.109s][info][gc,task     ] GC(238) Using 13 workers of 13 for evacuation
[710.134s][info][gc,phases   ] GC(238)   Pre Evacuate Collection Set: 1.2ms
[710.134s][info][gc,phases   ] GC(238)   Merge Heap Roots: 0.5ms
[710.134s][info][gc,phases   ] GC(238)   Evacuate Collection Set: 16.4ms
[710.135s][info][gc,phases   ] GC(238)   Post Evacuate Collection Set: 5.9ms
[710.135s][info][gc,phases   ] GC(238)   Other: 0.4ms
[710.135s][info][gc,heap     ] GC(238) Eden regions: 270->0(293)
[710.135s][info][gc,heap     ] GC(238) Survivor regions: 7->8(35)
[710.135s][info][gc,heap     ] GC(238) Old regions: 409->391
[710.136s][info][gc,heap     ] GC(238) Humongous regions: 9->9
[710.136s][info][gc,metaspace] GC(238) Metaspace: 275411K(278976K)->275411K(278976K) NonClass: 240394K(242368K)->240394K(242368K) Class: 35017K(36608K)->35017K(36608K)
[710.136s][info][gc          ] GC(238) Pause Young (Mixed) (G1 Evacuation Pause) 1387M->814M(1594M) 27.388ms
[710.136s][info][gc,cpu      ] GC(238) User=0.21s Sys=0.02s Real=0.03s
[732.169s][info][gc,start    ] GC(239) Pause Young (Concurrent Start) (G1 Humongous Allocation)
[732.169s][info][gc,task     ] GC(239) Using 13 workers of 13 for evacuation
[732.182s][info][gc,phases   ] GC(239)   Pre Evacuate Collection Set: 1.4ms
[732.182s][info][gc,phases   ] GC(239)   Merge Heap Roots: 0.4ms
[732.182s][info][gc,phases   ] GC(239)   Evacuate Collection Set: 7.4ms
[732.182s][info][gc,phases   ] GC(239)   Post Evacuate Collection Set: 2.3ms
[732.183s][info][gc,phases   ] GC(239)   Other: 0.8ms
[732.183s][info][gc,heap     ] GC(239) Eden regions: 72->0(302)
[732.184s][info][gc,heap     ] GC(239) Survivor regions: 8->8(38)
[732.184s][info][gc,heap     ] GC(239) Old regions: 391->391
[732.184s][info][gc,heap     ] GC(239) Humongous regions: 9->9
[732.184s][info][gc,metaspace] GC(239) Metaspace: 275434K(279040K)->275434K(279040K) NonClass: 240414K(242432K)->240414K(242432K) Class: 35019K(36608K)->35019K(36608K)
[732.185s][info][gc          ] GC(239) Pause Young (Concurrent Start) (G1 Humongous Allocation) 957M->813M(1594M) 15.989ms
[732.185s][info][gc          ] GC(240) Concurrent Mark Cycle
[732.185s][info][gc,cpu      ] GC(239) User=0.08s Sys=0.01s Real=0.02s
[732.185s][info][gc,marking  ] GC(240) Concurrent Scan Root Regions
[732.191s][info][gc,marking  ] GC(240) Concurrent Scan Root Regions 5.416ms
[732.191s][info][gc,marking  ] GC(240) Concurrent Mark
[732.191s][info][gc,marking  ] GC(240) Concurrent Mark From Roots
[732.192s][info][gc,task     ] GC(240) Using 3 workers of 3 for marking
[732.470s][info][gc,marking  ] GC(240) Concurrent Mark From Roots 278.530ms
[732.470s][info][gc,marking  ] GC(240) Concurrent Preclean
[732.471s][info][gc,marking  ] GC(240) Concurrent Preclean 0.985ms
[732.472s][info][gc,start    ] GC(240) Pause Remark
[732.502s][info][gc          ] GC(240) Pause Remark 825M->825M(1594M) 30.721ms
[732.503s][info][gc,cpu      ] GC(240) User=0.19s Sys=0.01s Real=0.03s
[732.503s][info][gc,marking  ] GC(240) Concurrent Mark 312.549ms
[732.504s][info][gc,marking  ] GC(240) Concurrent Rebuild Remembered Sets and Scrub Regions
[732.708s][info][gc,marking  ] GC(240) Concurrent Rebuild Remembered Sets and Scrub Regions 204.380ms
[732.709s][info][gc,start    ] GC(240) Pause Cleanup
[732.709s][info][gc          ] GC(240) Pause Cleanup 827M->827M(1594M) 0.808ms
[732.710s][info][gc,cpu      ] GC(240) User=0.00s Sys=0.00s Real=0.00s
[732.710s][info][gc,marking  ] GC(240) Concurrent Clear Claimed Marks
[732.711s][info][gc,marking  ] GC(240) Concurrent Clear Claimed Marks 0.812ms
[732.711s][info][gc,marking  ] GC(240) Concurrent Cleanup for Next Mark
[732.715s][info][gc,marking  ] GC(240) Concurrent Cleanup for Next Mark 4.049ms
[732.716s][info][gc          ] GC(240) Concurrent Mark Cycle 531.216ms
[877.127s][info][gc,heap,exit] Heap
[877.128s][info][gc,heap,exit]  garbage-first heap   total 1632256K, used 1371589K [0x000000070b200000, 0x0000000800000000)
[877.129s][info][gc,heap,exit]   region size 2048K, 267 young (546816K), 8 survivors (16384K)
[877.129s][info][gc,heap,exit]  Metaspace       used 279496K, committed 283200K, reserved 1310720K
[877.129s][info][gc,heap,exit]   class space    used 35563K, committed 37184K, reserved 1048576K
